
> gathering-of-heroes-calculator@0.0.0 test
> vitest


[1m[44m DEV [49m[22m [34mv4.0.18 [39m[90mC:/Users/Dibey/Documents/gathering-of-heroes-calculator[39m

 [32mÔ£ô[39m src/test/SpeedupCalculator.test.tsx [2m([22m[2m6 tests[22m[2m)[22m[32m 240[2mms[22m[39m
 [32mÔ£ô[39m src/test/SpeedupInputs.test.tsx [2m([22m[2m7 tests[22m[2m)[22m[33m 323[2mms[22m[39m
 [31mÔØ»[39m src/test/GemsInput.test.tsx [2m([22m[2m6 tests[22m[2m | [22m[31m1 failed[39m[2m)[22m[32m 289[2mms[22m[39m
[31m     [31m├ù[31m renders gem input with correct labels[39m[32m 137[2mms[22m[39m
     [32mÔ£ô[39m updates store when gems value changes[32m 78[2mms[22m[39m
     [32mÔ£ô[39m does not show volume yield when gems is zero[32m 17[2mms[22m[39m
     [32mÔ£ô[39m displays correct token calculation for 2000 gems[32m 19[2mms[22m[39m
     [32mÔ£ô[39m displays correct token calculation for 10000 gems[32m 19[2mms[22m[39m
     [32mÔ£ô[39m floors partial gem groups[32m 13[2mms[22m[39m
 [32mÔ£ô[39m src/test/ChallengeMissionButton.test.tsx [2m([22m[2m4 tests[22m[2m)[22m[33m 669[2mms[22m[39m
     [33m[2mÔ£ô[22m[39m shows inactive state when mission is not completed [33m 382[2mms[22m[39m
 [31mÔØ»[39m src/test/MissionsGrid.test.tsx [2m([22m[2m6 tests[22m[2m | [22m[31m1 failed[39m[2m)[22m[33m 710[2mms[22m[39m
     [32mÔ£ô[39m renders all three mission cards[32m 198[2mms[22m[39m
     [32mÔ£ô[39m renders daily card with missions[32m 111[2mms[22m[39m
     [32mÔ£ô[39m renders all challenge mission buttons[32m 109[2mms[22m[39m
     [32mÔ£ô[39m renders repeatable card inputs[32m 95[2mms[22m[39m
     [32mÔ£ô[39m displays correct initial totals[32m 84[2mms[22m[39m
[31m     [31m├ù[31m displays training calculator only for troop power mission[39m[32m 108[2mms[22m[39m
 [32mÔ£ô[39m src/test/App.test.tsx [2m([22m[2m2 tests[22m[2m)[22m[33m 1305[2mms[22m[39m
     [33m[2mÔ£ô[22m[39m renders the header [33m 1062[2mms[22m[39m
 [32mÔ£ô[39m src/test/use-calculator-store.test.ts [2m([22m[2m6 tests[22m[2m)[22m[32m 14[2mms[22m[39m
 [32mÔ£ô[39m src/test/utils.test.ts [2m([22m[2m8 tests[22m[2m)[22m[32m 8[2mms[22m[39m
 [32mÔ£ô[39m src/test/ChallengeTotal.test.tsx [2m([22m[2m4 tests[22m[2m)[22m[32m 70[2mms[22m[39m
 [32mÔ£ô[39m src/test/DailyCard.test.tsx [2m([22m[2m5 tests[22m[2m)[22m[32m 117[2mms[22m[39m
node.exe : 
At C:\Program Files\nodejs\npm.ps1:29 
char:3
+   & $NODE_EXE $NPM_CLI_JS $args
+   ~~~~~~~~~~~~~~~~~~~~~~~~~~~~~
    + CategoryInfo          : NotSpecifi 
   ed: (:String) [], RemoteException
    + FullyQualifiedErrorId : NativeComm 
   andError
 
[31mÔÄ»ÔÄ»ÔÄ»ÔÄ»ÔÄ»ÔÄ»ÔÄ»[39m[1m[41m 
Failed Tests 2 
[49m[22m[31mÔÄ»ÔÄ»ÔÄ»ÔÄ»ÔÄ»ÔÄ»ÔÄ»[39m

[41m[1m FAIL [22m[49m 
src/test/GemsInput.test.tsx[2m > 
[22mGemsInput Component[2m > 
[22mrenders gem input with correct 
labels
[31m[1mTestingLibraryElementError[22m:
 Unable to find an element with the 
text: Total Gems Spent. This could be 
because the text is broken up by 
multiple elements. In this case, you can 
provide a function for your text matcher 
to make your matcher more flexible.

Ignored nodes: comments, script, style
[36m<body>[31m
  [36m<div>[31m
    [36m<div[31m
      
[33mclass[31m=[32m"space-y-2"[31m
    [36m>[31m
      [36m<div[31m
        [33mclass[31m=[32m"flex 
justify-between items-center px-1"[31m
      [36m>[31m
        [36m<label[31m
          [33mclass[31m=[32m"peer-disa
bled:cursor-not-allowed 
peer-disabled:opacity-70 text-[10px] 
font-black text-neutral-400 uppercase 
tracking-widest"[31m
        [36m>[31m
          [0mGems Tracker[0m
        [36m</label>[31m
        [36m<span[31m
          
[33mclass[31m=[32m"text-[10px] 
font-bold text-yellow-500/60 
uppercase"[31m
        [36m>[31m
          [0m30 Per 2k[0m
        [36m</span>[31m
      [36m</div>[31m
      [36m<div[31m
        
[33mclass[31m=[32m"relative"[31m
      [36m>[31m
        [36m<svg[31m
          
[33maria-hidden[31m=[32m"true"[31m
          [33mclass[31m=[32m"lucide 
lucide-coins absolute left-3 top-1/2 
-translate-y-1/2 w-4 h-4 
text-neutral-600"[31m
          [33mfill[31m=[32m"none"[31m
          [33mheight[31m=[32m"24"[31m
          
[33mstroke[31m=[32m"currentColor"[31m
          [33mstroke-linecap[31m=[32m"
round"[31m
          [33mstroke-linejoin[31m=[32m
"round"[31m
          
[33mstroke-width[31m=[32m"2"[31m
          [33mviewBox[31m=[32m"0 0 24 
24"[31m
          [33mwidth[31m=[32m"24"[31m
          [33mxmlns[31m=[32m"http://ww
w.w3.org/2000/svg"[31m
        [36m>[31m
          [36m<circle[31m
            [33mcx[31m=[32m"8"[31m
            [33mcy[31m=[32m"8"[31m
            [33mr[31m=[32m"6"[31m
          [36m/>[31m
          [36m<path[31m
            [33md[31m=[32m"M18.09 
10.37A6 6 0 1 1 10.34 18"[31m
          [36m/>[31m
          [36m<path[31m
            [33md[31m=[32m"M7 
6h1v4"[31m
          [36m/>[31m
          [36m<path[31m
            [33md[31m=[32m"m16.71 
13.88.7.71-2.82 2.82"[31m
          [36m/>[31m
        [36m</svg>[31m
        [36m<input[31m
          [33mclass[31m=[32m"flex 
w-full rounded-md border px-3 py-2 
ring-offset-black file:border-0 
file:bg-transparent file:text-sm 
file:font-medium 
placeholder:text-neutral-500 
focus-visible:outline-none 
focus-visible:ring-2 
focus-visible:border-yellow-500/50 
transition-all 
disabled:cursor-not-allowed 
disabled:opacity-50 h-10 pl-10 
bg-black/40 border-white/5 text-sm 
font-mono 
focus-visible:ring-yellow-500/20"[31m
          
[33mplaceholder[31m=[32m"Total Gems 
to spend..."[31m
          [33mtype[31m=[32m"text"[31m
          [33mvalue[31m=[32m""[31m
        [36m/>[31m
      [36m</div>[31m
    [36m</div>[31m
  [36m</div>[31m
[36m</body>[31m[39m
[90m [2mÔØ»[22m 
Object.getElementError node_modules/.pnpm
/@testing-library+dom@10.4.1/node_modules
/@testing-library/dom/dist/config.js:[2m
37:19[22m[39m
[90m [2mÔØ»[22m node_modules/.pnpm/@te
sting-library+dom@10.4.1/node_modules/@te
sting-library/dom/dist/query-helpers.js:
[2m76:38[22m[39m
[90m [2mÔØ»[22m node_modules/.pnpm/@te
sting-library+dom@10.4.1/node_modules/@te
sting-library/dom/dist/query-helpers.js:
[2m52:17[22m[39m
[90m [2mÔØ»[22m getByText node_modules
/.pnpm/@testing-library+dom@10.4.1/node_m
odules/@testing-library/dom/dist/query-he
lpers.js:[2m95:19[22m[39m
[36m [2mÔØ»[22m src/test/GemsInput.tes
t.tsx:[2m30:23[22m[39m
    [90m 28| [39m    
[34mit[39m([32m'renders gem input 
with correct labels'[39m[33m,[39m () 
[33m=>[39m {
    [90m 29| [39m        [34mrender[3
9m([33m<[39m[33mGemsInput[39m 
[33m/[39m[33m>[39m)[33m;[39m
    [90m 30| [39m        
expect(screen.getByText('Total Gems 
Spent')).toBeInTheDocumentÔÇª
    [90m   | [39m                      
[31m^[39m
    [90m 31| [39m        [34mexpect[3
9m(screen[33m.[39m[34mgetByText[39m(
[32m'30 Per 2k'[39m))[33m.[39m[34mtoB
eInTheDocument[39m()[33m;[39m
    [90m 32| [39m        expect(screen.
getByPlaceholderText('Total Gems to 
spend...')).ÔÇª

[31m[2mÔÄ»ÔÄ»ÔÄ»ÔÄ»ÔÄ»ÔÄ»ÔÄ»ÔÄ»ÔÄ»ÔÄ»ÔÄ
»ÔÄ»ÔÄ»ÔÄ»ÔÄ»ÔÄ»ÔÄ»ÔÄ»ÔÄ»ÔÄ»ÔÄ»ÔÄ»ÔÄ»ÔÄ»[
1/2]ÔÄ»[22m[39m

[41m[1m FAIL [22m[49m 
src/test/MissionsGrid.test.tsx[2m > 
[22mMissionsGrid Integration Tests[2m 
> [22mdisplays training calculator only 
for troop power mission
[31m[1mTestingLibraryElementError[22m
[39m: Unable to find an element with the 
text: Training Calculator Ôåù. This 
could be because the text is broken up 
by multiple elements. In this case, you 
can provide a function for your text 
matcher to make your matcher more 
flexible.

Ignored nodes: comments, script, style
[36m<body>[39m
  [36m<div>[39m
    [36m<div[39m
      [33mclass[39m=[32m"grid 
grid-cols-1 md:grid-cols-2 
lg:grid-cols-3 gap-6"[39m
    [36m>[39m
      [36m<div[39m
        [33mclass[39m=[32m"rounded-xl 
border text-neutral-50 flex flex-col 
border-white/5 bg-white/2 
shadow-[0_8px_32px_rgba(0,0,0,0.4)] 
backdrop-blur-xl"[39m
      [36m>[39m
        [36m<div[39m
          [33mclass[39m=[32m"flex 
flex-col space-y-1.5 p-6 bg-blue-500/5 
pb-4 border-b border-white/5"[39m
        [36m>[39m
          [36m<div[39m
            [33mclass[39m=[32m"flex 
items-center gap-3"[39m
          [36m>[39m
            [36m<div[39m
              [33mclass[39m=[32m"p-2 
rounded-lg bg-blue-500/10 border 
border-blue-500/20"[39m
            [36m>[39m
              [36m<svg[39m
                
[33maria-hidden[39m=[32m"true"[39m
                
[33mclass[39m=[32m"lucide 
lucide-target w-5 h-5 text-blue-400"[39m
                
[33mfill[39m=[32m"none"[39m
                
[33mheight[39m=[32m"24"[39m
                
[33mstroke[39m=[32m"currentColor"[39m
                [33mstroke-linecap[39m=
[32m"round"[39m
                [33mstroke-linejoin[39m
=[32m"round"[39m
                
[33mstroke-width[39m=[32m"2"[39m
                
[33mviewBox[39m=[32m"0 0 24 24"[39m
                
[33mwidth[39m=[32m"24"[39m
                [33mxmlns[39m=[32m"htt
p://www.w3.org/2000/svg"[39m
              [36m>[39m
                [36m<circle[39m
                  
[33mcx[39m=[32m"12"[39m
                  
[33mcy[39m=[32m"12"[39m
                  
[33mr[39m=[32m"10"[39m
                [36m/>[39m
                [36m<circle[39m
                  
[33mcx[39m=[32m"12"[39m
                  
[33mcy[39m=[32m"12"[39m
                  
[33mr[39m=[32m"6"[39m
                [36m/>[39m
                [36m<circle[39m
                  
[33mcx[39m=[32m"12"[39m
                  
[33mcy[39m=[32m"12"[39m
                  
[33mr[39m=[32m"2"[39m
                [36m/>[39m
              [36m</svg>[39m
            [36m</div>[39m
            [36m<div>[39m
              [36m<h3[39m
                
[33mclass[39m=[32m"font-semibold 
tracking-tight text-lg text-white"[39m
              [36m>[39m
                [0mDaily Missions[0m
              [36m</h3>[39m
              [36m<p[39m
                
[33mclass[39m=[32m"text-sm 
text-neutral-400"[39m
              [36m>[39m
                [0mLimit: 5 Days[0m
              [36m</p>[39m
            [36m</div>[39m
          [36m</div>[39m
        [36m</div>[39m
        [36m<div[39m
          [33mclass[39m=[32m"p-6 
space-y-4 pt-6 flex-1"[39m
        [36m>[39m
          [36m<div[39m
            [33mclass[39m=[32m"p-3 
rounded-lg bg-black/20 border 
border-white/5 space-y-2 relative group 
overflow-hidden"[39m
          [36m>[39m
            [36m<div[39m
              [33mclass[39m=[32m"flex 
justify-between items-center"[39m
            [36m>[39m
              [36m<label[39m
                [33mclass[39m=[32m"pee
r-disabled:cursor-not-allowed 
peer-disabled:opacity-70 text-sm 
font-bold text-neutral-300"[39m
              [36m>[39m
                [0mLog In[0m
              [36m</label>[39m
              [36m<span[39m
                
[33mclass[39m=[32m"text-[10px] 
font-black px-1.5 py-0.5 rounded 
bg-blue-500/10 text-blue-400 uppercase 
tracking-tighter"[39m
              [36m>[39m
                [0mAssumed: 5 Days[0m
              [36m</span>[39m
            [36m</div>[39m
            [36m<div[39m
              [33mclass[39m=[32m"flex 
justify-between items-end"[39m
            [36m>[39m
              [36m<span[39m
                
[33mclass[39m=[32m"text-[10px] 
text-neutral-500 font-bold uppercase 
tracking-widest"[39m
              [36m>[39m
                [0m2[0m
                [0m [0m
                [0mTokens[0m
                [0m / Day[0m
              [36m</span>[39m

[2m Test Files [22m [1m[31m2 failed[39m[22m[2m | [22m[1m[32m8 passed[39m[22m[90m (10)[39m
[2m      Tests [22m [1m[31m2 failed[39m[22m[2m | [22m[1m[32m52 passed[39m[22m[90m (54)[39m
[2m   Start at [22m 18:00:12
[2m   Duration [22m 10.06s[2m (transform 1.47s, setup 3.73s, import 9.18s, tests 3.75s, environment 29.32s)[22m

[1m[41m FAIL [49m[22m [31mTests failed. Watching for file changes...[39m
       [2mpress [22m[1mh[22m[2m to show help[22m[2m, [22m[2mpress [22m[1mq[22m[2m to quit[22m
              [36m<span[39m
                
[33mclass[39m=[32m"text-lg font-black 
text-white"[39m
              [36m>[39m
                [0m+[0m
                [0m10[0m
                [0m Total[0m
              [36m</span>[39m
            [36m</div>[39m
          [36m</div>[39m
          [36m<div[39m
            [33mclass[39m=[32m"p-3 
rounded-lg bg-black/20 border 
border-white/5 space-y-2 relative group 
overflow-hidden"[39m
          [36m>[39m
            [36m<div[39m
              [33mclass[39m=[32m"flex 
justify-between items-center"[39m
            [36m>[39m
              [36m<label[39m
                [33mclass[39m=[32m"pee
r-disabled:cursor-not-allowed 
peer-disabled:opacity-70 text-sm 
font-bold text-neutral-300"[39m
              [36m>[39m
                [0mDefeat Barbarians 
(100)[0m
              [36m</label>[39m
              [36m<span[39m
                
[33mclass[39m=[32m"text-[10px] 
font-black px-1.5 py-0.5 rounded 
bg-blue-500/10 text-blue-400 uppercase 
tracking-tighter"[39m
              [36m>[39m
                [0mAssumed: 5 Days[0m
              [36m</span>[39m
            [36m</div>[39m
            [36m<div[39m
              [33mclass[39m=[32m"flex 
justify-between items-end"[39m
            [36m>[39m
              [36m<span[39m
                
[33mclass[39m=[32m"text-[10px] 
text-neutral-500 font-bold uppercase 
tracking-widest"[39m
              [36m>[39m
                [0m10[0m
                [0m [0m
                [0mTokens[0m
                [0m / Day[0m
              [36m</span>[39m
              [36m<span[39m
                
[33mclass[39m=[32m"text-lg font-black 
text-white"[39m
              [36m>[39m
                [0m+[0m
                [0m50[0m
                [0m Total[0m
              [36m</span>[39m
            [36m</div>[39m
            [36m<div[39m
              
[33mclass[39m=[32m"absolute inset-0 
bg-blue-500 border border-blue-400 
opacity-0 group-hover:opacity-10 
transition-opacity 
pointer-events-none"[39m
            [36m/>[39m
          [36m</div>[39m
          [36m<div[39m
            [33mclass[39m=[32m"p-3 
rounded-lg bg-black/20 border 
border-white/5 space-y-2 relative group 
overflow-hidden"[39m
          [36m>[39m
            [36m<div[39m
              [33mclass[39m=[32m"flex 
justify-between items-center"[39m
            [36m>[39m
              [36m<label[39m
                [33mclass[39m=[32m"pee
r-disabled:cursor-not-allowed 
peer-disabled:opacity-70 text-sm 
font-bold text-neutral-300"[39m
              [36m>[39m
                [0mGather 2Million 
Resources[0m
              [36m</label>[39m
              [36m<span[39m
                
[33mclass[39m=[32m"text-[10px] 
font-black px-1.5 py-0.5 rounded 
bg-blue-500/10 text-blue-400 uppercase 
tracking-tighter"[39m
              [36m>[39m
                [0mAssumed: 5 D...
[90m [2mÔØ»[22m 
Object.getElementError node_modules/.pnpm
/@testing-library+dom@10.4.1/node_modules
/@testing-library/dom/dist/config.js:[2m
37:19[22m[39m
[90m [2mÔØ»[22m node_modules/.pnpm/@te
sting-library+dom@10.4.1/node_modules/@te
sting-library/dom/dist/query-helpers.js:
[2m76:38[22m[39m
[90m [2mÔØ»[22m getAllByText node_modu
les/.pnpm/@testing-library+dom@10.4.1/nod
e_modules/@testing-library/dom/dist/query
-helpers.js:[2m109:15[22m[39m
[36m [2mÔØ»[22m src/test/MissionsGrid.
test.tsx:[2m70:40[22m[39m
    [90m 68| [39m    it('displays 
training calculator only for troop power 
mission', ()ÔÇª
    [90m 69| [39m        [34mrender[3
9m([33m<[39m[33mMissionsGrid[39m 
[33m/[39m[33m>[39m)[33m;[39m
    [90m 70| [39m        const 
calculatorLinks = 
screen.getAllByText('Training CalculatÔÇª
    [90m   | [39m                      
                 [31m^[39m
    [90m 71| [39m        [34mexpect[3
9m(calculatorLinks)[33m.[39m[34mtoHave
Length[39m([34m1[39m)[33m;[39m
    [90m 72| [39m    })[33m;[39m

[31m[2mÔÄ»ÔÄ»ÔÄ»ÔÄ»ÔÄ»ÔÄ»ÔÄ»ÔÄ»ÔÄ»ÔÄ»ÔÄ
»ÔÄ»ÔÄ»ÔÄ»ÔÄ»ÔÄ»ÔÄ»ÔÄ»ÔÄ»ÔÄ»ÔÄ»ÔÄ»ÔÄ»ÔÄ»[
2/2]ÔÄ»[22m[39m

c[3J[1m[44m RERUN [49m[22m [34m[2msrc/test/GemsInput.test.tsx [22m[34mx1 [34m[39m

 [31mÔØ»[39m src/test/MissionsGrid.test.tsx [2m([22m[2m6 tests[22m[2m | [22m[31m1 failed[39m[2m)[22m[33m 710[2mms[22m[39m
     [32mÔ£ô[39m renders all three mission cards[32m 198[2mms[22m[39m
     [32mÔ£ô[39m renders daily card with missions[32m 111[2mms[22m[39m
     [32mÔ£ô[39m renders all challenge mission buttons[32m 109[2mms[22m[39m
     [32mÔ£ô[39m renders repeatable card inputs[32m 95[2mms[22m[39m
     [32mÔ£ô[39m displays correct initial totals[32m 84[2mms[22m[39m
[31m     [31m├ù[31m displays training calculator only for troop power mission[39m[32m 108[2mms[22m[39m
 [31mÔØ»[39m src/test/GemsInput.test.tsx [2m([22m[2m6 tests[22m[2m | [22m[31m6 failed[39m[2m)[22m[32m 21[2mms[22m[39m
[31m     [31m├ù[31m renders gem input with correct labels[39m[32m 8[2mms[22m[39m
[31m     [31m├ù[31m updates store when gems value changes[39m[32m 3[2mms[22m[39m
[31m     [31m├ù[31m does not show volume yield when gems is zero[39m[32m 2[2mms[22m[39m
[31m     [31m├ù[31m displays correct token calculation for 2000 gems[39m[32m 2[2mms[22m[39m
[31m     [31m├ù[31m displays correct token calculation for 10000 gems[39m[32m 2[2mms[22m[39m
[31m     [31m├ù[31m floors partial gem groups[39m[32m 2[2mms[22m[39m

[31mÔÄ»ÔÄ»ÔÄ»ÔÄ»ÔÄ»ÔÄ»ÔÄ»[39m[1m[41m 
Failed Tests 6 
[49m[22m[31mÔÄ»ÔÄ»ÔÄ»ÔÄ»ÔÄ»ÔÄ»ÔÄ»[39m

[41m[1m FAIL [22m[49m 
src/test/GemsInput.test.tsx[2m > 
[22mGemsInput Component[2m > 
[22mrenders gem input with correct 
labels
[31m[1mReferenceError[22m: render is 
not defined[39m
[36m [2mÔØ»[22m src/test/GemsInput.tes
t.tsx:[2m28:9[22m[39m
    [90m 26| [39m
    [90m 27| [39m    
[34mit[39m([32m'renders gem input 
with correct labels'[39m[33m,[39m () 
[33m=>[39m {
    [90m 28| [39m        [34mrender[3
9m([33m<[39m[33mGemsInput[39m 
[33m/[39m[33m>[39m)[33m;[39m
    [90m   | [39m        [31m^[39m
    [90m 29| [39m        expect(screen.
getByText(t('missionsGrid.gemsCalculator.
title')ÔÇª
    [90m 30| [39m        [34mexpect[3
9m(screen[33m.[39m[34mgetByText[39m(
[32m'30 Per 2k'[39m))[33m.[39m[34mtoB
eInTheDocument[39m()[33m;[39m

[31m[2mÔÄ»ÔÄ»ÔÄ»ÔÄ»ÔÄ»ÔÄ»ÔÄ»ÔÄ»ÔÄ»ÔÄ»ÔÄ
»ÔÄ»ÔÄ»ÔÄ»ÔÄ»ÔÄ»ÔÄ»ÔÄ»ÔÄ»ÔÄ»ÔÄ»ÔÄ»ÔÄ»ÔÄ»[
1/6]ÔÄ»[22m[39m

[41m[1m FAIL [22m[49m 
src/test/GemsInput.test.tsx[2m > 
[22mGemsInput Component[2m > 
[22mupdates store when gems value 
changes
[31m[1mReferenceError[22m: render is 
not defined[39m
[36m [2mÔØ»[22m src/test/GemsInput.tes
t.tsx:[2m35:9[22m[39m
    [90m 33| [39m
    [90m 34| [39m    
[34mit[39m([32m'updates store when 
gems value changes'[39m[33m,[39m () 
[33m=>[39m {
    [90m 35| [39m        [34mrender[3
9m([33m<[39m[33mGemsInput[39m 
[33m/[39m[33m>[39m)[33m;[39m
    [90m   | [39m        [31m^[39m
    [90m 36| [39m        const input = 
screen.getByPlaceholderText(t('missionsGr
id.gemsÔÇª
    [90m 37| [39m

[31m[2mÔÄ»ÔÄ»ÔÄ»ÔÄ»ÔÄ»ÔÄ»ÔÄ»ÔÄ»ÔÄ»ÔÄ»ÔÄ
»ÔÄ»ÔÄ»ÔÄ»ÔÄ»ÔÄ»ÔÄ»ÔÄ»ÔÄ»ÔÄ»ÔÄ»ÔÄ»ÔÄ»ÔÄ»[
2/6]ÔÄ»[22m[39m

[41m[1m FAIL [22m[49m 
src/test/GemsInput.test.tsx[2m > 
[22mGemsInput Component[2m > [22mdoes 
not show volume yield when gems is zero
[31m[1mReferenceError[22m: render is 
not defined[39m
[36m [2mÔØ»[22m src/test/GemsInput.tes
t.tsx:[2m43:9[22m[39m
    [90m 41| [39m
    [90m 42| [39m    
[34mit[39m([32m'does not show volume 
yield when gems is zero'[39m[33m,[39m 
() [33m=>[39m {
    [90m 43| [39m        [34mrender[3
9m([33m<[39m[33mGemsInput[39m 
[33m/[39m[33m>[39m)[33m;[39m
    [90m   | [39m        [31m^[39m
    [90m 44| [39m        
expect(screen.queryByText(/Volume 
Yield/i)).not.toBeInTheDocumÔÇª
    [90m 45| [39m    })[33m;[39m

[31m[2mÔÄ»ÔÄ»ÔÄ»ÔÄ»ÔÄ»ÔÄ»ÔÄ»ÔÄ»ÔÄ»ÔÄ»ÔÄ
»ÔÄ»ÔÄ»ÔÄ»ÔÄ»ÔÄ»ÔÄ»ÔÄ»ÔÄ»ÔÄ»ÔÄ»ÔÄ»ÔÄ»ÔÄ»[
3/6]ÔÄ»[22m[39m

[41m[1m FAIL [22m[49m 
src/test/GemsInput.test.tsx[2m > 
[22mGemsInput Component[2m > 
[22mdisplays correct token calculation 
for 2000 gems
[31m[1mReferenceError[22m: render is 
not defined[39m
[36m [2mÔØ»[22m src/test/GemsInput.tes
t.tsx:[2m63:9[22m[39m
    [90m 61| [39m            
}[33m,[39m
    [90m 62| [39m        })[33m;[39m
    [90m 63| [39m        [34mrender[3
9m([33m<[39m[33mGemsInput[39m 
[33m/[39m[33m>[39m)[33m;[39m
    [90m   | [39m        [31m^[39m
    [90m 64| [39m        [90m// 2000 
/ 2000 = 1 * 30 = 30 tokens[39m
    [90m 65| [39m        [34mexpect[3
9m(screen[33m.[39m[34mgetByText[39m(
[32m'+30 Tokens'[39m))[33m.[39m[34mto
BeInTheDocument[39m()[33m;[39m

[31m[2mÔÄ»ÔÄ»ÔÄ»ÔÄ»ÔÄ»ÔÄ»ÔÄ»ÔÄ»ÔÄ»ÔÄ»ÔÄ
»ÔÄ»ÔÄ»ÔÄ»ÔÄ»ÔÄ»ÔÄ»ÔÄ»ÔÄ»ÔÄ»ÔÄ»ÔÄ»ÔÄ»ÔÄ»[
4/6]ÔÄ»[22m[39m

[41m[1m FAIL [22m[49m 
src/test/GemsInput.test.tsx[2m > 
[22mGemsInput Component[2m > 
[22mdisplays correct token calculation 
for 10000 gems
[31m[1mReferenceError[22m: render is 
not defined[39m
[36m [2mÔØ»[22m src/test/GemsInput.tes
t.tsx:[2m84:9[22m[39m
    [90m 82| [39m            
}[33m,[39m
    [90m 83| [39m        })[33m;[39m
    [90m 84| [39m        [34mrender[3
9m([33m<[39m[33mGemsInput[39m 
[33m/[39m[33m>[39m)[33m;[39m
    [90m   | [39m        [31m^[39m
    [90m 85| [39m        [90m// 10000 
/ 2000 = 5 * 30 = 150 tokens[39m
    [90m 86| [39m        [34mexpect[3
9m(screen[33m.[39m[34mgetByText[39m(
[32m'+150 Tokens'[39m))[33m.[39m[34mt
oBeInTheDocument[39m()[33m;[39m

[31m[2mÔÄ»ÔÄ»ÔÄ»ÔÄ»ÔÄ»ÔÄ»ÔÄ»ÔÄ»ÔÄ»ÔÄ»ÔÄ
»ÔÄ»ÔÄ»ÔÄ»ÔÄ»ÔÄ»ÔÄ»ÔÄ»ÔÄ»ÔÄ»ÔÄ»ÔÄ»ÔÄ»ÔÄ»[
5/6]ÔÄ»[22m[39m

[41m[1m FAIL [22m[49m 
src/test/GemsInput.test.tsx[2m > 
[22mGemsInput Component[2m > 
[22mfloors partial gem groups
[31m[1mReferenceError[22m: render is 
not defined[39m
[36m [2mÔØ»[22m src/test/GemsInput.tes
t.tsx:[2m105:9[22m[39m
    [90m103| [39m            
}[33m,[39m
    [90m104| [39m        })[33m;[39m
    [90m105| [39m        [34mrender[3
9m([33m<[39m[33mGemsInput[39m 
[33m/[39m[33m>[39m)[33m;[39m
    [90m   | [39m        [31m^[39m
    [90m106| [39m        [90m// 3999 
/ 2000 = 1.9995 -> floor to 1 * 30 = 30 
tokens[39m
    [90m107| [39m        [34mexpect[3
9m(screen[33m.[39m[34mgetByText[39m(
[32m'+30 Tokens'[39m))[33m.[39m[34mto
BeInTheDocument[39m()[33m;[39m

[31m[2mÔÄ»ÔÄ»ÔÄ»ÔÄ»ÔÄ»ÔÄ»ÔÄ»ÔÄ»ÔÄ»ÔÄ»ÔÄ
»ÔÄ»ÔÄ»ÔÄ»ÔÄ»ÔÄ»ÔÄ»ÔÄ»ÔÄ»ÔÄ»ÔÄ»ÔÄ»ÔÄ»ÔÄ»[
6/6]ÔÄ»[22m[39m


[2m Test Files [22m [1m[31m2 failed[39m[22m[90m (2)[39m
[2m      Tests [22m [1m[31m7 failed[39m[22m[2m | [22m[1m[32m5 passed[39m[22m[90m (12)[39m
[2m   Start at [22m 18:00:58
[2m   Duration [22m 637ms

[1m[41m FAIL [49m[22m [31mTests failed. Watching for file changes...[39m
       [2mpress [22m[1mh[22m[2m to show help[22m[2m, [22m[2mpress [22m[1mq[22m[2m to quit[22m
c[3J[1m[44m RERUN [49m[22m [34m[2msrc/translations/en/missions-grid.json [22m[39m

 [31mÔØ»[39m src/test/GemsInput.test.tsx [2m([22m[2m6 tests[22m[2m | [22m[31m6 failed[39m[2m)[22m[32m 18[2mms[22m[39m
[31m     [31m├ù[31m renders gem input with correct labels[39m[32m 8[2mms[22m[39m
[31m     [31m├ù[31m updates store when gems value changes[39m[32m 1[2mms[22m[39m
[31m     [31m├ù[31m does not show volume yield when gems is zero[39m[32m 1[2mms[22m[39m
[31m     [31m├ù[31m displays correct token calculation for 2000 gems[39m[32m 1[2mms[22m[39m
[31m     [31m├ù[31m displays correct token calculation for 10000 gems[39m[32m 2[2mms[22m[39m
[31m     [31m├ù[31m floors partial gem groups[39m[32m 1[2mms[22m[39m
 [32mÔ£ô[39m src/test/SpeedupCalculator.test.tsx [2m([22m[2m6 tests[22m[2m)[22m[32m 278[2mms[22m[39m
 [32mÔ£ô[39m src/test/SpeedupInputs.test.tsx [2m([22m[2m7 tests[22m[2m)[22m[32m 297[2mms[22m[39m
 [32mÔ£ô[39m src/test/ChallengeMissionButton.test.tsx [2m([22m[2m4 tests[22m[2m)[22m[33m 858[2mms[22m[39m
     [33m[2mÔ£ô[22m[39m shows inactive state when mission is not completed [33m 584[2mms[22m[39m
 [32mÔ£ô[39m src/test/App.test.tsx [2m([22m[2m2 tests[22m[2m)[22m[33m 1759[2mms[22m[39m
     [33m[2mÔ£ô[22m[39m renders the header [33m 1439[2mms[22m[39m
     [33m[2mÔ£ô[22m[39m renders the target selection section [33m 316[2mms[22m[39m
 [31mÔØ»[39m src/test/MissionsGrid.test.tsx [2m([22m[2m6 tests[22m[2m | [22m[31m1 failed[39m[2m)[22m[33m 589[2mms[22m[39m
     [32mÔ£ô[39m renders all three mission cards[32m 202[2mms[22m[39m
     [32mÔ£ô[39m renders daily card with missions[32m 94[2mms[22m[39m
     [32mÔ£ô[39m renders all challenge mission buttons[32m 77[2mms[22m[39m
     [32mÔ£ô[39m renders repeatable card inputs[32m 77[2mms[22m[39m
     [32mÔ£ô[39m displays correct initial totals[32m 54[2mms[22m[39m
[31m     [31m├ù[31m displays training calculator only for troop power mission[39m[32m 80[2mms[22m[39m
 [32mÔ£ô[39m src/test/utils.test.ts [2m([22m[2m8 tests[22m[2m)[22m[32m 11[2mms[22m[39m
 [32mÔ£ô[39m src/test/use-calculator-store.test.ts [2m([22m[2m6 tests[22m[2m)[22m[32m 22[2mms[22m[39m
 [32mÔ£ô[39m src/test/ChallengeTotal.test.tsx [2m([22m[2m4 tests[22m[2m)[22m[32m 149[2mms[22m[39m
 [32mÔ£ô[39m src/test/DailyCard.test.tsx [2m([22m[2m5 tests[22m[2m)[22m[32m 258[2mms[22m[39m

[31mÔÄ»ÔÄ»ÔÄ»ÔÄ»ÔÄ»ÔÄ»ÔÄ»[39m[1m[41m 
Failed Tests 7 
[49m[22m[31mÔÄ»ÔÄ»ÔÄ»ÔÄ»ÔÄ»ÔÄ»ÔÄ»[39m

[41m[1m FAIL [22m[49m 
src/test/MissionsGrid.test.tsx[2m > 
[22mMissionsGrid Integration Tests[2m 
> [22mdisplays training calculator only 
for troop power mission
[31m[1mTestingLibraryElementError[22m
[39m: Unable to find an element with the 
text: Training Calculator Ôåù. This 
could be because the text is broken up 
by multiple elements. In this case, you 
can provide a function for your text 
matcher to make your matcher more 
flexible.

Ignored nodes: comments, script, style
[36m<body>[39m
  [36m<div>[39m
    [36m<div[39m
      [33mclass[39m=[32m"grid 
grid-cols-1 md:grid-cols-2 
lg:grid-cols-3 gap-6"[39m
    [36m>[39m
      [36m<div[39m
        [33mclass[39m=[32m"rounded-xl 
border text-neutral-50 flex flex-col 
border-white/5 bg-white/2 
shadow-[0_8px_32px_rgba(0,0,0,0.4)] 
backdrop-blur-xl"[39m
      [36m>[39m
        [36m<div[39m
          [33mclass[39m=[32m"flex 
flex-col space-y-1.5 p-6 bg-blue-500/5 
pb-4 border-b border-white/5"[39m
        [36m>[39m
          [36m<div[39m
            [33mclass[39m=[32m"flex 
items-center gap-3"[39m
          [36m>[39m
            [36m<div[39m
              [33mclass[39m=[32m"p-2 
rounded-lg bg-blue-500/10 border 
border-blue-500/20"[39m
            [36m>[39m
              [36m<svg[39m
                
[33maria-hidden[39m=[32m"true"[39m
                
[33mclass[39m=[32m"lucide 
lucide-target w-5 h-5 text-blue-400"[39m
                
[33mfill[39m=[32m"none"[39m
                
[33mheight[39m=[32m"24"[39m
                
[33mstroke[39m=[32m"currentColor"[39m
                [33mstroke-linecap[39m=
[32m"round"[39m
                [33mstroke-linejoin[39m
=[32m"round"[39m
                
[33mstroke-width[39m=[32m"2"[39m
                
[33mviewBox[39m=[32m"0 0 24 24"[39m
                
[33mwidth[39m=[32m"24"[39m
                [33mxmlns[39m=[32m"htt
p://www.w3.org/2000/svg"[39m
              [36m>[39m
                [36m<circle[39m
                  
[33mcx[39m=[32m"12"[39m
                  
[33mcy[39m=[32m"12"[39m
                  
[33mr[39m=[32m"10"[39m
                [36m/>[39m
                [36m<circle[39m
                  
[33mcx[39m=[32m"12"[39m
                  
[33mcy[39m=[32m"12"[39m
                  
[33mr[39m=[32m"6"[39m
                [36m/>[39m
                [36m<circle[39m
                  
[33mcx[39m=[32m"12"[39m
                  
[33mcy[39m=[32m"12"[39m
                  
[33mr[39m=[32m"2"[39m
                [36m/>[39m
              [36m</svg>[39m
            [36m</div>[39m
            [36m<div>[39m
              [36m<h3[39m
                
[33mclass[39m=[32m"font-semibold 
tracking-tight text-lg text-white"[39m
              [36m>[39m
                [0mDaily[0m
              [36m</h3>[39m
              [36m<p[39m
                
[33mclass[39m=[32m"text-sm 
text-neutral-400"[39m
              [36m>[39m
                [0mLimit: 5 Days[0m
              [36m</p>[39m
            [36m</div>[39m
          [36m</div>[39m
        [36m</div>[39m
        [36m<div[39m
          [33mclass[39m=[32m"p-6 
space-y-4 pt-6 flex-1"[39m
        [36m>[39m
          [36m<div[39m
            [33mclass[39m=[32m"p-3 
rounded-lg bg-black/20 border 
border-white/5 space-y-2 relative group 
overflow-hidden"[39m
          [36m>[39m
            [36m<div[39m
              [33mclass[39m=[32m"flex 
justify-between items-center"[39m
            [36m>[39m
              [36m<label[39m
                [33mclass[39m=[32m"pee
r-disabled:cursor-not-allowed 
peer-disabled:opacity-70 text-sm 
font-bold text-neutral-300"[39m
              [36m>[39m
                [0mLog In[0m
              [36m</label>[39m
              [36m<span[39m
                
[33mclass[39m=[32m"text-[10px] 
font-black px-1.5 py-0.5 rounded 
bg-blue-500/10 text-blue-400 uppercase 
tracking-tighter"[39m
              [36m>[39m
                [0mAssumed: 5 Days[0m
              [36m</span>[39m
            [36m</div>[39m
            [36m<div[39m
              [33mclass[39m=[32m"flex 
justify-between items-end"[39m
            [36m>[39m
              [36m<span[39m
                
[33mclass[39m=[32m"text-[10px] 
text-neutral-500 font-bold uppercase 
tracking-widest"[39m
              [36m>[39m
                [0m2[0m
                [0m [0m
                [0mTokens[0m
                [0m / Day[0m
              [36m</span>[39m
              [36m<span[39m
                
[33mclass[39m=[32m"text-lg font-black 
text-white"[39m
              [36m>[39m
                [0m+[0m
                [0m10[0m
                [0m Total[0m
              [36m</span>[39m
            [36m</div>[39m
          [36m</div>[39m
          [36m<div[39m
            [33mclass[39m=[32m"p-3 
rounded-lg bg-black/20 border 
border-white/5 space-y-2 relative group 
overflow-hidden"[39m
          [36m>[39m
            [36m<div[39m
              [33mclass[39m=[32m"flex 
justify-between items-center"[39m
            [36m>[39m
              [36m<label[39m
                [33mclass[39m=[32m"pee
r-disabled:cursor-not-allowed 
peer-disabled:opacity-70 text-sm 
font-bold text-neutral-300"[39m
              [36m>[39m
                [0mDefeat Barbarians 
(100)[0m
              [36m</label>[39m
              [36m<span[39m
                
[33mclass[39m=[32m"text-[10px] 
font-black px-1.5 py-0.5 rounded 
bg-blue-500/10 text-blue-400 uppercase 
tracking-tighter"[39m
              [36m>[39m
                [0mAssumed: 5 Days[0m
              [36m</span>[39m
            [36m</div>[39m
            [36m<div[39m
              [33mclass[39m=[32m"flex 
justify-between items-end"[39m
            [36m>[39m
              [36m<span[39m
                
[33mclass[39m=[32m"text-[10px] 
text-neutral-500 font-bold uppercase 
tracking-widest"[39m
              [36m>[39m
                [0m10[0m
                [0m [0m
                [0mTokens[0m
                [0m / Day[0m
              [36m</span>[39m
              [36m<span[39m
                
[33mclass[39m=[32m"text-lg font-black 
text-white"[39m
              [36m>[39m
                [0m+[0m
                [0m50[0m
                [0m Total[0m
              [36m</span>[39m
            [36m</div>[39m
            [36m<div[39m
              
[33mclass[39m=[32m"absolute inset-0 
bg-blue-500 border border-blue-400 
opacity-0 group-hover:opacity-10 
transition-opacity 
pointer-events-none"[39m
            [36m/>[39m
          [36m</div>[39m
          [36m<div[39m
            [33mclass[39m=[32m"p-3 
rounded-lg bg-black/20 border 
border-white/5 space-y-2 relative group 
overflow-hidden"[39m
          [36m>[39m
            [36m<div[39m
              [33mclass[39m=[32m"flex 
justify-between items-center"[39m
            [36m>[39m
              [36m<label[39m
                [33mclass[39m=[32m"pee
r-disabled:cursor-not-allowed 
peer-disabled:opacity-70 text-sm 
font-bold text-neutral-300"[39m
              [36m>[39m
                [0mGather 2Million 
Resources[0m
              [36m</label>[39m
              [36m<span[39m
                
[33mclass[39m=[32m"text-[10px] 
font-black px-1.5 py-0.5 rounded 
bg-blue-500/10 text-blue-400 uppercase 
tracking-tighter"[39m
              [36m>[39m
                [0mAssumed: 5 Days[0m
 ...
[90m [2mÔØ»[22m 
Object.getElementError node_modules/.pnpm
/@testing-library+dom@10.4.1/node_modules
/@testing-library/dom/dist/config.js:[2m
37:19[22m[39m
[90m [2mÔØ»[22m node_modules/.pnpm/@te
sting-library+dom@10.4.1/node_modules/@te
sting-library/dom/dist/query-helpers.js:
[2m76:38[22m[39m
[90m [2mÔØ»[22m getAllByText node_modu
les/.pnpm/@testing-library+dom@10.4.1/nod
e_modules/@testing-library/dom/dist/query
-helpers.js:[2m109:15[22m[39m
[90m [2mÔØ»[22m src/test/MissionsGrid.
test.tsx:[2m70:40[22m[39m


[31m[2mÔÄ»ÔÄ»ÔÄ»ÔÄ»ÔÄ»ÔÄ»ÔÄ»ÔÄ»ÔÄ»ÔÄ»ÔÄ
»ÔÄ»ÔÄ»ÔÄ»ÔÄ»ÔÄ»ÔÄ»ÔÄ»ÔÄ»ÔÄ»ÔÄ»ÔÄ»ÔÄ»ÔÄ»[
1/7]ÔÄ»[22m[39m

[41m[1m FAIL [22m[49m 
src/test/GemsInput.test.tsx[2m > 
[22mGemsInput Component[2m > 
[22mrenders gem input with correct 
labels
[31m[1mReferenceError[22m: render is 
not defined[39m
[90m [2mÔØ»[22m src/test/GemsInput.tes
t.tsx:[2m28:9[22m[39m

[31m[2mÔÄ»ÔÄ»ÔÄ»ÔÄ»ÔÄ»ÔÄ»ÔÄ»ÔÄ»ÔÄ»ÔÄ»ÔÄ
»ÔÄ»ÔÄ»ÔÄ»ÔÄ»ÔÄ»ÔÄ»ÔÄ»ÔÄ»ÔÄ»ÔÄ»ÔÄ»ÔÄ»ÔÄ»[
2/7]ÔÄ»[22m[39m

[41m[1m FAIL [22m[49m 
src/test/GemsInput.test.tsx[2m > 
[22mGemsInput Component[2m > 
[22mupdates store when gems value 
changes
[31m[1mReferenceError[22m: render is 
not defined[39m
[90m [2mÔØ»[22m src/test/GemsInput.tes
t.tsx:[2m35:9[22m[39m

[31m[2mÔÄ»ÔÄ»ÔÄ»ÔÄ»ÔÄ»ÔÄ»ÔÄ»ÔÄ»ÔÄ»ÔÄ»ÔÄ
»ÔÄ»ÔÄ»ÔÄ»ÔÄ»ÔÄ»ÔÄ»ÔÄ»ÔÄ»ÔÄ»ÔÄ»ÔÄ»ÔÄ»ÔÄ»[
3/7]ÔÄ»[22m[39m

[41m[1m FAIL [22m[49m 
src/test/GemsInput.test.tsx[2m > 
[22mGemsInput Component[2m > [22mdoes 
not show volume yield when gems is zero
[31m[1mReferenceError[22m: render is 
not defined[39m
[90m [2mÔØ»[22m src/test/GemsInput.tes
t.tsx:[2m43:9[22m[39m

[31m[2mÔÄ»ÔÄ»ÔÄ»ÔÄ»ÔÄ»ÔÄ»ÔÄ»ÔÄ»ÔÄ»ÔÄ»ÔÄ
»ÔÄ»ÔÄ»ÔÄ»ÔÄ»ÔÄ»ÔÄ»ÔÄ»ÔÄ»ÔÄ»ÔÄ»ÔÄ»ÔÄ»ÔÄ»[
4/7]ÔÄ»[22m[39m

[41m[1m FAIL [22m[49m 
src/test/GemsInput.test.tsx[2m > 
[22mGemsInput Component[2m > 
[22mdisplays correct token calculation 
for 2000 gems
[31m[1mReferenceError[22m: render is 
not defined[39m
[90m [2mÔØ»[22m src/test/GemsInput.tes
t.tsx:[2m63:9[22m[39m

[31m[2mÔÄ»ÔÄ»ÔÄ»ÔÄ»ÔÄ»ÔÄ»ÔÄ»ÔÄ»ÔÄ»ÔÄ»ÔÄ
»ÔÄ»ÔÄ»ÔÄ»ÔÄ»ÔÄ»ÔÄ»ÔÄ»ÔÄ»ÔÄ»ÔÄ»ÔÄ»ÔÄ»ÔÄ»[
5/7]ÔÄ»[22m[39m

[41m[1m FAIL [22m[49m 
src/test/GemsInput.test.tsx[2m > 
[22mGemsInput Component[2m > 
[22mdisplays correct token calculation 
for 10000 gems
[31m[1mReferenceError[22m: render is 
not defined[39m
[90m [2mÔØ»[22m src/test/GemsInput.tes
t.tsx:[2m84:9[22m[39m

[31m[2mÔÄ»ÔÄ»ÔÄ»ÔÄ»ÔÄ»ÔÄ»ÔÄ»ÔÄ»ÔÄ»ÔÄ»ÔÄ
»ÔÄ»ÔÄ»ÔÄ»ÔÄ»ÔÄ»ÔÄ»ÔÄ»ÔÄ»ÔÄ»ÔÄ»ÔÄ»ÔÄ»ÔÄ»[
6/7]ÔÄ»[22m[39m

[41m[1m FAIL [22m[49m 
src/test/GemsInput.test.tsx[2m > 
[22mGemsInput Component[2m > 
[22mfloors partial gem groups
[31m[1mReferenceError[22m: render is 
not defined[39m
[90m [2mÔØ»[22m src/test/GemsInput.tes
t.tsx:[2m105:9[22m[39m

[31m[2mÔÄ»ÔÄ»ÔÄ»ÔÄ»ÔÄ»ÔÄ»ÔÄ»ÔÄ»ÔÄ»ÔÄ»ÔÄ
»ÔÄ»ÔÄ»ÔÄ»ÔÄ»ÔÄ»ÔÄ»ÔÄ»ÔÄ»ÔÄ»ÔÄ»ÔÄ»ÔÄ»ÔÄ»[
7/7]ÔÄ»[22m[39m

[2m Test Files [22m [1m[31m2 failed[39m[22m[2m | [22m[1m[32m8 passed[39m[22m[90m (10)[39m
[2m      Tests [22m [1m[31m7 failed[39m[22m[2m | [22m[1m[32m47 passed[39m[22m[90m (54)[39m
[2m   Start at [22m 18:01:01
[2m   Duration [22m 27.14s

[1m[41m FAIL [49m[22m [31mTests failed. Watching for file changes...[39m
       [2mpress [22m[1mh[22m[2m to show help[22m[2m, [22m[2mpress [22m[1mq[22m[2m to quit[22m
c[3J[1m[44m RERUN [49m[22m [34m[2msrc/translations/en/missions-grid.json [22m[39m

 [32mÔ£ô[39m src/test/SpeedupInputs.test.tsx [2m([22m[2m7 tests[22m[2m)[22m[33m 450[2mms[22m[39m
 [32mÔ£ô[39m src/test/ChallengeMissionButton.test.tsx [2m([22m[2m4 tests[22m[2m)[22m[33m 1217[2mms[22m[39m
     [33m[2mÔ£ô[22m[39m shows inactive state when mission is not completed [33m 734[2mms[22m[39m
 [32mÔ£ô[39m src/test/SpeedupCalculator.test.tsx [2m([22m[2m6 tests[22m[2m)[22m[33m 594[2mms[22m[39m
     [33m[2mÔ£ô[22m[39m renders the speedup calculator with input field [33m 326[2mms[22m[39m
 [32mÔ£ô[39m src/test/MissionsGrid.test.tsx [2m([22m[2m6 tests[22m[2m)[22m[33m 1601[2mms[22m[39m
     [33m[2mÔ£ô[22m[39m renders all three mission cards [33m 589[2mms[22m[39m
 [32mÔ£ô[39m src/test/GemsInput.test.tsx [2m([22m[2m6 tests[22m[2m)[22m[33m 585[2mms[22m[39m
 [32mÔ£ô[39m src/test/App.test.tsx [2m([22m[2m2 tests[22m[2m)[22m[33m 2723[2mms[22m[39m
     [33m[2mÔ£ô[22m[39m renders the header [33m 2359[2mms[22m[39m
     [33m[2mÔ£ô[22m[39m renders the target selection section [33m 331[2mms[22m[39m
 [32mÔ£ô[39m src/test/utils.test.ts [2m([22m[2m8 tests[22m[2m)[22m[32m 22[2mms[22m[39m
 [32mÔ£ô[39m src/test/use-calculator-store.test.ts [2m([22m[2m6 tests[22m[2m)[22m[32m 45[2mms[22m[39m
 [32mÔ£ô[39m src/test/DailyCard.test.tsx [2m([22m[2m5 tests[22m[2m)[22m[33m 343[2mms[22m[39m
 [32mÔ£ô[39m src/test/ChallengeTotal.test.tsx [2m([22m[2m4 tests[22m[2m)[22m[32m 159[2mms[22m[39m

[2m Test Files [22m [1m[32m10 passed[39m[22m[90m (10)[39m
[2m      Tests [22m [1m[32m54 passed[39m[22m[90m (54)[39m
[2m   Start at [22m 18:01:21
[2m   Duration [22m 60.17s

[1m[42m PASS [49m[22m [32mWaiting for file changes...[39m
       [2mpress [22m[1mh[22m[2m to show help[22m[2m, [22m[2mpress [22m[1mq[22m[2m to quit[22m
c[3J[1m[44m RERUN [49m[22m [34m[2msrc/test/MissionsGrid.test.tsx [22m[34mx3 [34m[39m

 [32mÔ£ô[39m src/test/MissionsGrid.test.tsx [2m([22m[2m6 tests[22m[2m)[22m[33m 576[2mms[22m[39m

[2m Test Files [22m [1m[32m1 passed[39m[22m[90m (1)[39m
[2m      Tests [22m [1m[32m6 passed[39m[22m[90m (6)[39m
[2m   Start at [22m 18:01:54
[2m   Duration [22m 2.00s

[1m[42m PASS [49m[22m [32mWaiting for file changes...[39m
       [2mpress [22m[1mh[22m[2m to show help[22m[2m, [22m[2mpress [22m[1mq[22m[2m to quit[22m
c[3J[1m[44m RERUN [49m[22m [34m[2msrc/translations/en/missions-grid.json [22m[39m

 [32mÔ£ô[39m src/test/GemsInput.test.tsx [2m([22m[2m6 tests[22m[2m)[22m[33m 508[2mms[22m[39m
 [32mÔ£ô[39m src/test/SpeedupInputs.test.tsx [2m([22m[2m7 tests[22m[2m)[22m[33m 818[2mms[22m[39m
     [33m[2mÔ£ô[22m[39m renders all speedup category inputs [33m 301[2mms[22m[39m
 [32mÔ£ô[39m src/test/SpeedupCalculator.test.tsx [2m([22m[2m6 tests[22m[2m)[22m[33m 567[2mms[22m[39m
 [32mÔ£ô[39m src/test/ChallengeMissionButton.test.tsx [2m([22m[2m4 tests[22m[2m)[22m[33m 1452[2mms[22m[39m
     [33m[2mÔ£ô[22m[39m shows inactive state when mission is not completed [33m 916[2mms[22m[39m
 [32mÔ£ô[39m src/test/MissionsGrid.test.tsx [2m([22m[2m6 tests[22m[2m)[22m[33m 1880[2mms[22m[39m
     [33m[2mÔ£ô[22m[39m renders all three mission cards [33m 333[2mms[22m[39m
     [33m[2mÔ£ô[22m[39m renders daily card with missions [33m 430[2mms[22m[39m
     [33m[2mÔ£ô[22m[39m renders all challenge mission buttons [33m 319[2mms[22m[39m
     [33m[2mÔ£ô[22m[39m renders repeatable card inputs [33m 341[2mms[22m[39m
     [33m[2mÔ£ô[22m[39m displays training calculator only for troop power mission [33m 324[2mms[22m[39m
 [32mÔ£ô[39m src/test/App.test.tsx [2m([22m[2m2 tests[22m[2m)[22m[33m 3335[2mms[22m[39m
     [33m[2mÔ£ô[22m[39m renders the header [33m 2452[2mms[22m[39m
     [33m[2mÔ£ô[22m[39m renders the target selection section [33m 865[2mms[22m[39m
 [32mÔ£ô[39m src/test/use-calculator-store.test.ts [2m([22m[2m6 tests[22m[2m)[22m[32m 34[2mms[22m[39m
 [32mÔ£ô[39m src/test/utils.test.ts [2m([22m[2m8 tests[22m[2m)[22m[32m 40[2mms[22m[39m
 [31mÔØ»[39m src/test/ChallengeTotal.test.tsx [2m([22m[2m4 tests[22m[2m | [22m[31m4 failed[39m[2m)[22m[32m 134[2mms[22m[39m
[31m     [31m├ù[31m displays zero tokens when no challenges are completed[39m[32m 100[2mms[22m[39m
[31m     [31m├ù[31m displays correct total for single completed challenge[39m[32m 11[2mms[22m[39m
[31m     [31m├ù[31m displays correct total for multiple completed challenges[39m[32m 13[2mms[22m[39m
[31m     [31m├ù[31m displays milestone total label[39m[32m 6[2mms[22m[39m
 [32mÔ£ô[39m src/test/DailyCard.test.tsx [2m([22m[2m5 tests[22m[2m)[22m[33m 364[2mms[22m[39m

[31mÔÄ»ÔÄ»ÔÄ»ÔÄ»ÔÄ»ÔÄ»ÔÄ»[39m[1m[41m 
Failed Tests 4 
[49m[22m[31mÔÄ»ÔÄ»ÔÄ»ÔÄ»ÔÄ»ÔÄ»ÔÄ»[39m

[41m[1m FAIL [22m[49m 
src/test/ChallengeTotal.test.tsx[2m > 
[22mChallengeTotal Component[2m > 
[22mdisplays zero tokens when no 
challenges are completed
[41m[1m FAIL [22m[49m 
src/test/ChallengeTotal.test.tsx[2m > 
[22mChallengeTotal Component[2m > 
[22mdisplays correct total for single 
completed challenge
[41m[1m FAIL [22m[49m 
src/test/ChallengeTotal.test.tsx[2m > 
[22mChallengeTotal Component[2m > 
[22mdisplays correct total for multiple 
completed challenges
[41m[1m FAIL [22m[49m 
src/test/ChallengeTotal.test.tsx[2m > 
[22mChallengeTotal Component[2m > 
[22mdisplays milestone total label
[31m[1mReferenceError[22m: t is not 
defined[39m
[36m [2mÔØ»[22m ChallengeTotal src/com
ponents/missions-grid/ChallengeTotal.tsx:
[2m17:93[22m[39m
    [90m 15| [39m    [35mreturn[39m (
    [90m 16| [39m        <div 
className="mt-auto pt-4 border-t 
border-white/5 flex justÔÇª
    [90m 17| [39m            <span 
className="text-xs font-bold 
text-neutral-400 uppercÔÇª
    [90m   | [39m                      
                                         
                             [31m^[39m
    [90m 18| [39m            <span 
className="text-xl font-black 
text-yellow-500">{chalÔÇª
    [90m 19| [39m        [33m<[39m[3
3m/[39m[33mdiv[39m[33m>[39m
[90m [2mÔØ»[22m 
Object.react_stack_bottom_frame node_modu
les/.pnpm/react-dom@19.2.3_react@19.2.3/n
ode_modules/react-dom/cjs/react-dom-clien
t.development.js:[2m25904:20[22m[39m
[90m [2mÔØ»[22m renderWithHooks node_m
odules/.pnpm/react-dom@19.2.3_react@19.2.
3/node_modules/react-dom/cjs/react-dom-cl
ient.development.js:[2m7662:22[22m[39m
[90m [2mÔØ»[22m 
updateFunctionComponent node_modules/.pnp
m/react-dom@19.2.3_react@19.2.3/node_modu
les/react-dom/cjs/react-dom-client.develo
pment.js:[2m10166:19[22m[39m
[90m [2mÔØ»[22m beginWork node_modules
/.pnpm/react-dom@19.2.3_react@19.2.3/node
_modules/react-dom/cjs/react-dom-client.d
evelopment.js:[2m11778:18[22m[39m
[90m [2mÔØ»[22m runWithFiberInDEV node
_modules/.pnpm/react-dom@19.2.3_react@19.
2.3/node_modules/react-dom/cjs/react-dom-
client.development.js:[2m874:13[22m[39
m
[90m [2mÔØ»[22m performUnitOfWork node
_modules/.pnpm/react-dom@19.2.3_react@19.
2.3/node_modules/react-dom/cjs/react-dom-
client.development.js:[2m17641:22[22m[
39m
[90m [2mÔØ»[22m workLoopSync node_modu
les/.pnpm/react-dom@19.2.3_react@19.2.3/n
ode_modules/react-dom/cjs/react-dom-clien
t.development.js:[2m17469:41[22m[39m
[90m [2mÔØ»[22m renderRootSync node_mo
dules/.pnpm/react-dom@19.2.3_react@19.2.3
/node_modules/react-dom/cjs/react-dom-cli
ent.development.js:[2m17450:11[22m[39m
[90m [2mÔØ»[22m performWorkOnRoot node
_modules/.pnpm/react-dom@19.2.3_react@19.
2.3/node_modules/react-dom/cjs/react-dom-
client.development.js:[2m16583:35[22m[
39m

[31m[2mÔÄ»ÔÄ»ÔÄ»ÔÄ»ÔÄ»ÔÄ»ÔÄ»ÔÄ»ÔÄ»ÔÄ»ÔÄ
»ÔÄ»ÔÄ»ÔÄ»ÔÄ»ÔÄ»ÔÄ»ÔÄ»ÔÄ»ÔÄ»ÔÄ»ÔÄ»ÔÄ»ÔÄ»[
1/4]ÔÄ»[22m[39m


[2m Test Files [22m [1m[31m1 failed[39m[22m[2m | [22m[1m[32m9 passed[39m[22m[90m (10)[39m
[2m      Tests [22m [1m[31m4 failed[39m[22m[2m | [22m[1m[32m50 passed[39m[22m[90m (54)[39m
[2m   Start at [22m 18:03:08
[2m   Duration [22m 59.79s

[1m[41m FAIL [49m[22m [31mTests failed. Watching for file changes...[39m
       [2mpress [22m[1mh[22m[2m to show help[22m[2m, [22m[2mpress [22m[1mq[22m[2m to quit[22m
c[3J[1m[44m RERUN [49m[22m [34m[2msrc/translations/en/common.json [22m[39m

 [32mÔ£ô[39m src/test/ChallengeTotal.test.tsx [2m([22m[2m4 tests[22m[2m)[22m[33m 335[2mms[22m[39m
 [31mÔØ»[39m src/test/SpeedupInputs.test.tsx [2m([22m[2m7 tests[22m[2m | [22m[31m1 failed[39m[2m)[22m[33m 675[2mms[22m[39m
[31m     [31m├ù[31m renders all speedup category inputs[39m[33m 331[2mms[22m[39m
     [32mÔ£ô[39m displays speedup volume label and conversion rate[32m 62[2mms[22m[39m
     [32mÔ£ô[39m updates store when speedup value changes for a category[32m 73[2mms[22m[39m
     [32mÔ£ô[39m displays total packaged minutes correctly[32m 31[2mms[22m[39m
     [32mÔ£ô[39m does not show volume yield when total is zero[32m 53[2mms[22m[39m
     [32mÔ£ô[39m displays correct token calculation for 480 minutes[32m 31[2mms[22m[39m
     [32mÔ£ô[39m includes calculated speedup time in token calculation[32m 82[2mms[22m[39m
 [32mÔ£ô[39m src/test/SpeedupCalculator.test.tsx [2m([22m[2m6 tests[22m[2m)[22m[33m 474[2mms[22m[39m
 [32mÔ£ô[39m src/test/ChallengeMissionButton.test.tsx [2m([22m[2m4 tests[22m[2m)[22m[33m 1263[2mms[22m[39m
     [33m[2mÔ£ô[22m[39m shows inactive state when mission is not completed [33m 742[2mms[22m[39m
 [31mÔØ»[39m src/test/MissionsGrid.test.tsx [2m([22m[2m6 tests[22m[2m | [22m[31m1 failed[39m[2m)[22m[33m 1868[2mms[22m[39m
     [33m[2mÔ£ô[22m[39m renders all three mission cards [33m 395[2mms[22m[39m
     [33m[2mÔ£ô[22m[39m renders daily card with missions [33m 336[2mms[22m[39m
     [33m[2mÔ£ô[22m[39m renders all challenge mission buttons [33m 441[2mms[22m[39m
[31m     [31m├ù[31m renders repeatable card inputs[39m[33m 437[2mms[22m[39m
     [32mÔ£ô[39m displays correct initial totals[32m 130[2mms[22m[39m
     [32mÔ£ô[39m displays training calculator only for troop power mission[32m 111[2mms[22m[39m
 [32mÔ£ô[39m src/test/App.test.tsx [2m([22m[2m2 tests[22m[2m)[22m[33m 2571[2mms[22m[39m
     [33m[2mÔ£ô[22m[39m renders the header [33m 2185[2mms[22m[39m
     [33m[2mÔ£ô[22m[39m renders the target selection section [33m 380[2mms[22m[39m
 [32mÔ£ô[39m src/test/use-calculator-store.test.ts [2m([22m[2m6 tests[22m[2m)[22m[32m 19[2mms[22m[39m
 [32mÔ£ô[39m src/test/utils.test.ts [2m([22m[2m8 tests[22m[2m)[22m[32m 10[2mms[22m[39m
 [32mÔ£ô[39m src/test/DailyCard.test.tsx [2m([22m[2m5 tests[22m[2m)[22m[32m 233[2mms[22m[39m
 [32mÔ£ô[39m src/test/GemsInput.test.tsx [2m([22m[2m6 tests[22m[2m)[22m[32m 264[2mms[22m[39m

[31mÔÄ»ÔÄ»ÔÄ»ÔÄ»ÔÄ»ÔÄ»ÔÄ»[39m[1m[41m 
Failed Tests 2 
[49m[22m[31mÔÄ»ÔÄ»ÔÄ»ÔÄ»ÔÄ»ÔÄ»ÔÄ»[39m

[41m[1m FAIL [22m[49m 
src/test/MissionsGrid.test.tsx[2m > 
[22mMissionsGrid Integration Tests[2m 
> [22mrenders repeatable card inputs
[31m[1mTestingLibraryElementError[22m
[39m: Unable to find an element with the 
text: building. This could be because 
the text is broken up by multiple 
elements. In this case, you can provide 
a function for your text matcher to make 
your matcher more flexible.

Ignored nodes: comments, script, style
[36m<body>[39m
  [36m<div>[39m
    [36m<div[39m
      [33mclass[39m=[32m"grid 
grid-cols-1 md:grid-cols-2 
lg:grid-cols-3 gap-6"[39m
    [36m>[39m
      [36m<div[39m
        [33mclass[39m=[32m"rounded-xl 
border text-neutral-50 flex flex-col 
border-white/5 bg-white/2 
shadow-[0_8px_32px_rgba(0,0,0,0.4)] 
backdrop-blur-xl"[39m
      [36m>[39m
        [36m<div[39m
          [33mclass[39m=[32m"flex 
flex-col space-y-1.5 p-6 bg-blue-500/5 
pb-4 border-b border-white/5"[39m
        [36m>[39m
          [36m<div[39m
            [33mclass[39m=[32m"flex 
items-center gap-3"[39m
          [36m>[39m
            [36m<div[39m
              [33mclass[39m=[32m"p-2 
rounded-lg bg-blue-500/10 border 
border-blue-500/20"[39m
            [36m>[39m
              [36m<svg[39m
                
[33maria-hidden[39m=[32m"true"[39m
                
[33mclass[39m=[32m"lucide 
lucide-target w-5 h-5 text-blue-400"[39m
                
[33mfill[39m=[32m"none"[39m
                
[33mheight[39m=[32m"24"[39m
                
[33mstroke[39m=[32m"currentColor"[39m
                [33mstroke-linecap[39m=
[32m"round"[39m
                [33mstroke-linejoin[39m
=[32m"round"[39m
                
[33mstroke-width[39m=[32m"2"[39m
                
[33mviewBox[39m=[32m"0 0 24 24"[39m
                
[33mwidth[39m=[32m"24"[39m
                [33mxmlns[39m=[32m"htt
p://www.w3.org/2000/svg"[39m
              [36m>[39m
                [36m<circle[39m
                  
[33mcx[39m=[32m"12"[39m
                  
[33mcy[39m=[32m"12"[39m
                  
[33mr[39m=[32m"10"[39m
                [36m/>[39m
                [36m<circle[39m
                  
[33mcx[39m=[32m"12"[39m
                  
[33mcy[39m=[32m"12"[39m
                  
[33mr[39m=[32m"6"[39m
                [36m/>[39m
                [36m<circle[39m
                  
[33mcx[39m=[32m"12"[39m
                  
[33mcy[39m=[32m"12"[39m
                  
[33mr[39m=[32m"2"[39m
                [36m/>[39m
              [36m</svg>[39m
            [36m</div>[39m
            [36m<div>[39m
              [36m<h3[39m
                
[33mclass[39m=[32m"font-semibold 
tracking-tight text-lg text-white"[39m
              [36m>[39m
                [0mDaily[0m
              [36m</h3>[39m
              [36m<p[39m
                
[33mclass[39m=[32m"text-sm 
text-neutral-400"[39m
              [36m>[39m
                [0mLimit: 5 Days[0m
              [36m</p>[39m
            [36m</div>[39m
          [36m</div>[39m
        [36m</div>[39m
        [36m<div[39m
          [33mclass[39m=[32m"p-6 
space-y-4 pt-6 flex-1"[39m
        [36m>[39m
          [36m<div[39m
            [33mclass[39m=[32m"p-3 
rounded-lg bg-black/20 border 
border-white/5 space-y-2 relative group 
overflow-hidden"[39m
          [36m>[39m
            [36m<div[39m
              [33mclass[39m=[32m"flex 
justify-between items-center"[39m
            [36m>[39m
              [36m<label[39m
                [33mclass[39m=[32m"pee
r-disabled:cursor-not-allowed 
peer-disabled:opacity-70 text-sm 
font-bold text-neutral-300"[39m
              [36m>[39m
                [0mLog In[0m
              [36m</label>[39m
              [36m<span[39m
                
[33mclass[39m=[32m"text-[10px] 
font-black px-1.5 py-0.5 rounded 
bg-blue-500/10 text-blue-400 uppercase 
tracking-tighter"[39m
              [36m>[39m
                [0mAssumed: 5 Days[0m
              [36m</span>[39m
            [36m</div>[39m
            [36m<div[39m
              [33mclass[39m=[32m"flex 
justify-between items-end"[39m
            [36m>[39m
              [36m<span[39m
                
[33mclass[39m=[32m"text-[10px] 
text-neutral-500 font-bold uppercase 
tracking-widest"[39m
              [36m>[39m
                [0m2[0m
                [0m [0m
                [0mTokens[0m
                [0m [0m
                [0m/ Day[0m
              [36m</span>[39m
              [36m<span[39m
                
[33mclass[39m=[32m"text-lg font-black 
text-white"[39m
              [36m>[39m
                [0m+[0m
                [0m10[0m
                [0m [0m
                [0mTotal[0m
              [36m</span>[39m
            [36m</div>[39m
          [36m</div>[39m
          [36m<div[39m
            [33mclass[39m=[32m"p-3 
rounded-lg bg-black/20 border 
border-white/5 space-y-2 relative group 
overflow-hidden"[39m
          [36m>[39m
            [36m<div[39m
              [33mclass[39m=[32m"flex 
justify-between items-center"[39m
            [36m>[39m
              [36m<label[39m
                [33mclass[39m=[32m"pee
r-disabled:cursor-not-allowed 
peer-disabled:opacity-70 text-sm 
font-bold text-neutral-300"[39m
              [36m>[39m
                [0mDefeat Barbarians 
(100)[0m
              [36m</label>[39m
              [36m<span[39m
                
[33mclass[39m=[32m"text-[10px] 
font-black px-1.5 py-0.5 rounded 
bg-blue-500/10 text-blue-400 uppercase 
tracking-tighter"[39m
              [36m>[39m
                [0mAssumed: 5 Days[0m
              [36m</span>[39m
            [36m</div>[39m
            [36m<div[39m
              [33mclass[39m=[32m"flex 
justify-between items-end"[39m
            [36m>[39m
              [36m<span[39m
                
[33mclass[39m=[32m"text-[10px] 
text-neutral-500 font-bold uppercase 
tracking-widest"[39m
              [36m>[39m
                [0m10[0m
                [0m [0m
                [0mTokens[0m
                [0m [0m
                [0m/ Day[0m
              [36m</span>[39m
              [36m<span[39m
                
[33mclass[39m=[32m"text-lg font-black 
text-white"[39m
              [36m>[39m
                [0m+[0m
                [0m50[0m
                [0m [0m
                [0mTotal[0m
              [36m</span>[39m
            [36m</div>[39m
            [36m<div[39m
              
[33mclass[39m=[32m"absolute inset-0 
bg-blue-500 border border-blue-400 
opacity-0 group-hover:opacity-10 
transition-opacity 
pointer-events-none"[39m
            [36m/>[39m
          [36m</div>[39m
          [36m<div[39m
            [33mclass[39m=[32m"p-3 
rounded-lg bg-black/20 border 
border-white/5 space-y-2 relative group 
overflow-hidden"[39m
          [36m>[39m
            [36m<div[39m
              [33mclass[39m=[32m"flex 
justify-between items-center"[39m
            [36m>[39m
              [36m<label[39m
                [33mclass[39m=[32m"pee
r-disabled:cursor-not-allowed 
peer-disabled:opacity-70 text-sm 
font-bold text-neutral-300"[39m
              [36m>[39m
                [0mGather 2Million 
Resources[0m
              [36m</label>[39m
              [36m<span[39m
                
[33mclass[39m=[32m"text-[10px] 
font-black px-1.5 py-0.5 rounded 
bg-blue-500/10 text-blue-400 ...
[90m [2mÔØ»[22m 
Object.getElementError node_modules/.pnpm
/@testing-library+dom@10.4.1/node_modules
/@testing-library/dom/dist/config.js:[2m
37:19[22m[39m
[90m [2mÔØ»[22m node_modules/.pnpm/@te
sting-library+dom@10.4.1/node_modules/@te
sting-library/dom/dist/query-helpers.js:
[2m76:38[22m[39m
[90m [2mÔØ»[22m node_modules/.pnpm/@te
sting-library+dom@10.4.1/node_modules/@te
sting-library/dom/dist/query-helpers.js:
[2m52:17[22m[39m
[90m [2mÔØ»[22m getByText node_modules
/.pnpm/@testing-library+dom@10.4.1/node_m
odules/@testing-library/dom/dist/query-he
lpers.js:[2m95:19[22m[39m
[36m [2mÔØ»[22m src/test/MissionsGrid.
test.tsx:[2m54:23[22m[39m
    [90m 52| [39m        [34mrender[3
9m([33m<[39m[33mMissionsGrid[39m 
[33m/[39m[33m>[39m)[33m;[39m
    [90m 53| [39m        expect(screen.
getByPlaceholderText(t('missionsGrid.gems
CalculaÔÇª
    [90m 54| [39m        [34mexpect[3
9m(screen[33m.[39m[34mgetByText[39m(
[32m'building'[39m))[33m.[39m[34mtoBe
InTheDocument[39m()[33m;[39m
    [90m   | [39m                      
[31m^[39m
    [90m 55| [39m        [34mexpect[3
9m(screen[33m.[39m[34mgetByText[39m(
[32m'research'[39m))[33m.[39m[34mtoBe
InTheDocument[39m()[33m;[39m
    [90m 56| [39m    })[33m;[39m

[31m[2mÔÄ»ÔÄ»ÔÄ»ÔÄ»ÔÄ»ÔÄ»ÔÄ»ÔÄ»ÔÄ»ÔÄ»ÔÄ
»ÔÄ»ÔÄ»ÔÄ»ÔÄ»ÔÄ»ÔÄ»ÔÄ»ÔÄ»ÔÄ»ÔÄ»ÔÄ»ÔÄ»ÔÄ»[
1/2]ÔÄ»[22m[39m

[41m[1m FAIL [22m[49m 
src/test/SpeedupInputs.test.tsx[2m > 
[22mSpeedupInputs Component[2m > 
[22mrenders all speedup category inputs
[31m[1mTestingLibraryElementError[22m
[39m: Unable to find an element with the 
text: building. This could be because 
the text is broken up by multiple 
elements. In this case, you can provide 
a function for your text matcher to make 
your matcher more flexible.

Ignored nodes: comments, script, style
[36m<body>[39m
  [36m<div>[39m
    [36m<div[39m
      [33mclass[39m=[32m"space-y-3 
pt-2"[39m
    [36m>[39m
      [36m<div[39m
        [33mclass[39m=[32m"flex 
justify-between items-center px-1"[39m
      [36m>[39m
        [36m<label[39m
          [33mclass[39m=[32m"peer-disa
bled:cursor-not-allowed 
peer-disabled:opacity-70 text-[10px] 
font-black text-neutral-400 uppercase 
tracking-widest"[39m
        [36m>[39m
          [0mSpeedup Volume (min)[0m
        [36m</label>[39m
        [36m<span[39m
          
[33mclass[39m=[32m"text-[10px] 
font-bold text-blue-500/60 
uppercase"[39m
        [36m>[39m
          [0m2 Per 480m[0m
        [36m</span>[39m
      [36m</div>[39m
      [36m<div[39m
        [33mclass[39m=[32m"flex gap-1 
bg-black/40 p-1 rounded-md border 
border-white/5 mb-2"[39m
      [36m>[39m
        [36m<button[39m
          [33mclass[39m=[32m"
                            flex-1 px-2 
py-1.5 text-[10px] font-bold uppercase 
rounded transition-all
                            
bg-blue-500/20 text-blue-400 shadow-[0_0_
10px_-3px_rgba(59,130,246,0.3)]
                        "[39m
        [36m>[39m
          [0mauto[0m
        [36m</button>[39m
        [36m<button[39m
          [33mclass[39m=[32m"
                            flex-1 px-2 
py-1.5 text-[10px] font-bold uppercase 
rounded transition-all
                            
text-neutral-500 hover:text-neutral-300 
hover:bg-white/5
                        "[39m
        [36m>[39m
          [0mdays[0m
        [36m</button>[39m
        [36m<button[39m
          [33mclass[39m=[32m"
                            flex-1 px-2 
py-1.5 text-[10px] font-bold uppercase 
rounded transition-all
                            
text-neutral-500 hover:text-neutral-300 
hover:bg-white/5
                        "[39m
        [36m>[39m
          [0mminutes[0m
        [36m</button>[39m
      [36m</div>[39m
      [36m<div[39m
        [33mclass[39m=[32m"grid 
grid-cols-2 gap-x-4 gap-y-3"[39m
      [36m>[39m
        [36m<div[39m
          
[33mclass[39m=[32m"space-y-1"[39m
        [36m>[39m
          [36m<label[39m
            [33mclass[39m=[32m"peer-di
sabled:cursor-not-allowed 
peer-disabled:opacity-70 text-[9px] 
font-bold text-neutral-500 uppercase 
pl-1"[39m
          [36m>[39m
            [0mBuilding[0m
          [36m</label>[39m
          [36m<input[39m
            [33mclass[39m=[32m"flex 
w-full rounded-md border px-3 py-2 
ring-offset-black file:border-0 
file:bg-transparent file:text-sm 
file:font-medium 
placeholder:text-neutral-500 
focus-visible:outline-none 
focus-visible:ring-2 
focus-visible:border-yellow-500/50 
transition-all 
disabled:cursor-not-allowed 
disabled:opacity-50 h-8 bg-black/40 
border-white/5 text-xs font-mono 
focus-visible:ring-blue-500/20"[39m
            
[33mplaceholder[39m=[32m"0m"[39m
            
[33mtype[39m=[32m"text"[39m
            [33mvalue[39m=[32m""[39m
          [36m/>[39m
        [36m</div>[39m
        [36m<div[39m
          
[33mclass[39m=[32m"space-y-1"[39m
        [36m>[39m
          [36m<label[39m
            [33mclass[39m=[32m"peer-di
sabled:cursor-not-allowed 
peer-disabled:opacity-70 text-[9px] 
font-bold text-neutral-500 uppercase 
pl-1"[39m
          [36m>[39m
            [0mResearch[0m
          [36m</label>[39m
          [36m<input[39m
            [33mclass[39m=[32m"flex 
w-full rounded-md border px-3 py-2 
ring-offset-black file:border-0 
file:bg-transparent file:text-sm 
file:font-medium 
placeholder:text-neutral-500 
focus-visible:outline-none 
focus-visible:ring-2 
focus-visible:border-yellow-500/50 
transition-all 
disabled:cursor-not-allowed 
disabled:opacity-50 h-8 bg-black/40 
border-white/5 text-xs font-mono 
focus-visible:ring-blue-500/20"[39m
            
[33mplaceholder[39m=[32m"0m"[39m
            
[33mtype[39m=[32m"text"[39m
            [33mvalue[39m=[32m""[39m
          [36m/>[39m

        [36m</div>[39m
        [36m<div[39m
          
[33mclass[39m=[32m"space-y-1"[39m
        [36m>[39m
          [36m<label[39m
            [33mclass[39m=[32m"peer-di
sabled:cursor-not-allowed 
peer-disabled:opacity-70 text-[9px] 
font-bold text-neutral-500 uppercase 
pl-1"[39m
          [36m>[39m
            [0mTraining[0m
          [36m</label>[39m
          [36m<input[39m
            [33mclass[39m=[32m"flex 
w-full rounded-md border px-3 py-2 
ring-offset-black file:border-0 
file:bg-transparent file:text-sm 
file:font-medium 
placeholder:text-neutral-500 
focus-visible:outline-none 
focus-visible:ring-2 
focus-visible:border-yellow-500/50 
transition-all 
disabled:cursor-not-allowed 
disabled:opacity-50 h-8 bg-black/40 
border-white/5 text-xs font-mono 
focus-visible:ring-blue-500/20"[39m
            
[33mplaceholder[39m=[32m"0m"[39m
            
[33mtype[39m=[32m"text"[39m
            [33mvalue[39m=[32m""[39m
          [36m/>[39m
        [36m</div>[39m
        [36m<div[39m
          
[33mclass[39m=[32m"space-y-1"[39m
        [36m>[39m
          [36m<label[39m
            [33mclass[39m=[32m"peer-di
sabled:cursor-not-allowed 
peer-disabled:opacity-70 text-[9px] 
font-bold text-neutral-500 uppercase 
pl-1"[39m
          [36m>[39m
            [0mHealing[0m
          [36m</label>[39m
          [36m<input[39m
            [33mclass[39m=[32m"flex 
w-full rounded-md border px-3 py-2 
ring-offset-black file:border-0 
file:bg-transparent file:text-sm 
file:font-medium 
placeholder:text-neutral-500 
focus-visible:outline-none 
focus-visible:ring-2 
focus-visible:border-yellow-500/50 
transition-all 
disabled:cursor-not-allowed 
disabled:opacity-50 h-8 bg-black/40 
border-white/5 text-xs font-mono 
focus-visible:ring-blue-500/20"[39m
            
[33mplaceholder[39m=[32m"0m"[39m
            
[33mtype[39m=[32m"text"[39m
            [33mvalue[39m=[32m""[39m
          [36m/>[39m
        [36m</div>[39m
        [36m<div[39m
          
[33mclass[39m=[32m"space-y-1"[39m
        [36m>[39m
          [36m<label[39m
            [33mclass[39m=[32m"peer-di
sabled:cursor-not-allowed 
peer-disabled:opacity-70 text-[9px] 
font-bold text-neutral-500 uppercase 
pl-1"[39m
          [36m>[39m
            [0mUniversal[0m
          [36m</label>[39m
          [36m<input[39m
            [33mclass[39m=[32m"flex 
w-full rounded-md border px-3 py-2 
ring-offset-black file:border-0 
file:bg-transparent file:text-sm 
file:font-medium 
placeholder:text-neutral-500 
focus-visible:outline-none 
focus-visible:ring-2 
focus-visible:border-yellow-500/50 
transition-all 
disabled:cursor-not-allowed 
disabled:opacity-50 h-8 bg-black/40 
border-white/5 text-xs font-mono 
focus-visible:ring-blue-500/20"[39m
            
[33mplaceholder[39m=[32m"0m"[39m
[2m Test Files [22m [1m[31m2 failed[39m[22m[2m | [22m[1m[32m8 passed[39m[22m[90m (10)[39m
[2m      Tests [22m [1m[31m2 failed[39m[22m[2m | [22m[1m[32m52 passed[39m[22m[90m (54)[39m
[2m   Start at [22m 18:03:47
[2m   Duration [22m 43.02s

[1m[41m FAIL [49m[22m [31mTests failed. Watching for file changes...[39m
       [2mpress [22m[1mh[22m[2m to show help[22m[2m, [22m[2mpress [22m[1mq[22m[2m to quit[22m
            
[33mtype[39m=[32m"text"[39m
            [33mvalue[39m=[32m""[39m
          [36m/>[39m
        [36m</div>[39m
        [36m<div[39m
          
[33mclass[39m=[32m"col-span-1 p-2 
rounded-lg bg-white/5 border 
border-white/10 flex flex-col 
justify-center items-center"[39m
        [36m>[39m
          [36m<span[39m
            
[33mclass[39m=[32m"text-[8px] 
text-neutral-500 font-bold 
uppercase"[39m
          [36m>[39m
            [0mTotal Packaged[0m
          [36m</span>[39m
          [36m<span[39m
            
[33mclass[39m=[32m"text-xs font-black 
text-white"[39m
          [36m>[39m
            [0m0[0m
            [0mm[0m
          [36m</span>[39m
        [36m</div>[39m
      [36m</div>[39m
    [36m</div>[39m
  [36m</div>[39m
[36m</body>[39m
[90m [2mÔØ»[22m 
Object.getElementError node_modules/.pnpm
/@testing-library+dom@10.4.1/node_modules
/@testing-library/dom/dist/config.js:[2m
37:19[22m[39m
[90m [2mÔØ»[22m node_modules/.pnpm/@te
sting-library+dom@10.4.1/node_modules/@te
sting-library/dom/dist/query-helpers.js:
[2m76:38[22m[39m
[90m [2mÔØ»[22m node_modules/.pnpm/@te
sting-library+dom@10.4.1/node_modules/@te
sting-library/dom/dist/query-helpers.js:
[2m52:17[22m[39m
[90m [2mÔØ»[22m getByText node_modules
/.pnpm/@testing-library+dom@10.4.1/node_m
odules/@testing-library/dom/dist/query-he
lpers.js:[2m95:19[22m[39m
[36m [2mÔØ»[22m src/test/SpeedupInputs
.test.tsx:[2m30:23[22m[39m
    [90m 28| [39m    
[34mit[39m([32m'renders all speedup 
category inputs'[39m[33m,[39m () 
[33m=>[39m {
    [90m 29| [39m        [34mrender[3
9m([33m<[39m[33mSpeedupInputs[39m 
[33m/[39m[33m>[39m)[33m;[39m
    [90m 30| [39m        [34mexpect[3
9m(screen[33m.[39m[34mgetByText[39m(
[32m'building'[39m))[33m.[39m[34mtoBe
InTheDocument[39m()[33m;[39m
    [90m   | [39m                      
[31m^[39m
    [90m 31| [39m        [34mexpect[3
9m(screen[33m.[39m[34mgetByText[39m(
[32m'research'[39m))[33m.[39m[34mtoBe
InTheDocument[39m()[33m;[39m
    [90m 32| [39m        [34mexpect[3
9m(screen[33m.[39m[34mgetByText[39m(
[32m'training'[39m))[33m.[39m[34mtoBe
InTheDocument[39m()[33m;[39m

[31m[2mÔÄ»ÔÄ»ÔÄ»ÔÄ»ÔÄ»ÔÄ»ÔÄ»ÔÄ»ÔÄ»ÔÄ»ÔÄ
»ÔÄ»ÔÄ»ÔÄ»ÔÄ»ÔÄ»ÔÄ»ÔÄ»ÔÄ»ÔÄ»ÔÄ»ÔÄ»ÔÄ»ÔÄ»[
2/2]ÔÄ»[22m[39m

c[3J[1m[44m RERUN [49m[22m [34m[2msrc/components/missions-grid/ChallengeTotal.tsx [22m[39m

 [31mÔØ»[39m src/test/SpeedupInputs.test.tsx [2m([22m[2m7 tests[22m[2m | [22m[31m1 failed[39m[2m)[22m[33m 675[2mms[22m[39m
[31m     [31m├ù[31m renders all speedup category inputs[39m[33m 331[2mms[22m[39m
     [32mÔ£ô[39m displays speedup volume label and conversion rate[32m 62[2mms[22m[39m
     [32mÔ£ô[39m updates store when speedup value changes for a category[32m 73[2mms[22m[39m
     [32mÔ£ô[39m displays total packaged minutes correctly[32m 31[2mms[22m[39m
     [32mÔ£ô[39m does not show volume yield when total is zero[32m 53[2mms[22m[39m
     [32mÔ£ô[39m displays correct token calculation for 480 minutes[32m 31[2mms[22m[39m
     [32mÔ£ô[39m includes calculated speedup time in token calculation[32m 82[2mms[22m[39m
 [32mÔ£ô[39m src/test/ChallengeTotal.test.tsx [2m([22m[2m4 tests[22m[2m)[22m[32m 115[2mms[22m[39m
 [31mÔØ»[39m src/test/MissionsGrid.test.tsx [2m([22m[2m6 tests[22m[2m | [22m[31m1 failed[39m[2m)[22m[33m 654[2mms[22m[39m
     [32mÔ£ô[39m renders all three mission cards[32m 232[2mms[22m[39m
     [32mÔ£ô[39m renders daily card with missions[32m 113[2mms[22m[39m
     [32mÔ£ô[39m renders all challenge mission buttons[32m 99[2mms[22m[39m
[31m     [31m├ù[31m renders repeatable card inputs[39m[32m 91[2mms[22m[39m
     [32mÔ£ô[39m displays correct initial totals[32m 63[2mms[22m[39m
     [32mÔ£ô[39m displays training calculator only for troop power mission[32m 52[2mms[22m[39m
 [32mÔ£ô[39m src/test/App.test.tsx [2m([22m[2m2 tests[22m[2m)[22m[33m 1154[2mms[22m[39m
     [33m[2mÔ£ô[22m[39m renders the header [33m 977[2mms[22m[39m

[31mÔÄ»ÔÄ»ÔÄ»ÔÄ»ÔÄ»ÔÄ»ÔÄ»[39m[1m[41m 
Failed Tests 1 
[49m[22m[31mÔÄ»ÔÄ»ÔÄ»ÔÄ»ÔÄ»ÔÄ»ÔÄ»[39m

[41m[1m FAIL [22m[49m 
src/test/MissionsGrid.test.tsx[2m > 
[22mMissionsGrid Integration Tests[2m 
> [22mrenders repeatable card inputs
[31m[1mTestingLibraryElementError[22m
[39m: Unable to find an element with the 
text: building. This could be because 
the text is broken up by multiple 
elements. In this case, you can provide 
a function for your text matcher to make 
your matcher more flexible.

Ignored nodes: comments, script, style
[36m<body>[39m
  [36m<div>[39m
    [36m<div[39m
      [33mclass[39m=[32m"grid 
grid-cols-1 md:grid-cols-2 
lg:grid-cols-3 gap-6"[39m
    [36m>[39m
      [36m<div[39m
        [33mclass[39m=[32m"rounded-xl 
border text-neutral-50 flex flex-col 
border-white/5 bg-white/2 
shadow-[0_8px_32px_rgba(0,0,0,0.4)] 
backdrop-blur-xl"[39m
      [36m>[39m
        [36m<div[39m
          [33mclass[39m=[32m"flex 
flex-col space-y-1.5 p-6 bg-blue-500/5 
pb-4 border-b border-white/5"[39m
        [36m>[39m
          [36m<div[39m
            [33mclass[39m=[32m"flex 
items-center gap-3"[39m
          [36m>[39m
            [36m<div[39m
              [33mclass[39m=[32m"p-2 
rounded-lg bg-blue-500/10 border 
border-blue-500/20"[39m
            [36m>[39m
              [36m<svg[39m
                
[33maria-hidden[39m=[32m"true"[39m
                
[33mclass[39m=[32m"lucide 
lucide-target w-5 h-5 text-blue-400"[39m
                
[33mfill[39m=[32m"none"[39m
                
[33mheight[39m=[32m"24"[39m
                
[33mstroke[39m=[32m"currentColor"[39m
                [33mstroke-linecap[39m=
[32m"round"[39m
                [33mstroke-linejoin[39m
=[32m"round"[39m
                
[33mstroke-width[39m=[32m"2"[39m
                
[33mviewBox[39m=[32m"0 0 24 24"[39m
                
[33mwidth[39m=[32m"24"[39m
                [33mxmlns[39m=[32m"htt
p://www.w3.org/2000/svg"[39m
              [36m>[39m
                [36m<circle[39m
                  
[33mcx[39m=[32m"12"[39m
                  
[33mcy[39m=[32m"12"[39m
                  
[33mr[39m=[32m"10"[39m
                [36m/>[39m
                [36m<circle[39m
                  
[33mcx[39m=[32m"12"[39m
                  
[33mcy[39m=[32m"12"[39m
                  
[33mr[39m=[32m"6"[39m
                [36m/>[39m
                [36m<circle[39m
                  
[33mcx[39m=[32m"12"[39m
                  
[33mcy[39m=[32m"12"[39m
                  
[33mr[39m=[32m"2"[39m
                [36m/>[39m
              [36m</svg>[39m
            [36m</div>[39m
            [36m<div>[39m
              [36m<h3[39m
                
[33mclass[39m=[32m"font-semibold 
tracking-tight text-lg text-white"[39m
              [36m>[39m
                [0mDaily[0m
              [36m</h3>[39m
              [36m<p[39m
                
[33mclass[39m=[32m"text-sm 
text-neutral-400"[39m
              [36m>[39m
                [0mLimit: 5 Days[0m
              [36m</p>[39m
            [36m</div>[39m
          [36m</div>[39m
        [36m</div>[39m
        [36m<div[39m
          [33mclass[39m=[32m"p-6 
space-y-4 pt-6 flex-1"[39m
        [36m>[39m
          [36m<div[39m
            [33mclass[39m=[32m"p-3 
rounded-lg bg-black/20 border 
border-white/5 space-y-2 relative group 
overflow-hidden"[39m
          [36m>[39m
            [36m<div[39m
              [33mclass[39m=[32m"flex 
justify-between items-center"[39m
            [36m>[39m
              [36m<label[39m
                [33mclass[39m=[32m"pee
r-disabled:cursor-not-allowed 
peer-disabled:opacity-70 text-sm 
font-bold text-neutral-300"[39m
              [36m>[39m
                [0mLog In[0m
              [36m</label>[39m
              [36m<span[39m
                
[33mclass[39m=[32m"text-[10px] 
font-black px-1.5 py-0.5 rounded 
bg-blue-500/10 text-blue-400 uppercase 
tracking-tighter"[39m
              [36m>[39m
                [0mAssumed: 5 Days[0m
              [36m</span>[39m
            [36m</div>[39m
            [36m<div[39m
              [33mclass[39m=[32m"flex 
justify-between items-end"[39m
            [36m>[39m
              [36m<span[39m
                
[33mclass[39m=[32m"text-[10px] 
text-neutral-500 font-bold uppercase 
tracking-widest"[39m
              [36m>[39m
                [0m2[0m
                [0m [0m
                [0mTokens[0m
                [0m [0m
                [0m/ Day[0m
              [36m</span>[39m
              [36m<span[39m
                
[33mclass[39m=[32m"text-lg font-black 
text-white"[39m
              [36m>[39m
                [0m+[0m
                [0m10[0m
                [0m [0m
                [0mTotal[0m
              [36m</span>[39m
            [36m</div>[39m
          [36m</div>[39m
          [36m<div[39m
            [33mclass[39m=[32m"p-3 
rounded-lg bg-black/20 border 
border-white/5 space-y-2 relative group 
overflow-hidden"[39m
          [36m>[39m
            [36m<div[39m
              [33mclass[39m=[32m"flex 
justify-between items-center"[39m
            [36m>[39m
              [36m<label[39m
                [33mclass[39m=[32m"pee
r-disabled:cursor-not-allowed 
peer-disabled:opacity-70 text-sm 
font-bold text-neutral-300"[39m
              [36m>[39m
                [0mDefeat Barbarians 
(100)[0m
              [36m</label>[39m
              [36m<span[39m
                
[33mclass[39m=[32m"text-[10px] 
font-black px-1.5 py-0.5 rounded 
bg-blue-500/10 text-blue-400 uppercase 
tracking-tighter"[39m
              [36m>[39m
                [0mAssumed: 5 Days[0m
              [36m</span>[39m
            [36m</div>[39m
            [36m<div[39m
              [33mclass[39m=[32m"flex 
justify-between items-end"[39m
            [36m>[39m
              [36m<span[39m
                
[33mclass[39m=[32m"text-[10px] 
text-neutral-500 font-bold uppercase 
tracking-widest"[39m
              [36m>[39m
                [0m10[0m
                [0m [0m
                [0mTokens[0m
                [0m [0m
                [0m/ Day[0m
              [36m</span>[39m
              [36m<span[39m
                
[33mclass[39m=[32m"text-lg font-black 
text-white"[39m
              [36m>[39m
                [0m+[0m
                [0m50[0m
                [0m [0m
                [0mTotal[0m
              [36m</span>[39m
            [36m</div>[39m
            [36m<div[39m
              
[33mclass[39m=[32m"absolute inset-0 
bg-blue-500 border border-blue-400 
opacity-0 group-hover:opacity-10 
transition-opacity 
pointer-events-none"[39m
            [36m/>[39m
          [36m</div>[39m
          [36m<div[39m
            [33mclass[39m=[32m"p-3 
rounded-lg bg-black/20 border 
border-white/5 space-y-2 relative group 
overflow-hidden"[39m
          [36m>[39m
            [36m<div[39m
              [33mclass[39m=[32m"flex 
justify-between items-center"[39m
            [36m>[39m
              [36m<label[39m
                [33mclass[39m=[32m"pee
r-disabled:cursor-not-allowed 
peer-disabled:opacity-70 text-sm 
font-bold text-neutral-300"[39m
              [36m>[39m
                [0mGather 2Million 
Resources[0m
              [36m</label>[39m
              [36m<span[39m
                
[33mclass[39m=[32m"text-[10px] 
font-black px-1.5 py-0.5 rounded 
bg-blue-500/10 text-blue-400 ...
[90m [2mÔØ»[22m 
Object.getElementError node_modules/.pnpm
/@testing-library+dom@10.4.1/node_modules
/@testing-library/dom/dist/config.js:[2m
37:19[22m[39m
[90m [2mÔØ»[22m node_modules/.pnpm/@te
sting-library+dom@10.4.1/node_modules/@te
sting-library/dom/dist/query-helpers.js:
[2m76:38[22m[39m
[90m [2mÔØ»[22m node_modules/.pnpm/@te
sting-library+dom@10.4.1/node_modules/@te
sting-library/dom/dist/query-helpers.js:
[2m52:17[22m[39m
[90m [2mÔØ»[22m getByText node_modules
/.pnpm/@testing-library+dom@10.4.1/node_m
odules/@testing-library/dom/dist/query-he
lpers.js:[2m95:19[22m[39m
[36m [2mÔØ»[22m src/test/MissionsGrid.
test.tsx:[2m54:23[22m[39m
    [90m 52| [39m        [34mrender[3
9m([33m<[39m[33mMissionsGrid[39m 
[33m/[39m[33m>[39m)[33m;[39m
    [90m 53| [39m        expect(screen.
getByPlaceholderText(t('missionsGrid.gems
CalculaÔÇª
    [90m 54| [39m        [34mexpect[3
9m(screen[33m.[39m[34mgetByText[39m(
[32m'building'[39m))[33m.[39m[34mtoBe
InTheDocument[39m()[33m;[39m
    [90m   | [39m                      
[31m^[39m
    [90m 55| [39m        [34mexpect[3
9m(screen[33m.[39m[34mgetByText[39m(
[32m'research'[39m))[33m.[39m[34mtoBe
InTheDocument[39m()[33m;[39m
    [90m 56| [39m    })[33m;[39m

[31m[2mÔÄ»ÔÄ»ÔÄ»ÔÄ»ÔÄ»ÔÄ»ÔÄ»ÔÄ»ÔÄ»ÔÄ»ÔÄ
»ÔÄ»ÔÄ»ÔÄ»ÔÄ»ÔÄ»ÔÄ»ÔÄ»ÔÄ»ÔÄ»ÔÄ»ÔÄ»ÔÄ»ÔÄ»[
1/1]ÔÄ»[22m[39m


[2m Test Files [22m [1m[31m2 failed[39m[22m[2m | [22m[1m[32m2 passed[39m[22m[90m (4)[39m
[2m      Tests [22m [1m[31m2 failed[39m[22m[2m | [22m[1m[32m17 passed[39m[22m[90m (19)[39m
[2m   Start at [22m 18:04:14
[2m   Duration [22m 6.45s

[1m[41m FAIL [49m[22m [31mTests failed. Watching for file changes...[39m
       [2mpress [22m[1mh[22m[2m to show help[22m[2m, [22m[2mpress [22m[1mq[22m[2m to quit[22m
c[3J[1m[44m RERUN [49m[22m [34m[2msrc/translations/en/commander-selection.json [22m[39m

 [31mÔØ»[39m src/test/MissionsGrid.test.tsx [2m([22m[2m6 tests[22m[2m | [22m[31m1 failed[39m[2m)[22m[33m 754[2mms[22m[39m
     [32mÔ£ô[39m renders all three mission cards[32m 229[2mms[22m[39m
     [32mÔ£ô[39m renders daily card with missions[32m 119[2mms[22m[39m
     [32mÔ£ô[39m renders all challenge mission buttons[32m 107[2mms[22m[39m
[31m     [31m├ù[31m renders repeatable card inputs[39m[32m 183[2mms[22m[39m
     [32mÔ£ô[39m displays correct initial totals[32m 60[2mms[22m[39m
     [32mÔ£ô[39m displays training calculator only for troop power mission[32m 51[2mms[22m[39m
 [32mÔ£ô[39m src/test/ChallengeMissionButton.test.tsx [2m([22m[2m4 tests[22m[2m)[22m[33m 756[2mms[22m[39m
     [33m[2mÔ£ô[22m[39m shows inactive state when mission is not completed [33m 398[2mms[22m[39m
 [31mÔØ»[39m src/test/SpeedupInputs.test.tsx [2m([22m[2m7 tests[22m[2m | [22m[31m1 failed[39m[2m)[22m[33m 327[2mms[22m[39m
[31m     [31m├ù[31m renders all speedup category inputs[39m[32m 183[2mms[22m[39m
     [32mÔ£ô[39m displays speedup volume label and conversion rate[32m 25[2mms[22m[39m
     [32mÔ£ô[39m updates store when speedup value changes for a category[32m 41[2mms[22m[39m
     [32mÔ£ô[39m displays total packaged minutes correctly[32m 20[2mms[22m[39m
     [32mÔ£ô[39m does not show volume yield when total is zero[32m 15[2mms[22m[39m
     [32mÔ£ô[39m displays correct token calculation for 480 minutes[32m 16[2mms[22m[39m
     [32mÔ£ô[39m includes calculated speedup time in token calculation[32m 22[2mms[22m[39m
 [32mÔ£ô[39m src/test/SpeedupCalculator.test.tsx [2m([22m[2m6 tests[22m[2m)[22m[33m 358[2mms[22m[39m
 [32mÔ£ô[39m src/test/App.test.tsx [2m([22m[2m2 tests[22m[2m)[22m[33m 1547[2mms[22m[39m
     [33m[2mÔ£ô[22m[39m renders the header [33m 1309[2mms[22m[39m
 [32mÔ£ô[39m src/test/GemsInput.test.tsx [2m([22m[2m6 tests[22m[2m)[22m[32m 295[2mms[22m[39m
 [32mÔ£ô[39m src/test/use-calculator-store.test.ts [2m([22m[2m6 tests[22m[2m)[22m[32m 17[2mms[22m[39m
 [32mÔ£ô[39m src/test/utils.test.ts [2m([22m[2m8 tests[22m[2m)[22m[32m 12[2mms[22m[39m
 [32mÔ£ô[39m src/test/ChallengeTotal.test.tsx [2m([22m[2m4 tests[22m[2m)[22m[32m 104[2mms[22m[39m
 [32mÔ£ô[39m src/test/DailyCard.test.tsx [2m([22m[2m5 tests[22m[2m)[22m[32m 249[2mms[22m[39m

[31mÔÄ»ÔÄ»ÔÄ»ÔÄ»ÔÄ»ÔÄ»ÔÄ»[39m[1m[41m 
Failed Tests 2 
[49m[22m[31mÔÄ»ÔÄ»ÔÄ»ÔÄ»ÔÄ»ÔÄ»ÔÄ»[39m

[41m[1m FAIL [22m[49m 
src/test/MissionsGrid.test.tsx[2m > 
[22mMissionsGrid Integration Tests[2m 
> [22mrenders repeatable card inputs
[31m[1mTestingLibraryElementError[22m
[39m: Unable to find an element with the 
text: building. This could be because 
the text is broken up by multiple 
elements. In this case, you can provide 
a function for your text matcher to make 
your matcher more flexible.

Ignored nodes: comments, script, style
[36m<body>[39m
  [36m<div>[39m
    [36m<div[39m
      [33mclass[39m=[32m"grid 
grid-cols-1 md:grid-cols-2 
lg:grid-cols-3 gap-6"[39m
    [36m>[39m
      [36m<div[39m
        [33mclass[39m=[32m"rounded-xl 
border text-neutral-50 flex flex-col 
border-white/5 bg-white/2 
shadow-[0_8px_32px_rgba(0,0,0,0.4)] 
backdrop-blur-xl"[39m
      [36m>[39m
        [36m<div[39m
          [33mclass[39m=[32m"flex 
flex-col space-y-1.5 p-6 bg-blue-500/5 
pb-4 border-b border-white/5"[39m
        [36m>[39m
          [36m<div[39m
            [33mclass[39m=[32m"flex 
items-center gap-3"[39m
          [36m>[39m
            [36m<div[39m
              [33mclass[39m=[32m"p-2 
rounded-lg bg-blue-500/10 border 
border-blue-500/20"[39m
            [36m>[39m
              [36m<svg[39m
                
[33maria-hidden[39m=[32m"true"[39m
                
[33mclass[39m=[32m"lucide 
lucide-target w-5 h-5 text-blue-400"[39m
                
[33mfill[39m=[32m"none"[39m
                
[33mheight[39m=[32m"24"[39m
                
[33mstroke[39m=[32m"currentColor"[39m
                [33mstroke-linecap[39m=
[32m"round"[39m
                [33mstroke-linejoin[39m
=[32m"round"[39m
                
[33mstroke-width[39m=[32m"2"[39m
                
[33mviewBox[39m=[32m"0 0 24 24"[39m
                
[33mwidth[39m=[32m"24"[39m
                [33mxmlns[39m=[32m"htt
p://www.w3.org/2000/svg"[39m
              [36m>[39m
                [36m<circle[39m
                  
[33mcx[39m=[32m"12"[39m
                  
[33mcy[39m=[32m"12"[39m
                  
[33mr[39m=[32m"10"[39m
                [36m/>[39m
                [36m<circle[39m
                  
[33mcx[39m=[32m"12"[39m
                  
[33mcy[39m=[32m"12"[39m
                  
[33mr[39m=[32m"6"[39m
                [36m/>[39m
                [36m<circle[39m
                  
[33mcx[39m=[32m"12"[39m
                  
[33mcy[39m=[32m"12"[39m
                  
[33mr[39m=[32m"2"[39m
                [36m/>[39m
              [36m</svg>[39m
            [36m</div>[39m
            [36m<div>[39m
              [36m<h3[39m
                
[33mclass[39m=[32m"font-semibold 
tracking-tight text-lg text-white"[39m
              [36m>[39m
                [0mDaily[0m
              [36m</h3>[39m
              [36m<p[39m
                
[33mclass[39m=[32m"text-sm 
text-neutral-400"[39m
              [36m>[39m
                [0mLimit: 5 Days[0m
              [36m</p>[39m
            [36m</div>[39m
          [36m</div>[39m
        [36m</div>[39m
        [36m<div[39m
          [33mclass[39m=[32m"p-6 
space-y-4 pt-6 flex-1"[39m
        [36m>[39m
          [36m<div[39m
            [33mclass[39m=[32m"p-3 
rounded-lg bg-black/20 border 
border-white/5 space-y-2 relative group 
overflow-hidden"[39m
          [36m>[39m
            [36m<div[39m
              [33mclass[39m=[32m"flex 
justify-between items-center"[39m
            [36m>[39m
              [36m<label[39m
                [33mclass[39m=[32m"pee
r-disabled:cursor-not-allowed 
peer-disabled:opacity-70 text-sm 
font-bold text-neutral-300"[39m
              [36m>[39m
                [0mLog In[0m
              [36m</label>[39m
              [36m<span[39m
                
[33mclass[39m=[32m"text-[10px] 
font-black px-1.5 py-0.5 rounded 
bg-blue-500/10 text-blue-400 uppercase 
tracking-tighter"[39m
              [36m>[39m
                [0mAssumed: 5 Days[0m
              [36m</span>[39m
            [36m</div>[39m
            [36m<div[39m
              [33mclass[39m=[32m"flex 
justify-between items-end"[39m
            [36m>[39m
              [36m<span[39m
                
[33mclass[39m=[32m"text-[10px] 
text-neutral-500 font-bold uppercase 
tracking-widest"[39m
              [36m>[39m
                [0m2[0m
                [0m [0m
                [0mTokens[0m
                [0m [0m
                [0m/ Day[0m
              [36m</span>[39m
              [36m<span[39m
                
[33mclass[39m=[32m"text-lg font-black 
text-white"[39m
              [36m>[39m
                [0m+[0m
                [0m10[0m
                [0m [0m
                [0mTotal[0m
              [36m</span>[39m
            [36m</div>[39m
          [36m</div>[39m
          [36m<div[39m
            [33mclass[39m=[32m"p-3 
rounded-lg bg-black/20 border 
border-white/5 space-y-2 relative group 
overflow-hidden"[39m
          [36m>[39m
            [36m<div[39m
              [33mclass[39m=[32m"flex 
justify-between items-center"[39m
            [36m>[39m
              [36m<label[39m
                [33mclass[39m=[32m"pee
r-disabled:cursor-not-allowed 
peer-disabled:opacity-70 text-sm 
font-bold text-neutral-300"[39m
              [36m>[39m
                [0mDefeat Barbarians 
(100)[0m
              [36m</label>[39m
              [36m<span[39m
                
[33mclass[39m=[32m"text-[10px] 
font-black px-1.5 py-0.5 rounded 
bg-blue-500/10 text-blue-400 uppercase 
tracking-tighter"[39m
              [36m>[39m
                [0mAssumed: 5 Days[0m
              [36m</span>[39m
            [36m</div>[39m
            [36m<div[39m
              [33mclass[39m=[32m"flex 
justify-between items-end"[39m
            [36m>[39m
              [36m<span[39m
                
[33mclass[39m=[32m"text-[10px] 
text-neutral-500 font-bold uppercase 
tracking-widest"[39m
              [36m>[39m
                [0m10[0m
                [0m [0m
                [0mTokens[0m
                [0m [0m
                [0m/ Day[0m
              [36m</span>[39m
              [36m<span[39m
                
[33mclass[39m=[32m"text-lg font-black 
text-white"[39m
              [36m>[39m
                [0m+[0m
                [0m50[0m
                [0m [0m
                [0mTotal[0m
              [36m</span>[39m
            [36m</div>[39m
            [36m<div[39m
              
[33mclass[39m=[32m"absolute inset-0 
bg-blue-500 border border-blue-400 
opacity-0 group-hover:opacity-10 
transition-opacity 
pointer-events-none"[39m
            [36m/>[39m
          [36m</div>[39m
          [36m<div[39m
            [33mclass[39m=[32m"p-3 
rounded-lg bg-black/20 border 
border-white/5 space-y-2 relative group 
overflow-hidden"[39m
          [36m>[39m
            [36m<div[39m
              [33mclass[39m=[32m"flex 
justify-between items-center"[39m
            [36m>[39m
              [36m<label[39m
                [33mclass[39m=[32m"pee
r-disabled:cursor-not-allowed 
peer-disabled:opacity-70 text-sm 
font-bold text-neutral-300"[39m
              [36m>[39m
                [0mGather 2Million 
Resources[0m
              [36m</label>[39m
              [36m<span[39m
                
[33mclass[39m=[32m"text-[10px] 
font-black px-1.5 py-0.5 rounded 
bg-blue-500/10 text-blue-400 ...
[90m [2mÔØ»[22m 
Object.getElementError node_modules/.pnpm
/@testing-library+dom@10.4.1/node_modules
/@testing-library/dom/dist/config.js:[2m
37:19[22m[39m
[90m [2mÔØ»[22m node_modules/.pnpm/@te
sting-library+dom@10.4.1/node_modules/@te
sting-library/dom/dist/query-helpers.js:
[2m76:38[22m[39m
[90m [2mÔØ»[22m node_modules/.pnpm/@te
sting-library+dom@10.4.1/node_modules/@te
sting-library/dom/dist/query-helpers.js:
[2m52:17[22m[39m
[90m [2mÔØ»[22m getByText node_modules
/.pnpm/@testing-library+dom@10.4.1/node_m
odules/@testing-library/dom/dist/query-he
lpers.js:[2m95:19[22m[39m
[36m [2mÔØ»[22m src/test/MissionsGrid.
test.tsx:[2m54:23[22m[39m
    [90m 52| [39m        [34mrender[3
9m([33m<[39m[33mMissionsGrid[39m 
[33m/[39m[33m>[39m)[33m;[39m
    [90m 53| [39m        expect(screen.
getByPlaceholderText(t('missionsGrid.gems
CalculaÔÇª
    [90m 54| [39m        [34mexpect[3
9m(screen[33m.[39m[34mgetByText[39m(
[32m'building'[39m))[33m.[39m[34mtoBe
InTheDocument[39m()[33m;[39m
    [90m   | [39m                      
[31m^[39m
    [90m 55| [39m        [34mexpect[3
9m(screen[33m.[39m[34mgetByText[39m(
[32m'research'[39m))[33m.[39m[34mtoBe
InTheDocument[39m()[33m;[39m
    [90m 56| [39m    })[33m;[39m

[31m[2mÔÄ»ÔÄ»ÔÄ»ÔÄ»ÔÄ»ÔÄ»ÔÄ»ÔÄ»ÔÄ»ÔÄ»ÔÄ
»ÔÄ»ÔÄ»ÔÄ»ÔÄ»ÔÄ»ÔÄ»ÔÄ»ÔÄ»ÔÄ»ÔÄ»ÔÄ»ÔÄ»ÔÄ»[
1/2]ÔÄ»[22m[39m

[41m[1m FAIL [22m[49m 
src/test/SpeedupInputs.test.tsx[2m > 
[22mSpeedupInputs Component[2m > 
[22mrenders all speedup category inputs
[31m[1mTestingLibraryElementError[22m
[39m: Unable to find an element with the 
text: building. This could be because 
the text is broken up by multiple 
elements. In this case, you can provide 
a function for your text matcher to make 
your matcher more flexible.

Ignored nodes: comments, script, style
[36m<body>[39m
  [36m<div>[39m
    [36m<div[39m
      [33mclass[39m=[32m"space-y-3 
pt-2"[39m
    [36m>[39m
      [36m<div[39m
        [33mclass[39m=[32m"flex 
justify-between items-center px-1"[39m
      [36m>[39m
        [36m<label[39m
          [33mclass[39m=[32m"peer-disa
bled:cursor-not-allowed 
peer-disabled:opacity-70 text-[10px] 
font-black text-neutral-400 uppercase 
tracking-widest"[39m
        [36m>[39m
          [0mSpeedup Volume (min)[0m
        [36m</label>[39m
        [36m<span[39m
          
[33mclass[39m=[32m"text-[10px] 
font-bold text-blue-500/60 
uppercase"[39m
        [36m>[39m
          [0m2 Per 480m[0m
        [36m</span>[39m
      [36m</div>[39m
      [36m<div[39m
        [33mclass[39m=[32m"flex gap-1 
bg-black/40 p-1 rounded-md border 
border-white/5 mb-2"[39m
      [36m>[39m
        [36m<button[39m
          [33mclass[39m=[32m"
                            flex-1 px-2 
py-1.5 text-[10px] font-bold uppercase 
rounded transition-all
                            
bg-blue-500/20 text-blue-400 shadow-[0_0_
10px_-3px_rgba(59,130,246,0.3)]
                        "[39m
        [36m>[39m
          [0mauto[0m
        [36m</button>[39m
        [36m<button[39m
          [33mclass[39m=[32m"
                            flex-1 px-2 
py-1.5 text-[10px] font-bold uppercase 
rounded transition-all
                            
text-neutral-500 hover:text-neutral-300 
hover:bg-white/5
                        "[39m
        [36m>[39m
          [0mdays[0m
        [36m</button>[39m
        [36m<button[39m
          [33mclass[39m=[32m"
                            flex-1 px-2 
py-1.5 text-[10px] font-bold uppercase 
rounded transition-all
                            
text-neutral-500 hover:text-neutral-300 
hover:bg-white/5
                        "[39m
        [36m>[39m
          [0mminutes[0m
        [36m</button>[39m
      [36m</div>[39m
      [36m<div[39m
        [33mclass[39m=[32m"grid 
grid-cols-2 gap-x-4 gap-y-3"[39m
      [36m>[39m
        [36m<div[39m
          
[33mclass[39m=[32m"space-y-1"[39m
        [36m>[39m
          [36m<label[39m
            [33mclass[39m=[32m"peer-di
sabled:cursor-not-allowed 
peer-disabled:opacity-70 text-[9px] 
font-bold text-neutral-500 uppercase 
pl-1"[39m
          [36m>[39m
            [0mBuilding[0m
          [36m</label>[39m
          [36m<input[39m
            [33mclass[39m=[32m"flex 
w-full rounded-md border px-3 py-2 
ring-offset-black file:border-0 
file:bg-transparent file:text-sm 
file:font-medium 
placeholder:text-neutral-500 
focus-visible:outline-none 
focus-visible:ring-2 
focus-visible:border-yellow-500/50 
transition-all 
disabled:cursor-not-allowed 
disabled:opacity-50 h-8 bg-black/40 
border-white/5 text-xs font-mono 
focus-visible:ring-blue-500/20"[39m
            
[33mplaceholder[39m=[32m"0m"[39m
            
[33mtype[39m=[32m"text"[39m
            [33mvalue[39m=[32m""[39m
          [36m/>[39m
        [36m</div>[39m
        [36m<div[39m
          
[33mclass[39m=[32m"space-y-1"[39m
        [36m>[39m
          [36m<label[39m
            [33mclass[39m=[32m"peer-di
sabled:cursor-not-allowed 
peer-disabled:opacity-70 text-[9px] 
font-bold text-neutral-500 uppercase 
pl-1"[39m
          [36m>[39m
            [0mResearch[0m
          [36m</label>[39m
          [36m<input[39m
            [33mclass[39m=[32m"flex 
w-full rounded-md border px-3 py-2 
ring-offset-black file:border-0 
file:bg-transparent file:text-sm 
file:font-medium 
placeholder:text-neutral-500 
focus-visible:outline-none 
focus-visible:ring-2 
focus-visible:border-yellow-500/50 
transition-all 
disabled:cursor-not-allowed 
disabled:opacity-50 h-8 bg-black/40 
border-white/5 text-xs font-mono 
focus-visible:ring-blue-500/20"[39m
            
[33mplaceholder[39m=[32m"0m"[39m
            
[33mtype[39m=[32m"text"[39m
            [33mvalue[39m=[32m""[39m
          [36m/>[39m
        [36m</div>[39m
        [36m<div[39m
          
[33mclass[39m=[32m"space-y-1"[39m
        [36m>[39m
          [36m<label[39m
            [33mclass[39m=[32m"peer-di
sabled:cursor-not-allowed 
peer-disabled:opacity-70 text-[9px] 
font-bold text-neutral-500 uppercase 
pl-1"[39m
          [36m>[39m
            [0mTraining[0m
          [36m</label>[39m
          [36m<input[39m
            [33mclass[39m=[32m"flex 
w-full rounded-md border px-3 py-2 
ring-offset-black file:border-0 
file:bg-transparent file:text-sm 
file:font-medium 
placeholder:text-neutral-500 
focus-visible:outline-none 
focus-visible:ring-2 
focus-visible:border-yellow-500/50 
transition-all 
disabled:cursor-not-allowed 
disabled:opacity-50 h-8 bg-black/40 
border-white/5 text-xs font-mono 
focus-visible:ring-blue-500/20"[39m
            
[33mplaceholder[39m=[32m"0m"[39m
            
[33mtype[39m=[32m"text"[39m
            [33mvalue[39m=[32m""[39m
          [36m/>[39m
        [36m</div>[39m
        [36m<div[39m
          
[33mclass[39m=[32m"space-y-1"[39m
        [36m>[39m
          [36m<label[39m
            [33mclass[39m=[32m"peer-di
sabled:cursor-not-allowed 
peer-disabled:opacity-70 text-[9px] 
font-bold text-neutral-500 uppercase 
pl-1"[39m
          [36m>[39m
            [0mHealing[0m
          [36m</label>[39m
          [36m<input[39m
            [33mclass[39m=[32m"flex 
w-full rounded-md border px-3 py-2 
ring-offset-black file:border-0 
file:bg-transparent file:text-sm 
file:font-medium 
placeholder:text-neutral-500 
focus-visible:outline-none 
focus-visible:ring-2 
focus-visible:border-yellow-500/50 
transition-all 
disabled:cursor-not-allowed 
disabled:opacity-50 h-8 bg-black/40 
border-white/5 text-xs font-mono 
focus-visible:ring-blue-500/20"[39m
            
[33mplaceholder[39m=[32m"0m"[39m
            
[33mtype[39m=[32m"text"[39m
            [33mvalue[39m=[32m""[39m
          [36m/>[39m
        [36m</div>[39m
        [36m<div[39m
          
[33mclass[39m=[32m"space-y-1"[39m
        [36m>[39m
          [36m<label[39m
            [33mclass[39m=[32m"peer-di
sabled:cursor-not-allowed 
peer-disabled:opacity-70 text-[9px] 
font-bold text-neutral-500 uppercase 
pl-1"[39m
          [36m>[39m
            [0mUniversal[0m
          [36m</label>[39m
          [36m<input[39m
            [33mclass[39m=[32m"flex 
w-full rounded-md border px-3 py-2 
ring-offset-black file:border-0 
file:bg-transparent file:text-sm 
file:font-medium 
placeholder:text-neutral-500 
focus-visible:outline-none 
focus-visible:ring-2 
focus-visible:border-yellow-500/50 
transition-all 
disabled:cursor-not-allowed 
disabled:opacity-50 h-8 bg-black/40 
border-white/5 text-xs font-mono 
focus-visible:ring-blue-500/20"[39m
            
[33mplaceholder[39m=[32m"0m"[39m
            
[33mtype[39m=[32m"text"[39m
            [33mvalue[39m=[32m""[39m
          [36m/>[39m
        [36m</div>[39m
        [36m<div[39m

[2m Test Files [22m [1m[31m2 failed[39m[22m[2m | [22m[1m[32m8 passed[39m[22m[90m (10)[39m
[2m      Tests [22m [1m[31m2 failed[39m[22m[2m | [22m[1m[32m52 passed[39m[22m[90m (54)[39m
[2m   Start at [22m 18:04:26
[2m   Duration [22m 26.49s

[1m[41m FAIL [49m[22m [31mTests failed. Watching for file changes...[39m
       [2mpress [22m[1mh[22m[2m to show help[22m[2m, [22m[2mpress [22m[1mq[22m[2m to quit[22m
          
[33mclass[39m=[32m"col-span-1 p-2 
rounded-lg bg-white/5 border 
border-white/10 flex flex-col 
justify-center items-center"[39m
        [36m>[39m
          [36m<span[39m
            
[33mclass[39m=[32m"text-[8px] 
text-neutral-500 font-bold 
uppercase"[39m
          [36m>[39m
            [0mTotal Packaged[0m
          [36m</span>[39m
          [36m<span[39m
            
[33mclass[39m=[32m"text-xs font-black 
text-white"[39m
          [36m>[39m
            [0m0[0m
            [0mm[0m
          [36m</span>[39m
        [36m</div>[39m
      [36m</div>[39m
    [36m</div>[39m
  [36m</div>[39m
[36m</body>[39m
[90m [2mÔØ»[22m 
Object.getElementError node_modules/.pnpm
/@testing-library+dom@10.4.1/node_modules
/@testing-library/dom/dist/config.js:[2m
37:19[22m[39m
[90m [2mÔØ»[22m node_modules/.pnpm/@te
sting-library+dom@10.4.1/node_modules/@te
sting-library/dom/dist/query-helpers.js:
[2m76:38[22m[39m
[90m [2mÔØ»[22m node_modules/.pnpm/@te
sting-library+dom@10.4.1/node_modules/@te
sting-library/dom/dist/query-helpers.js:
[2m52:17[22m[39m
[90m [2mÔØ»[22m getByText node_modules
/.pnpm/@testing-library+dom@10.4.1/node_m
odules/@testing-library/dom/dist/query-he
lpers.js:[2m95:19[22m[39m
[36m [2mÔØ»[22m src/test/SpeedupInputs
.test.tsx:[2m30:23[22m[39m
    [90m 28| [39m    
[34mit[39m([32m'renders all speedup 
category inputs'[39m[33m,[39m () 
[33m=>[39m {
    [90m 29| [39m        [34mrender[3
9m([33m<[39m[33mSpeedupInputs[39m 
[33m/[39m[33m>[39m)[33m;[39m
    [90m 30| [39m        [34mexpect[3
9m(screen[33m.[39m[34mgetByText[39m(
[32m'building'[39m))[33m.[39m[34mtoBe
InTheDocument[39m()[33m;[39m
    [90m   | [39m                      
[31m^[39m
    [90m 31| [39m        [34mexpect[3
9m(screen[33m.[39m[34mgetByText[39m(
[32m'research'[39m))[33m.[39m[34mtoBe
InTheDocument[39m()[33m;[39m
    [90m 32| [39m        [34mexpect[3
9m(screen[33m.[39m[34mgetByText[39m(
[32m'training'[39m))[33m.[39m[34mtoBe
InTheDocument[39m()[33m;[39m

[31m[2mÔÄ»ÔÄ»ÔÄ»ÔÄ»ÔÄ»ÔÄ»ÔÄ»ÔÄ»ÔÄ»ÔÄ»ÔÄ
»ÔÄ»ÔÄ»ÔÄ»ÔÄ»ÔÄ»ÔÄ»ÔÄ»ÔÄ»ÔÄ»ÔÄ»ÔÄ»ÔÄ»ÔÄ»[
2/2]ÔÄ»[22m[39m

c[3J[1m[44m RERUN [49m[22m [34m[2msrc/components/commander-selection/CommanderList.tsx [22m[34mx7 [34m[39m

 [31mÔØ»[39m src/test/SpeedupInputs.test.tsx [2m([22m[2m7 tests[22m[2m | [22m[31m1 failed[39m[2m)[22m[33m 327[2mms[22m[39m
[31m     [31m├ù[31m renders all speedup category inputs[39m[32m 183[2mms[22m[39m
     [32mÔ£ô[39m displays speedup volume label and conversion rate[32m 25[2mms[22m[39m
     [32mÔ£ô[39m updates store when speedup value changes for a category[32m 41[2mms[22m[39m
     [32mÔ£ô[39m displays total packaged minutes correctly[32m 20[2mms[22m[39m
     [32mÔ£ô[39m does not show volume yield when total is zero[32m 15[2mms[22m[39m
     [32mÔ£ô[39m displays correct token calculation for 480 minutes[32m 16[2mms[22m[39m
     [32mÔ£ô[39m includes calculated speedup time in token calculation[32m 22[2mms[22m[39m
 [31mÔØ»[39m src/test/MissionsGrid.test.tsx [2m([22m[2m6 tests[22m[2m | [22m[31m1 failed[39m[2m)[22m[33m 754[2mms[22m[39m
     [32mÔ£ô[39m renders all three mission cards[32m 229[2mms[22m[39m
     [32mÔ£ô[39m renders daily card with missions[32m 119[2mms[22m[39m
     [32mÔ£ô[39m renders all challenge mission buttons[32m 107[2mms[22m[39m
[31m     [31m├ù[31m renders repeatable card inputs[39m[32m 183[2mms[22m[39m
     [32mÔ£ô[39m displays correct initial totals[32m 60[2mms[22m[39m
     [32mÔ£ô[39m displays training calculator only for troop power mission[32m 51[2mms[22m[39m
 [32mÔ£ô[39m src/test/App.test.tsx [2m([22m[2m2 tests[22m[2m)[22m[33m 791[2mms[22m[39m
     [33m[2mÔ£ô[22m[39m renders the header [33m 654[2mms[22m[39m

[2m Test Files [22m [1m[31m2 failed[39m[22m[2m | [22m[1m[32m1 passed[39m[22m[90m (3)[39m
[2m      Tests [22m [1m[31m2 failed[39m[22m[2m | [22m[1m[32m13 passed[39m[22m[90m (15)[39m
[2m   Start at [22m 18:04:43
[2m   Duration [22m 1.87s

[1m[42m PASS [49m[22m [32mWaiting for file changes...[39m
       [2mpress [22m[1mh[22m[2m to show help[22m[2m, [22m[2mpress [22m[1mq[22m[2m to quit[22m
c[3J[1m[44m RERUN [49m[22m [34m[2msrc/lib/utils.ts [22m[39m

 [31mÔØ»[39m src/test/SpeedupInputs.test.tsx [2m([22m[2m7 tests[22m[2m | [22m[31m1 failed[39m[2m)[22m[33m 415[2mms[22m[39m
[31m     [31m├ù[31m renders all speedup category inputs[39m[32m 225[2mms[22m[39m
     [32mÔ£ô[39m displays speedup volume label and conversion rate[32m 27[2mms[22m[39m
     [32mÔ£ô[39m updates store when speedup value changes for a category[32m 49[2mms[22m[39m
     [32mÔ£ô[39m displays total packaged minutes correctly[32m 19[2mms[22m[39m
     [32mÔ£ô[39m does not show volume yield when total is zero[32m 16[2mms[22m[39m
     [32mÔ£ô[39m displays correct token calculation for 480 minutes[32m 50[2mms[22m[39m
     [32mÔ£ô[39m includes calculated speedup time in token calculation[32m 24[2mms[22m[39m
 [32mÔ£ô[39m src/test/SpeedupCalculator.test.tsx [2m([22m[2m6 tests[22m[2m)[22m[32m 218[2mms[22m[39m
 [31mÔØ»[39m src/test/MissionsGrid.test.tsx [2m([22m[2m6 tests[22m[2m | [22m[31m1 failed[39m[2m)[22m[33m 817[2mms[22m[39m
     [32mÔ£ô[39m renders all three mission cards[32m 217[2mms[22m[39m
     [32mÔ£ô[39m renders daily card with missions[32m 198[2mms[22m[39m
     [32mÔ£ô[39m renders all challenge mission buttons[32m 157[2mms[22m[39m
[31m     [31m├ù[31m renders repeatable card inputs[39m[32m 119[2mms[22m[39m
     [32mÔ£ô[39m displays correct initial totals[32m 75[2mms[22m[39m
     [32mÔ£ô[39m displays training calculator only for troop power mission[32m 47[2mms[22m[39m
 [32mÔ£ô[39m src/test/GemsInput.test.tsx [2m([22m[2m6 tests[22m[2m)[22m[32m 251[2mms[22m[39m
 [32mÔ£ô[39m src/test/ChallengeMissionButton.test.tsx [2m([22m[2m4 tests[22m[2m)[22m[33m 590[2mms[22m[39m
     [33m[2mÔ£ô[22m[39m shows inactive state when mission is not completed [33m 361[2mms[22m[39m
 [32mÔ£ô[39m src/test/App.test.tsx [2m([22m[2m2 tests[22m[2m)[22m[33m 1291[2mms[22m[39m
     [33m[2mÔ£ô[22m[39m renders the header [33m 1074[2mms[22m[39m
 [31mÔØ»[39m src/test/use-calculator-store.test.ts [2m([22m[2m6 tests[22m[2m | [22m[31m1 failed[39m[2m)[22m[32m 27[2mms[22m[39m
     [32mÔ£ô[39m should toggle a commander selection[32m 6[2mms[22m[39m
     [32mÔ£ô[39m should calculate total cost accounting for minSpend requirements[32m 2[2mms[22m[39m
     [32mÔ£ô[39m should calculate needed tokens correctly with minSpend requirements[32m 1[2mms[22m[39m
     [32mÔ£ô[39m should update unlock status based on both tokens AND selection dependencies[32m 1[2mms[22m[39m
     [32mÔ£ô[39m should correctly report isTierUnlocked[32m 1[2mms[22m[39m
[31m     [31m├ù[31m should correctly report getTierUnlockRequirement[39m[32m 13[2mms[22m[39m
 [32mÔ£ô[39m src/test/utils.test.ts [2m([22m[2m8 tests[22m[2m)[22m[32m 11[2mms[22m[39m
 [32mÔ£ô[39m src/test/ChallengeTotal.test.tsx [2m([22m[2m4 tests[22m[2m)[22m[32m 116[2mms[22m[39m
 [32mÔ£ô[39m src/test/DailyCard.test.tsx [2m([22m[2m5 tests[22m[2m)[22m[32m 226[2mms[22m[39m

[31mÔÄ»ÔÄ»ÔÄ»ÔÄ»ÔÄ»ÔÄ»ÔÄ»[39m[1m[41m 
Failed Tests 3 
[49m[22m[31mÔÄ»ÔÄ»ÔÄ»ÔÄ»ÔÄ»ÔÄ»ÔÄ»[39m

[41m[1m FAIL [22m[49m 
src/test/MissionsGrid.test.tsx[2m > 
[22mMissionsGrid Integration Tests[2m 
> [22mrenders repeatable card inputs
[31m[1mTestingLibraryElementError[22m
[39m: Unable to find an element with the 
text: building. This could be because 
the text is broken up by multiple 
elements. In this case, you can provide 
a function for your text matcher to make 
your matcher more flexible.

Ignored nodes: comments, script, style
[36m<body>[39m
  [36m<div>[39m
    [36m<div[39m
      [33mclass[39m=[32m"grid 
grid-cols-1 md:grid-cols-2 
lg:grid-cols-3 gap-6"[39m
    [36m>[39m
      [36m<div[39m
        [33mclass[39m=[32m"rounded-xl 
border text-neutral-50 flex flex-col 
border-white/5 bg-white/2 
shadow-[0_8px_32px_rgba(0,0,0,0.4)] 
backdrop-blur-xl"[39m
      [36m>[39m
        [36m<div[39m
          [33mclass[39m=[32m"flex 
flex-col space-y-1.5 p-6 bg-blue-500/5 
pb-4 border-b border-white/5"[39m
        [36m>[39m
          [36m<div[39m
            [33mclass[39m=[32m"flex 
items-center gap-3"[39m
          [36m>[39m
            [36m<div[39m
              [33mclass[39m=[32m"p-2 
rounded-lg bg-blue-500/10 border 
border-blue-500/20"[39m
            [36m>[39m
              [36m<svg[39m
                
[33maria-hidden[39m=[32m"true"[39m
                
[33mclass[39m=[32m"lucide 
lucide-target w-5 h-5 text-blue-400"[39m
                
[33mfill[39m=[32m"none"[39m
                
[33mheight[39m=[32m"24"[39m
                
[33mstroke[39m=[32m"currentColor"[39m
                [33mstroke-linecap[39m=
[32m"round"[39m
                [33mstroke-linejoin[39m
=[32m"round"[39m
                
[33mstroke-width[39m=[32m"2"[39m
                
[33mviewBox[39m=[32m"0 0 24 24"[39m
                
[33mwidth[39m=[32m"24"[39m
                [33mxmlns[39m=[32m"htt
p://www.w3.org/2000/svg"[39m
              [36m>[39m
                [36m<circle[39m
                  
[33mcx[39m=[32m"12"[39m
                  
[33mcy[39m=[32m"12"[39m
                  
[33mr[39m=[32m"10"[39m
                [36m/>[39m
                [36m<circle[39m
                  
[33mcx[39m=[32m"12"[39m
                  
[33mcy[39m=[32m"12"[39m
                  
[33mr[39m=[32m"6"[39m
                [36m/>[39m
                [36m<circle[39m
                  
[33mcx[39m=[32m"12"[39m
                  
[33mcy[39m=[32m"12"[39m
                  
[33mr[39m=[32m"2"[39m
                [36m/>[39m
              [36m</svg>[39m
            [36m</div>[39m
            [36m<div>[39m
              [36m<h3[39m
                
[33mclass[39m=[32m"font-semibold 
tracking-tight text-lg text-white"[39m
              [36m>[39m
                [0mDaily[0m
              [36m</h3>[39m
              [36m<p[39m
                
[33mclass[39m=[32m"text-sm 
text-neutral-400"[39m
              [36m>[39m
                [0mLimit: 5 Days[0m
              [36m</p>[39m
            [36m</div>[39m
          [36m</div>[39m
        [36m</div>[39m
        [36m<div[39m
          [33mclass[39m=[32m"p-6 
space-y-4 pt-6 flex-1"[39m
        [36m>[39m
          [36m<div[39m
            [33mclass[39m=[32m"p-3 
rounded-lg bg-black/20 border 
border-white/5 space-y-2 relative group 
overflow-hidden"[39m
          [36m>[39m
            [36m<div[39m
              [33mclass[39m=[32m"flex 
justify-between items-center"[39m
            [36m>[39m
              [36m<label[39m
                [33mclass[39m=[32m"pee
r-disabled:cursor-not-allowed 
peer-disabled:opacity-70 text-sm 
font-bold text-neutral-300"[39m
              [36m>[39m
                [0mLog In[0m
              [36m</label>[39m
              [36m<span[39m
                
[33mclass[39m=[32m"text-[10px] 
font-black px-1.5 py-0.5 rounded 
bg-blue-500/10 text-blue-400 uppercase 
tracking-tighter"[39m
              [36m>[39m
                [0mAssumed: 5 Days[0m
              [36m</span>[39m
            [36m</div>[39m
            [36m<div[39m
              [33mclass[39m=[32m"flex 
justify-between items-end"[39m
            [36m>[39m
              [36m<span[39m
                
[33mclass[39m=[32m"text-[10px] 
text-neutral-500 font-bold uppercase 
tracking-widest"[39m
              [36m>[39m
                [0m2[0m
                [0m [0m
                [0mTokens[0m
                [0m [0m
                [0m/ Day[0m
              [36m</span>[39m
              [36m<span[39m
                
[33mclass[39m=[32m"text-lg font-black 
text-white"[39m
              [36m>[39m
                [0m+[0m
                [0m10[0m
                [0m [0m
                [0mTotal[0m
              [36m</span>[39m
            [36m</div>[39m
          [36m</div>[39m
          [36m<div[39m
            [33mclass[39m=[32m"p-3 
rounded-lg bg-black/20 border 
border-white/5 space-y-2 relative group 
overflow-hidden"[39m
          [36m>[39m
            [36m<div[39m
              [33mclass[39m=[32m"flex 
justify-between items-center"[39m
            [36m>[39m
              [36m<label[39m
                [33mclass[39m=[32m"pee
r-disabled:cursor-not-allowed 
peer-disabled:opacity-70 text-sm 
font-bold text-neutral-300"[39m
              [36m>[39m
                [0mDefeat Barbarians 
(100)[0m
              [36m</label>[39m
              [36m<span[39m
                
[33mclass[39m=[32m"text-[10px] 
font-black px-1.5 py-0.5 rounded 
bg-blue-500/10 text-blue-400 uppercase 
tracking-tighter"[39m
              [36m>[39m
                [0mAssumed: 5 Days[0m
              [36m</span>[39m
            [36m</div>[39m
            [36m<div[39m
              [33mclass[39m=[32m"flex 
justify-between items-end"[39m
            [36m>[39m
              [36m<span[39m
                
[33mclass[39m=[32m"text-[10px] 
text-neutral-500 font-bold uppercase 
tracking-widest"[39m
              [36m>[39m
                [0m10[0m
                [0m [0m
                [0mTokens[0m
                [0m [0m
                [0m/ Day[0m
              [36m</span>[39m
              [36m<span[39m
                
[33mclass[39m=[32m"text-lg font-black 
text-white"[39m
              [36m>[39m
                [0m+[0m
                [0m50[0m
                [0m [0m
                [0mTotal[0m
              [36m</span>[39m
            [36m</div>[39m
            [36m<div[39m
              
[33mclass[39m=[32m"absolute inset-0 
bg-blue-500 border border-blue-400 
opacity-0 group-hover:opacity-10 
transition-opacity 
pointer-events-none"[39m
            [36m/>[39m
          [36m</div>[39m
          [36m<div[39m
            [33mclass[39m=[32m"p-3 
rounded-lg bg-black/20 border 
border-white/5 space-y-2 relative group 
overflow-hidden"[39m
          [36m>[39m
            [36m<div[39m
              [33mclass[39m=[32m"flex 
justify-between items-center"[39m
            [36m>[39m
              [36m<label[39m
                [33mclass[39m=[32m"pee
r-disabled:cursor-not-allowed 
peer-disabled:opacity-70 text-sm 
font-bold text-neutral-300"[39m
              [36m>[39m
                [0mGather 2Million 
Resources[0m
              [36m</label>[39m
              [36m<span[39m
                
[33mclass[39m=[32m"text-[10px] 
font-black px-1.5 py-0.5 rounded 
bg-blue-500/10 text-blue-400 ...
[90m [2mÔØ»[22m 
Object.getElementError node_modules/.pnpm
/@testing-library+dom@10.4.1/node_modules
/@testing-library/dom/dist/config.js:[2m
37:19[22m[39m
[90m [2mÔØ»[22m node_modules/.pnpm/@te
sting-library+dom@10.4.1/node_modules/@te
sting-library/dom/dist/query-helpers.js:
[2m76:38[22m[39m
[90m [2mÔØ»[22m node_modules/.pnpm/@te
sting-library+dom@10.4.1/node_modules/@te
sting-library/dom/dist/query-helpers.js:
[2m52:17[22m[39m
[90m [2mÔØ»[22m getByText node_modules
/.pnpm/@testing-library+dom@10.4.1/node_m
odules/@testing-library/dom/dist/query-he
lpers.js:[2m95:19[22m[39m
[90m [2mÔØ»[22m src/test/MissionsGrid.
test.tsx:[2m54:23[22m[39m

[31m[2mÔÄ»ÔÄ»ÔÄ»ÔÄ»ÔÄ»ÔÄ»ÔÄ»ÔÄ»ÔÄ»ÔÄ»ÔÄ
»ÔÄ»ÔÄ»ÔÄ»ÔÄ»ÔÄ»ÔÄ»ÔÄ»ÔÄ»ÔÄ»ÔÄ»ÔÄ»ÔÄ»ÔÄ»[
1/3]ÔÄ»[22m[39m

[41m[1m FAIL [22m[49m 
src/test/SpeedupInputs.test.tsx[2m > 
[22mSpeedupInputs Component[2m > 
[22mrenders all speedup category inputs
[31m[1mTestingLibraryElementError[22m
[39m: Unable to find an element with the 
text: building. This could be because 
the text is broken up by multiple 
elements. In this case, you can provide 
a function for your text matcher to make 
your matcher more flexible.

Ignored nodes: comments, script, style
[36m<body>[39m
  [36m<div>[39m
    [36m<div[39m
      [33mclass[39m=[32m"space-y-3 
pt-2"[39m
    [36m>[39m
      [36m<div[39m
        [33mclass[39m=[32m"flex 
justify-between items-center px-1"[39m
      [36m>[39m
        [36m<label[39m
          [33mclass[39m=[32m"peer-disa
bled:cursor-not-allowed 
peer-disabled:opacity-70 text-[10px] 
font-black text-neutral-400 uppercase 
tracking-widest"[39m
        [36m>[39m
          [0mSpeedup Volume (min)[0m
        [36m</label>[39m
        [36m<span[39m
          
[33mclass[39m=[32m"text-[10px] 
font-bold text-blue-500/60 
uppercase"[39m
        [36m>[39m
          [0m2 Per 480m[0m
        [36m</span>[39m
      [36m</div>[39m
      [36m<div[39m
        [33mclass[39m=[32m"flex gap-1 
bg-black/40 p-1 rounded-md border 
border-white/5 mb-2"[39m
      [36m>[39m
        [36m<button[39m
          [33mclass[39m=[32m"
                            flex-1 px-2 
py-1.5 text-[10px] font-bold uppercase 
rounded transition-all
                            
bg-blue-500/20 text-blue-400 shadow-[0_0_
10px_-3px_rgba(59,130,246,0.3)]
                        "[39m
        [36m>[39m
          [0mauto[0m
        [36m</button>[39m
        [36m<button[39m
          [33mclass[39m=[32m"
                            flex-1 px-2 
py-1.5 text-[10px] font-bold uppercase 
rounded transition-all
                            
text-neutral-500 hover:text-neutral-300 
hover:bg-white/5
                        "[39m
        [36m>[39m
          [0mdays[0m
        [36m</button>[39m
        [36m<button[39m
          [33mclass[39m=[32m"
                            flex-1 px-2 
py-1.5 text-[10px] font-bold uppercase 
rounded transition-all
                            
text-neutral-500 hover:text-neutral-300 
hover:bg-white/5
                        "[39m
        [36m>[39m
          [0mminutes[0m
        [36m</button>[39m
      [36m</div>[39m
      [36m<div[39m
        [33mclass[39m=[32m"grid 
grid-cols-2 gap-x-4 gap-y-3"[39m
      [36m>[39m
        [36m<div[39m
          
[33mclass[39m=[32m"space-y-1"[39m
        [36m>[39m
          [36m<label[39m
            [33mclass[39m=[32m"peer-di
sabled:cursor-not-allowed 
peer-disabled:opacity-70 text-[9px] 
font-bold text-neutral-500 uppercase 
pl-1"[39m
          [36m>[39m
            [0mBuilding[0m
          [36m</label>[39m
          [36m<input[39m
            [33mclass[39m=[32m"flex 
w-full rounded-md border px-3 py-2 
ring-offset-black file:border-0 
file:bg-transparent file:text-sm 
file:font-medium 
placeholder:text-neutral-500 
focus-visible:outline-none 
focus-visible:ring-2 
focus-visible:border-yellow-500/50 
transition-all 
disabled:cursor-not-allowed 
disabled:opacity-50 h-8 bg-black/40 
border-white/5 text-xs font-mono 
focus-visible:ring-blue-500/20"[39m
            
[33mplaceholder[39m=[32m"0m"[39m
            
[33mtype[39m=[32m"text"[39m
            [33mvalue[39m=[32m""[39m
          [36m/>[39m
        [36m</div>[39m
        [36m<div[39m
          
[33mclass[39m=[32m"space-y-1"[39m
        [36m>[39m
          [36m<label[39m
            [33mclass[39m=[32m"peer-di
sabled:cursor-not-allowed 
peer-disabled:opacity-70 text-[9px] 
font-bold text-neutral-500 uppercase 
pl-1"[39m
          [36m>[39m
            [0mResearch[0m
          [36m</label>[39m
          [36m<input[39m
            [33mclass[39m=[32m"flex 
w-full rounded-md border px-3 py-2 
ring-offset-black file:border-0 
file:bg-transparent file:text-sm 
file:font-medium 
placeholder:text-neutral-500 
focus-visible:outline-none 
focus-visible:ring-2 
focus-visible:border-yellow-500/50 
transition-all 
disabled:cursor-not-allowed 
disabled:opacity-50 h-8 bg-black/40 
border-white/5 text-xs font-mono 
focus-visible:ring-blue-500/20"[39m
            
[33mplaceholder[39m=[32m"0m"[39m
            
[33mtype[39m=[32m"text"[39m
            [33mvalue[39m=[32m""[39m
          [36m/>[39m
        [36m</div>[39m
        [36m<div[39m
          
[33mclass[39m=[32m"space-y-1"[39m
        [36m>[39m
          [36m<label[39m
            [33mclass[39m=[32m"peer-di
sabled:cursor-not-allowed 
peer-disabled:opacity-70 text-[9px] 
font-bold text-neutral-500 uppercase 
pl-1"[39m
          [36m>[39m
            [0mTraining[0m
          [36m</label>[39m
          [36m<input[39m
            [33mclass[39m=[32m"flex 
w-full rounded-md border px-3 py-2 
ring-offset-black file:border-0 
file:bg-transparent file:text-sm 
file:font-medium 
placeholder:text-neutral-500 
focus-visible:outline-none 
focus-visible:ring-2 
focus-visible:border-yellow-500/50 
transition-all 
disabled:cursor-not-allowed 
disabled:opacity-50 h-8 bg-black/40 
border-white/5 text-xs font-mono 
focus-visible:ring-blue-500/20"[39m
            
[33mplaceholder[39m=[32m"0m"[39m
            
[33mtype[39m=[32m"text"[39m
            [33mvalue[39m=[32m""[39m
          [36m/>[39m
        [36m</div>[39m
        [36m<div[39m
          
[33mclass[39m=[32m"space-y-1"[39m
        [36m>[39m
          [36m<label[39m
            [33mclass[39m=[32m"peer-di
sabled:cursor-not-allowed 
peer-disabled:opacity-70 text-[9px] 
font-bold text-neutral-500 uppercase 
pl-1"[39m
          [36m>[39m
            [0mHealing[0m
          [36m</label>[39m
          [36m<input[39m
            [33mclass[39m=[32m"flex 
w-full rounded-md border px-3 py-2 
ring-offset-black file:border-0 
file:bg-transparent file:text-sm 
file:font-medium 
placeholder:text-neutral-500 
focus-visible:outline-none 
focus-visible:ring-2 
focus-visible:border-yellow-500/50 
transition-all 
disabled:cursor-not-allowed 
disabled:opacity-50 h-8 bg-black/40 
border-white/5 text-xs font-mono 
focus-visible:ring-blue-500/20"[39m
            
[33mplaceholder[39m=[32m"0m"[39m
            
[33mtype[39m=[32m"text"[39m
            [33mvalue[39m=[32m""[39m
          [36m/>[39m
        [36m</div>[39m
        [36m<div[39m
          
[33mclass[39m=[32m"space-y-1"[39m
        [36m>[39m
          [36m<label[39m
            [33mclass[39m=[32m"peer-di
sabled:cursor-not-allowed 
peer-disabled:opacity-70 text-[9px] 
font-bold text-neutral-500 uppercase 
pl-1"[39m
          [36m>[39m
            [0mUniversal[0m
          [36m</label>[39m
          [36m<input[39m
            [33mclass[39m=[32m"flex 
w-full rounded-md border px-3 py-2 
ring-offset-black file:border-0 
file:bg-transparent file:text-sm 
file:font-medium 
placeholder:text-neutral-500 
focus-visible:outline-none 
focus-visible:ring-2 
focus-visible:border-yellow-500/50 
transition-all 
disabled:cursor-not-allowed 
disabled:opacity-50 h-8 bg-black/40 
border-white/5 text-xs font-mono 
focus-visible:ring-blue-500/20"[39m
            
[33mplaceholder[39m=[32m"0m"[39m
            
[33mtype[39m=[32m"text"[39m
            [33mvalue[39m=[32m""[39m
          [36m/>[39m
        [36m</div>[39m
        [36m<div[39m
          
[33mclass[39m=[32m"col-span-1 p-2 
rounded-lg bg-white/5 border 
border-white/10 flex flex-col 
justify-center items-center"[39m
        [36m>[39m
          [36m<span[39m
            
[33mclass[39m=[32m"text-[8px] 
text-neutral-500 font-bold 
uppercase"[39m
          [36m>[39m
            [0mTotal Packaged[0m
          [36m</span>[39m

[2m Test Files [22m [1m[31m3 failed[39m[22m[2m | [22m[1m[32m7 passed[39m[22m[90m (10)[39m
[2m      Tests [22m [1m[31m3 failed[39m[22m[2m | [22m[1m[32m51 passed[39m[22m[90m (54)[39m
[2m   Start at [22m 18:04:59
[2m   Duration [22m 24.74s

[1m[41m FAIL [49m[22m [31mTests failed. Watching for file changes...[39m
       [2mpress [22m[1mh[22m[2m to show help[22m[2m, [22m[2mpress [22m[1mq[22m[2m to quit[22m
          [36m<span[39m
            
[33mclass[39m=[32m"text-xs font-black 
text-white"[39m
          [36m>[39m
            [0m0[0m
            [0mm[0m
          [36m</span>[39m
        [36m</div>[39m
      [36m</div>[39m
    [36m</div>[39m
  [36m</div>[39m
[36m</body>[39m
[90m [2mÔØ»[22m 
Object.getElementError node_modules/.pnpm
/@testing-library+dom@10.4.1/node_modules
/@testing-library/dom/dist/config.js:[2m
37:19[22m[39m
[90m [2mÔØ»[22m node_modules/.pnpm/@te
sting-library+dom@10.4.1/node_modules/@te
sting-library/dom/dist/query-helpers.js:
[2m76:38[22m[39m
[90m [2mÔØ»[22m node_modules/.pnpm/@te
sting-library+dom@10.4.1/node_modules/@te
sting-library/dom/dist/query-helpers.js:
[2m52:17[22m[39m
[90m [2mÔØ»[22m getByText node_modules
/.pnpm/@testing-library+dom@10.4.1/node_m
odules/@testing-library/dom/dist/query-he
lpers.js:[2m95:19[22m[39m
[90m [2mÔØ»[22m src/test/SpeedupInputs
.test.tsx:[2m30:23[22m[39m

[31m[2mÔÄ»ÔÄ»ÔÄ»ÔÄ»ÔÄ»ÔÄ»ÔÄ»ÔÄ»ÔÄ»ÔÄ»ÔÄ
»ÔÄ»ÔÄ»ÔÄ»ÔÄ»ÔÄ»ÔÄ»ÔÄ»ÔÄ»ÔÄ»ÔÄ»ÔÄ»ÔÄ»ÔÄ»[
2/3]ÔÄ»[22m[39m

[41m[1m FAIL [22m[49m src/test/use-ca
lculator-store.test.ts[2m > 
[22museCalculatorStore - Target 
Selection[2m > [22mshould correctly 
report getTierUnlockRequirement
[31m[1mAssertionError[22m: expected 
'Spend 400 more Tokens on Tier 1' to be 
'Spend 400 more tokens on Tier 1' // 
Object.is equality[39m

Expected: [32m"Spend 400 more 
[7mt[27mokens on Tier 1"[39m
Received: [31m"Spend 400 more 
[7mT[27mokens on Tier 1"[39m

[36m [2mÔØ»[22m src/test/use-calculato
r-store.test.ts:[2m134:45[22m[39m
    [90m132| [39m
    [90m133| [39m        [90m// Tier 
2 missing 400[39m
    [90m134| [39m        expect(getTier
UnlockRequirement(2)).toBe('Spend 400 
more tokenÔÇª
    [90m   | [39m                      
                      [31m^[39m
    [90m135| [39m
    [90m136| [39m        [90m// Add 
200 to Tier 1[39m

[31m[2mÔÄ»ÔÄ»ÔÄ»ÔÄ»ÔÄ»ÔÄ»ÔÄ»ÔÄ»ÔÄ»ÔÄ»ÔÄ
»ÔÄ»ÔÄ»ÔÄ»ÔÄ»ÔÄ»ÔÄ»ÔÄ»ÔÄ»ÔÄ»ÔÄ»ÔÄ»ÔÄ»ÔÄ»[
3/3]ÔÄ»[22m[39m

c[3J[1m[44m RERUN [49m[22m [34m[2msrc/lib/calculations.ts [22m[39m

 [31mÔØ»[39m src/test/use-calculator-store.test.ts [2m([22m[2m6 tests[22m[2m | [22m[31m1 failed[39m[2m)[22m[32m 32[2mms[22m[39m
     [32mÔ£ô[39m should toggle a commander selection[32m 7[2mms[22m[39m
     [32mÔ£ô[39m should calculate total cost accounting for minSpend requirements[32m 3[2mms[22m[39m
     [32mÔ£ô[39m should calculate needed tokens correctly with minSpend requirements[32m 2[2mms[22m[39m
     [32mÔ£ô[39m should update unlock status based on both tokens AND selection dependencies[32m 2[2mms[22m[39m
     [32mÔ£ô[39m should correctly report isTierUnlocked[32m 1[2mms[22m[39m
[31m     [31m├ù[31m should correctly report getTierUnlockRequirement[39m[32m 15[2mms[22m[39m
 [31mÔØ»[39m src/test/SpeedupInputs.test.tsx [2m([22m[2m7 tests[22m[2m | [22m[31m1 failed[39m[2m)[22m[33m 321[2mms[22m[39m
[31m     [31m├ù[31m renders all speedup category inputs[39m[32m 162[2mms[22m[39m
     [32mÔ£ô[39m displays speedup volume label and conversion rate[32m 28[2mms[22m[39m
     [32mÔ£ô[39m updates store when speedup value changes for a category[32m 49[2mms[22m[39m
     [32mÔ£ô[39m displays total packaged minutes correctly[32m 23[2mms[22m[39m
     [32mÔ£ô[39m does not show volume yield when total is zero[32m 16[2mms[22m[39m
     [32mÔ£ô[39m displays correct token calculation for 480 minutes[32m 20[2mms[22m[39m
     [32mÔ£ô[39m includes calculated speedup time in token calculation[32m 17[2mms[22m[39m
 [32mÔ£ô[39m src/test/GemsInput.test.tsx [2m([22m[2m6 tests[22m[2m)[22m[32m 245[2mms[22m[39m
 [31mÔØ»[39m src/test/MissionsGrid.test.tsx [2m([22m[2m6 tests[22m[2m | [22m[31m1 failed[39m[2m)[22m[33m 873[2mms[22m[39m
     [32mÔ£ô[39m renders all three mission cards[32m 213[2mms[22m[39m
     [32mÔ£ô[39m renders daily card with missions[32m 88[2mms[22m[39m
     [32mÔ£ô[39m renders all challenge mission buttons[32m 77[2mms[22m[39m
[31m     [31m├ù[31m renders repeatable card inputs[39m[33m 360[2mms[22m[39m
     [32mÔ£ô[39m displays correct initial totals[32m 75[2mms[22m[39m
     [32mÔ£ô[39m displays training calculator only for troop power mission[32m 55[2mms[22m[39m
 [32mÔ£ô[39m src/test/ChallengeMissionButton.test.tsx [2m([22m[2m4 tests[22m[2m)[22m[33m 802[2mms[22m[39m
     [33m[2mÔ£ô[22m[39m shows inactive state when mission is not completed [33m 462[2mms[22m[39m
 [32mÔ£ô[39m src/test/App.test.tsx [2m([22m[2m2 tests[22m[2m)[22m[33m 1453[2mms[22m[39m
     [33m[2mÔ£ô[22m[39m renders the header [33m 1220[2mms[22m[39m
 [32mÔ£ô[39m src/test/DailyCard.test.tsx [2m([22m[2m5 tests[22m[2m)[22m[32m 251[2mms[22m[39m
 [32mÔ£ô[39m src/test/utils.test.ts [2m([22m[2m8 tests[22m[2m)[22m[32m 11[2mms[22m[39m
 [32mÔ£ô[39m src/test/ChallengeTotal.test.tsx [2m([22m[2m4 tests[22m[2m)[22m[32m 125[2mms[22m[39m
 [32mÔ£ô[39m src/test/SpeedupCalculator.test.tsx [2m([22m[2m6 tests[22m[2m)[22m[32m 233[2mms[22m[39m

[31mÔÄ»ÔÄ»ÔÄ»ÔÄ»ÔÄ»ÔÄ»ÔÄ»[39m[1m[41m 
Failed Tests 3 
[49m[22m[31mÔÄ»ÔÄ»ÔÄ»ÔÄ»ÔÄ»ÔÄ»ÔÄ»[39m

[41m[1m FAIL [22m[49m 
src/test/MissionsGrid.test.tsx[2m > 
[22mMissionsGrid Integration Tests[2m 
> [22mrenders repeatable card inputs
[31m[1mTestingLibraryElementError[22m
[39m: Unable to find an element with the 
text: building. This could be because 
the text is broken up by multiple 
elements. In this case, you can provide 
a function for your text matcher to make 
your matcher more flexible.

Ignored nodes: comments, script, style
[36m<body>[39m
  [36m<div>[39m
    [36m<div[39m
      [33mclass[39m=[32m"grid 
grid-cols-1 md:grid-cols-2 
lg:grid-cols-3 gap-6"[39m
    [36m>[39m
      [36m<div[39m
        [33mclass[39m=[32m"rounded-xl 
border text-neutral-50 flex flex-col 
border-white/5 bg-white/2 
shadow-[0_8px_32px_rgba(0,0,0,0.4)] 
backdrop-blur-xl"[39m
      [36m>[39m
        [36m<div[39m
          [33mclass[39m=[32m"flex 
flex-col space-y-1.5 p-6 bg-blue-500/5 
pb-4 border-b border-white/5"[39m
        [36m>[39m
          [36m<div[39m
            [33mclass[39m=[32m"flex 
items-center gap-3"[39m
          [36m>[39m
            [36m<div[39m
              [33mclass[39m=[32m"p-2 
rounded-lg bg-blue-500/10 border 
border-blue-500/20"[39m
            [36m>[39m
              [36m<svg[39m
                
[33maria-hidden[39m=[32m"true"[39m
                
[33mclass[39m=[32m"lucide 
lucide-target w-5 h-5 text-blue-400"[39m
                
[33mfill[39m=[32m"none"[39m
                
[33mheight[39m=[32m"24"[39m
                
[33mstroke[39m=[32m"currentColor"[39m
                [33mstroke-linecap[39m=
[32m"round"[39m
                [33mstroke-linejoin[39m
=[32m"round"[39m
                
[33mstroke-width[39m=[32m"2"[39m
                
[33mviewBox[39m=[32m"0 0 24 24"[39m
                
[33mwidth[39m=[32m"24"[39m
                [33mxmlns[39m=[32m"htt
p://www.w3.org/2000/svg"[39m
              [36m>[39m
                [36m<circle[39m
                  
[33mcx[39m=[32m"12"[39m
                  
[33mcy[39m=[32m"12"[39m
                  
[33mr[39m=[32m"10"[39m
                [36m/>[39m
                [36m<circle[39m
                  
[33mcx[39m=[32m"12"[39m
                  
[33mcy[39m=[32m"12"[39m
                  
[33mr[39m=[32m"6"[39m
                [36m/>[39m
                [36m<circle[39m
                  
[33mcx[39m=[32m"12"[39m
                  
[33mcy[39m=[32m"12"[39m
                  
[33mr[39m=[32m"2"[39m
                [36m/>[39m
              [36m</svg>[39m
            [36m</div>[39m
            [36m<div>[39m
              [36m<h3[39m
                
[33mclass[39m=[32m"font-semibold 
tracking-tight text-lg text-white"[39m
              [36m>[39m
                [0mDaily[0m
              [36m</h3>[39m
              [36m<p[39m
                
[33mclass[39m=[32m"text-sm 
text-neutral-400"[39m
              [36m>[39m
                [0mLimit: 5 Days[0m
              [36m</p>[39m
            [36m</div>[39m
          [36m</div>[39m
        [36m</div>[39m
        [36m<div[39m
          [33mclass[39m=[32m"p-6 
space-y-4 pt-6 flex-1"[39m
        [36m>[39m
          [36m<div[39m
            [33mclass[39m=[32m"p-3 
rounded-lg bg-black/20 border 
border-white/5 space-y-2 relative group 
overflow-hidden"[39m
          [36m>[39m
            [36m<div[39m
              [33mclass[39m=[32m"flex 
justify-between items-center"[39m
            [36m>[39m
              [36m<label[39m
                [33mclass[39m=[32m"pee
r-disabled:cursor-not-allowed 
peer-disabled:opacity-70 text-sm 
font-bold text-neutral-300"[39m
              [36m>[39m
                [0mLog In[0m
              [36m</label>[39m
              [36m<span[39m
                
[33mclass[39m=[32m"text-[10px] 
font-black px-1.5 py-0.5 rounded 
bg-blue-500/10 text-blue-400 uppercase 
tracking-tighter"[39m
              [36m>[39m
                [0mAssumed: 5 Days[0m
              [36m</span>[39m
            [36m</div>[39m
            [36m<div[39m
              [33mclass[39m=[32m"flex 
justify-between items-end"[39m
            [36m>[39m
              [36m<span[39m
                
[33mclass[39m=[32m"text-[10px] 
text-neutral-500 font-bold uppercase 
tracking-widest"[39m
              [36m>[39m
                [0m2[0m
                [0m [0m
                [0mTokens[0m
                [0m [0m
                [0m/ Day[0m
              [36m</span>[39m
              [36m<span[39m
                
[33mclass[39m=[32m"text-lg font-black 
text-white"[39m
              [36m>[39m
                [0m+[0m
                [0m10[0m
                [0m [0m
                [0mTotal[0m
              [36m</span>[39m
            [36m</div>[39m
          [36m</div>[39m
          [36m<div[39m
            [33mclass[39m=[32m"p-3 
rounded-lg bg-black/20 border 
border-white/5 space-y-2 relative group 
overflow-hidden"[39m
          [36m>[39m
            [36m<div[39m
              [33mclass[39m=[32m"flex 
justify-between items-center"[39m
            [36m>[39m
              [36m<label[39m
                [33mclass[39m=[32m"pee
r-disabled:cursor-not-allowed 
peer-disabled:opacity-70 text-sm 
font-bold text-neutral-300"[39m
              [36m>[39m
                [0mDefeat Barbarians 
(100)[0m
              [36m</label>[39m
              [36m<span[39m
                
[33mclass[39m=[32m"text-[10px] 
font-black px-1.5 py-0.5 rounded 
bg-blue-500/10 text-blue-400 uppercase 
tracking-tighter"[39m
              [36m>[39m
                [0mAssumed: 5 Days[0m
              [36m</span>[39m
            [36m</div>[39m
            [36m<div[39m
              [33mclass[39m=[32m"flex 
justify-between items-end"[39m
            [36m>[39m
              [36m<span[39m
                
[33mclass[39m=[32m"text-[10px] 
text-neutral-500 font-bold uppercase 
tracking-widest"[39m
              [36m>[39m
                [0m10[0m
                [0m [0m
                [0mTokens[0m
                [0m [0m
                [0m/ Day[0m
              [36m</span>[39m
              [36m<span[39m
                
[33mclass[39m=[32m"text-lg font-black 
text-white"[39m
              [36m>[39m
                [0m+[0m
                [0m50[0m
                [0m [0m
                [0mTotal[0m
              [36m</span>[39m
            [36m</div>[39m
            [36m<div[39m
              
[33mclass[39m=[32m"absolute inset-0 
bg-blue-500 border border-blue-400 
opacity-0 group-hover:opacity-10 
transition-opacity 
pointer-events-none"[39m
            [36m/>[39m
          [36m</div>[39m
          [36m<div[39m
            [33mclass[39m=[32m"p-3 
rounded-lg bg-black/20 border 
border-white/5 space-y-2 relative group 
overflow-hidden"[39m
          [36m>[39m
            [36m<div[39m
              [33mclass[39m=[32m"flex 
justify-between items-center"[39m
            [36m>[39m
              [36m<label[39m
                [33mclass[39m=[32m"pee
r-disabled:cursor-not-allowed 
peer-disabled:opacity-70 text-sm 
font-bold text-neutral-300"[39m
              [36m>[39m
                [0mGather 2Million 
Resources[0m
              [36m</label>[39m
              [36m<span[39m
                
[33mclass[39m=[32m"text-[10px] 
font-black px-1.5 py-0.5 rounded 
bg-blue-500/10 text-blue-400 ...
[90m [2mÔØ»[22m 
Object.getElementError node_modules/.pnpm
/@testing-library+dom@10.4.1/node_modules
/@testing-library/dom/dist/config.js:[2m
37:19[22m[39m
[90m [2mÔØ»[22m node_modules/.pnpm/@te
sting-library+dom@10.4.1/node_modules/@te
sting-library/dom/dist/query-helpers.js:
[2m76:38[22m[39m
[90m [2mÔØ»[22m node_modules/.pnpm/@te
sting-library+dom@10.4.1/node_modules/@te
sting-library/dom/dist/query-helpers.js:
[2m52:17[22m[39m
[90m [2mÔØ»[22m getByText node_modules
/.pnpm/@testing-library+dom@10.4.1/node_m
odules/@testing-library/dom/dist/query-he
lpers.js:[2m95:19[22m[39m
[36m [2mÔØ»[22m src/test/MissionsGrid.
test.tsx:[2m54:23[22m[39m
    [90m 52| [39m        [34mrender[3
9m([33m<[39m[33mMissionsGrid[39m 
[33m/[39m[33m>[39m)[33m;[39m
    [90m 53| [39m        expect(screen.
getByPlaceholderText(t('missionsGrid.gems
CalculaÔÇª
    [90m 54| [39m        [34mexpect[3
9m(screen[33m.[39m[34mgetByText[39m(
[32m'building'[39m))[33m.[39m[34mtoBe
InTheDocument[39m()[33m;[39m
    [90m   | [39m                      
[31m^[39m
    [90m 55| [39m        [34mexpect[3
9m(screen[33m.[39m[34mgetByText[39m(
[32m'research'[39m))[33m.[39m[34mtoBe
InTheDocument[39m()[33m;[39m
    [90m 56| [39m    })[33m;[39m

[31m[2mÔÄ»ÔÄ»ÔÄ»ÔÄ»ÔÄ»ÔÄ»ÔÄ»ÔÄ»ÔÄ»ÔÄ»ÔÄ
»ÔÄ»ÔÄ»ÔÄ»ÔÄ»ÔÄ»ÔÄ»ÔÄ»ÔÄ»ÔÄ»ÔÄ»ÔÄ»ÔÄ»ÔÄ»[
1/3]ÔÄ»[22m[39m

[41m[1m FAIL [22m[49m 
src/test/SpeedupInputs.test.tsx[2m > 
[22mSpeedupInputs Component[2m > 
[22mrenders all speedup category inputs
[31m[1mTestingLibraryElementError[22m
[39m: Unable to find an element with the 
text: building. This could be because 
the text is broken up by multiple 
elements. In this case, you can provide 
a function for your text matcher to make 
your matcher more flexible.

Ignored nodes: comments, script, style
[36m<body>[39m
  [36m<div>[39m
    [36m<div[39m
      [33mclass[39m=[32m"space-y-3 
pt-2"[39m
    [36m>[39m
      [36m<div[39m
        [33mclass[39m=[32m"flex 
justify-between items-center px-1"[39m
      [36m>[39m
        [36m<label[39m
          [33mclass[39m=[32m"peer-disa
bled:cursor-not-allowed 
peer-disabled:opacity-70 text-[10px] 
font-black text-neutral-400 uppercase 
tracking-widest"[39m
        [36m>[39m
          [0mSpeedup Volume (min)[0m
        [36m</label>[39m
        [36m<span[39m
          
[33mclass[39m=[32m"text-[10px] 
font-bold text-blue-500/60 
uppercase"[39m
        [36m>[39m
          [0m2 Per 480m[0m
        [36m</span>[39m
      [36m</div>[39m
      [36m<div[39m
        [33mclass[39m=[32m"flex gap-1 
bg-black/40 p-1 rounded-md border 
border-white/5 mb-2"[39m
      [36m>[39m
        [36m<button[39m
          [33mclass[39m=[32m"
                            flex-1 px-2 
py-1.5 text-[10px] font-bold uppercase 
rounded transition-all
                            
bg-blue-500/20 text-blue-400 shadow-[0_0_
10px_-3px_rgba(59,130,246,0.3)]
                        "[39m
        [36m>[39m
          [0mauto[0m
        [36m</button>[39m
        [36m<button[39m
          [33mclass[39m=[32m"
                            flex-1 px-2 
py-1.5 text-[10px] font-bold uppercase 
rounded transition-all
                            
text-neutral-500 hover:text-neutral-300 
hover:bg-white/5
                        "[39m
        [36m>[39m
          [0mdays[0m
        [36m</button>[39m
        [36m<button[39m
          [33mclass[39m=[32m"
                            flex-1 px-2 
py-1.5 text-[10px] font-bold uppercase 
rounded transition-all
                            
text-neutral-500 hover:text-neutral-300 
hover:bg-white/5
                        "[39m
        [36m>[39m
          [0mminutes[0m
        [36m</button>[39m
      [36m</div>[39m
      [36m<div[39m
        [33mclass[39m=[32m"grid 
grid-cols-2 gap-x-4 gap-y-3"[39m
      [36m>[39m
        [36m<div[39m
          
[33mclass[39m=[32m"space-y-1"[39m
        [36m>[39m
          [36m<label[39m
            [33mclass[39m=[32m"peer-di
sabled:cursor-not-allowed 
peer-disabled:opacity-70 text-[9px] 
font-bold text-neutral-500 uppercase 
pl-1"[39m
          [36m>[39m
            [0mBuilding[0m
          [36m</label>[39m
          [36m<input[39m
            [33mclass[39m=[32m"flex 
w-full rounded-md border px-3 py-2 
ring-offset-black file:border-0 
file:bg-transparent file:text-sm 
file:font-medium 
placeholder:text-neutral-500 
focus-visible:outline-none 
focus-visible:ring-2 
focus-visible:border-yellow-500/50 
transition-all 
disabled:cursor-not-allowed 
disabled:opacity-50 h-8 bg-black/40 
border-white/5 text-xs font-mono 
focus-visible:ring-blue-500/20"[39m
            
[33mplaceholder[39m=[32m"0m"[39m
            
[33mtype[39m=[32m"text"[39m
            [33mvalue[39m=[32m""[39m
          [36m/>[39m
        [36m</div>[39m
        [36m<div[39m
          
[33mclass[39m=[32m"space-y-1"[39m
        [36m>[39m
          [36m<label[39m
            [33mclass[39m=[32m"peer-di
sabled:cursor-not-allowed 
peer-disabled:opacity-70 text-[9px] 
font-bold text-neutral-500 uppercase 
pl-1"[39m
          [36m>[39m
            [0mResearch[0m
          [36m</label>[39m
          [36m<input[39m
            [33mclass[39m=[32m"flex 
w-full rounded-md border px-3 py-2 
ring-offset-black file:border-0 
file:bg-transparent file:text-sm 
file:font-medium 
placeholder:text-neutral-500 
focus-visible:outline-none 
focus-visible:ring-2 
focus-visible:border-yellow-500/50 
transition-all 
disabled:cursor-not-allowed 
disabled:opacity-50 h-8 bg-black/40 
border-white/5 text-xs font-mono 
focus-visible:ring-blue-500/20"[39m
            
[33mplaceholder[39m=[32m"0m"[39m
            
[33mtype[39m=[32m"text"[39m
            [33mvalue[39m=[32m""[39m
          [36m/>[39m
        [36m</div>[39m
        [36m<div[39m
          
[33mclass[39m=[32m"space-y-1"[39m
        [36m>[39m
          [36m<label[39m
            [33mclass[39m=[32m"peer-di
sabled:cursor-not-allowed 
peer-disabled:opacity-70 text-[9px] 
font-bold text-neutral-500 uppercase 
pl-1"[39m
          [36m>[39m
            [0mTraining[0m
          [36m</label>[39m
          [36m<input[39m
            [33mclass[39m=[32m"flex 
w-full rounded-md border px-3 py-2 
ring-offset-black file:border-0 
file:bg-transparent file:text-sm 
file:font-medium 
placeholder:text-neutral-500 
focus-visible:outline-none 
focus-visible:ring-2 
focus-visible:border-yellow-500/50 
transition-all 
disabled:cursor-not-allowed 
disabled:opacity-50 h-8 bg-black/40 
border-white/5 text-xs font-mono 
focus-visible:ring-blue-500/20"[39m
            
[33mplaceholder[39m=[32m"0m"[39m
            
[33mtype[39m=[32m"text"[39m
            [33mvalue[39m=[32m""[39m
          [36m/>[39m
        [36m</div>[39m
        [36m<div[39m
          
[33mclass[39m=[32m"space-y-1"[39m
        [36m>[39m
          [36m<label[39m
            [33mclass[39m=[32m"peer-di
sabled:cursor-not-allowed 
peer-disabled:opacity-70 text-[9px] 
font-bold text-neutral-500 uppercase 
pl-1"[39m
          [36m>[39m
            [0mHealing[0m
          [36m</label>[39m
          [36m<input[39m
            [33mclass[39m=[32m"flex 
w-full rounded-md border px-3 py-2 
ring-offset-black file:border-0 
file:bg-transparent file:text-sm 
file:font-medium 
placeholder:text-neutral-500 
focus-visible:outline-none 
focus-visible:ring-2 
focus-visible:border-yellow-500/50 
transition-all 
disabled:cursor-not-allowed 
disabled:opacity-50 h-8 bg-black/40 
border-white/5 text-xs font-mono 
focus-visible:ring-blue-500/20"[39m
            
[33mplaceholder[39m=[32m"0m"[39m
            
[33mtype[39m=[32m"text"[39m
            [33mvalue[39m=[32m""[39m
          [36m/>[39m
        [36m</div>[39m

        [36m<div[39m
          
[33mclass[39m=[32m"space-y-1"[39m
        [36m>[39m
[2m Test Files [22m [1m[31m3 failed[39m[22m[2m | [22m[1m[32m7 passed[39m[22m[90m (10)[39m
          [36m<label[39m
            [33mclass[39m=[32m"peer-di
sabled:cursor-not-allowed 
peer-disabled:opacity-70 text-[9px] 
font-bold text-neutral-500 uppercase 
pl-1"[39m
          [36m>[39m
            [0mUniversal[0m
          [36m</label>[39m
          [36m<input[39m
            [33mclass[39m=[32m"flex 
w-full rounded-md border px-3 py-2 
ring-offset-black file:border-0 
file:bg-transparent file:text-sm 
file:font-medium 
placeholder:text-neutral-500 
focus-visible:outline-none 
focus-visible:ring-2 
focus-visible:border-yellow-500/50 
transition-all 
disabled:cursor-not-allowed 
disabled:opacity-50 h-8 bg-black/40 
border-white/5 text-xs font-mono 
focus-visible:ring-blue-500/20"[39m
            
[33mplaceholder[39m=[32m"0m"[39m
            
[33mtype[39m=[32m"text"[39m
            [33mvalue[39m=[32m""[39m
          [36m/>[39m
        [36m</div>[39m
        [36m<div[39m
          
[33mclass[39m=[32m"col-span-1 p-2 
rounded-lg bg-white/5 border 
border-white/10 flex flex-col 
justify-center items-center"[39m
        [36m>[39m
          [36m<span[39m
            
[33mclass[39m=[32m"text-[8px] 
text-neutral-500 font-bold 
uppercase"[39m
          [36m>[39m
            [0mTotal Packaged[0m
[2m      Tests [22m [1m[31m3 failed[39m[22m[2m | [22m[1m[32m51 passed[39m[22m[90m (54)[39m
[2m   Start at [22m 18:05:17
[2m   Duration [22m 22.04s

[1m[41m FAIL [49m[22m [31mTests failed. Watching for file changes...[39m
       [2mpress [22m[1mh[22m[2m to show help[22m[2m, [22m[2mpress [22m[1mq[22m[2m to quit[22m
          [36m</span>[39m
          [36m<span[39m
            
[33mclass[39m=[32m"text-xs font-black 
text-white"[39m
          [36m>[39m
            [0m0[0m
            [0mm[0m
          [36m</span>[39m
        [36m</div>[39m
      [36m</div>[39m
    [36m</div>[39m
  [36m</div>[39m
[36m</body>[39m
[90m [2mÔØ»[22m 
Object.getElementError node_modules/.pnpm
/@testing-library+dom@10.4.1/node_modules
/@testing-library/dom/dist/config.js:[2m
37:19[22m[39m
[90m [2mÔØ»[22m node_modules/.pnpm/@te
sting-library+dom@10.4.1/node_modules/@te
sting-library/dom/dist/query-helpers.js:
[2m76:38[22m[39m
[90m [2mÔØ»[22m node_modules/.pnpm/@te
sting-library+dom@10.4.1/node_modules/@te
sting-library/dom/dist/query-helpers.js:
[2m52:17[22m[39m
[90m [2mÔØ»[22m getByText node_modules
/.pnpm/@testing-library+dom@10.4.1/node_m
odules/@testing-library/dom/dist/query-he
lpers.js:[2m95:19[22m[39m
[36m [2mÔØ»[22m src/test/SpeedupInputs
.test.tsx:[2m30:23[22m[39m
    [90m 28| [39m    
[34mit[39m([32m'renders all speedup 
category inputs'[39m[33m,[39m () 
[33m=>[39m {
    [90m 29| [39m        [34mrender[3
9m([33m<[39m[33mSpeedupInputs[39m 
[33m/[39m[33m>[39m)[33m;[39m
    [90m 30| [39m        [34mexpect[3
9m(screen[33m.[39m[34mgetByText[39m(
[32m'building'[39m))[33m.[39m[34mtoBe
InTheDocument[39m()[33m;[39m
    [90m   | [39m                      
[31m^[39m
    [90m 31| [39m        [34mexpect[3
9m(screen[33m.[39m[34mgetByText[39m(
[32m'research'[39m))[33m.[39m[34mtoBe
InTheDocument[39m()[33m;[39m
    [90m 32| [39m        [34mexpect[3
9m(screen[33m.[39m[34mgetByText[39m(
[32m'training'[39m))[33m.[39m[34mtoBe
InTheDocument[39m()[33m;[39m

[31m[2mÔÄ»ÔÄ»ÔÄ»ÔÄ»ÔÄ»ÔÄ»ÔÄ»ÔÄ»ÔÄ»ÔÄ»ÔÄ
»ÔÄ»ÔÄ»ÔÄ»ÔÄ»ÔÄ»ÔÄ»ÔÄ»ÔÄ»ÔÄ»ÔÄ»ÔÄ»ÔÄ»ÔÄ»[
2/3]ÔÄ»[22m[39m

[41m[1m FAIL [22m[49m src/test/use-ca
lculator-store.test.ts[2m > 
[22museCalculatorStore - Target 
Selection[2m > [22mshould correctly 
report getTierUnlockRequirement
[31m[1mAssertionError[22m: expected 
'Spend 400 more Tokens on Tier 1' to be 
'Spend 400 more tokens on Tier 1' // 
Object.is equality[39m

Expected: [32m"Spend 400 more 
[7mt[27mokens on Tier 1"[39m
Received: [31m"Spend 400 more 
[7mT[27mokens on Tier 1"[39m

[36m [2mÔØ»[22m src/test/use-calculato
r-store.test.ts:[2m134:45[22m[39m
    [90m132| [39m
    [90m133| [39m        [90m// Tier 
2 missing 400[39m
    [90m134| [39m        expect(getTier
UnlockRequirement(2)).toBe('Spend 400 
more tokenÔÇª
    [90m   | [39m                      
                      [31m^[39m
    [90m135| [39m
    [90m136| [39m        [90m// Add 
200 to Tier 1[39m

[31m[2mÔÄ»ÔÄ»ÔÄ»ÔÄ»ÔÄ»ÔÄ»ÔÄ»ÔÄ»ÔÄ»ÔÄ»ÔÄ
»ÔÄ»ÔÄ»ÔÄ»ÔÄ»ÔÄ»ÔÄ»ÔÄ»ÔÄ»ÔÄ»ÔÄ»ÔÄ»ÔÄ»ÔÄ»[
3/3]ÔÄ»[22m[39m

c[3J[1m[44m RERUN [49m[22m [34m[2msrc/lib/calculations.ts [22m[39m

 [31mÔØ»[39m src/test/use-calculator-store.test.ts [2m([22m[2m6 tests[22m[2m | [22m[31m1 failed[39m[2m)[22m[32m 29[2mms[22m[39m
     [32mÔ£ô[39m should toggle a commander selection[32m 7[2mms[22m[39m
     [32mÔ£ô[39m should calculate total cost accounting for minSpend requirements[32m 3[2mms[22m[39m
     [32mÔ£ô[39m should calculate needed tokens correctly with minSpend requirements[32m 1[2mms[22m[39m
     [32mÔ£ô[39m should update unlock status based on both tokens AND selection dependencies[32m 2[2mms[22m[39m
     [32mÔ£ô[39m should correctly report isTierUnlocked[32m 1[2mms[22m[39m
[31m     [31m├ù[31m should correctly report getTierUnlockRequirement[39m[32m 13[2mms[22m[39m
 [32mÔ£ô[39m src/test/DailyCard.test.tsx [2m([22m[2m5 tests[22m[2m)[22m[32m 271[2mms[22m[39m
 [31mÔØ»[39m src/test/SpeedupInputs.test.tsx [2m([22m[2m7 tests[22m[2m | [22m[31m1 failed[39m[2m)[22m[33m 328[2mms[22m[39m
[31m     [31m├ù[31m renders all speedup category inputs[39m[32m 170[2mms[22m[39m
     [32mÔ£ô[39m displays speedup volume label and conversion rate[32m 31[2mms[22m[39m
     [32mÔ£ô[39m updates store when speedup value changes for a category[32m 45[2mms[22m[39m
     [32mÔ£ô[39m displays total packaged minutes correctly[32m 22[2mms[22m[39m
     [32mÔ£ô[39m does not show volume yield when total is zero[32m 15[2mms[22m[39m
     [32mÔ£ô[39m displays correct token calculation for 480 minutes[32m 21[2mms[22m[39m
     [32mÔ£ô[39m includes calculated speedup time in token calculation[32m 19[2mms[22m[39m
 [32mÔ£ô[39m src/test/ChallengeMissionButton.test.tsx [2m([22m[2m4 tests[22m[2m)[22m[33m 590[2mms[22m[39m
     [33m[2mÔ£ô[22m[39m shows inactive state when mission is not completed [33m 373[2mms[22m[39m
 [31mÔØ»[39m src/test/MissionsGrid.test.tsx [2m([22m[2m6 tests[22m[2m | [22m[31m1 failed[39m[2m)[22m[33m 1003[2mms[22m[39m
     [32mÔ£ô[39m renders all three mission cards[32m 265[2mms[22m[39m
     [32mÔ£ô[39m renders daily card with missions[32m 279[2mms[22m[39m
     [32mÔ£ô[39m renders all challenge mission buttons[32m 87[2mms[22m[39m
[31m     [31m├ù[31m renders repeatable card inputs[39m[32m 223[2mms[22m[39m
     [32mÔ£ô[39m displays correct initial totals[32m 62[2mms[22m[39m
     [32mÔ£ô[39m displays training calculator only for troop power mission[32m 80[2mms[22m[39m
 [32mÔ£ô[39m src/test/App.test.tsx [2m([22m[2m2 tests[22m[2m)[22m[33m 1499[2mms[22m[39m
     [33m[2mÔ£ô[22m[39m renders the header [33m 1185[2mms[22m[39m
     [33m[2mÔ£ô[22m[39m renders the target selection section [33m 311[2mms[22m[39m
 [32mÔ£ô[39m src/test/utils.test.ts [2m([22m[2m8 tests[22m[2m)[22m[32m 12[2mms[22m[39m
 [32mÔ£ô[39m src/test/GemsInput.test.tsx [2m([22m[2m6 tests[22m[2m)[22m[32m 278[2mms[22m[39m
 [32mÔ£ô[39m src/test/ChallengeTotal.test.tsx [2m([22m[2m4 tests[22m[2m)[22m[32m 117[2mms[22m[39m
 [32mÔ£ô[39m src/test/SpeedupCalculator.test.tsx [2m([22m[2m6 tests[22m[2m)[22m[32m 249[2mms[22m[39m

[31mÔÄ»ÔÄ»ÔÄ»ÔÄ»ÔÄ»ÔÄ»ÔÄ»[39m[1m[41m 
Failed Tests 3 
[49m[22m[31mÔÄ»ÔÄ»ÔÄ»ÔÄ»ÔÄ»ÔÄ»ÔÄ»[39m

[41m[1m FAIL [22m[49m 
src/test/MissionsGrid.test.tsx[2m > 
[22mMissionsGrid Integration Tests[2m 
> [22mrenders repeatable card inputs
[31m[1mTestingLibraryElementError[22m
[39m: Unable to find an element with the 
text: building. This could be because 
the text is broken up by multiple 
elements. In this case, you can provide 
a function for your text matcher to make 
your matcher more flexible.

Ignored nodes: comments, script, style
[36m<body>[39m
  [36m<div>[39m
    [36m<div[39m
      [33mclass[39m=[32m"grid 
grid-cols-1 md:grid-cols-2 
lg:grid-cols-3 gap-6"[39m
    [36m>[39m
      [36m<div[39m
        [33mclass[39m=[32m"rounded-xl 
border text-neutral-50 flex flex-col 
border-white/5 bg-white/2 
shadow-[0_8px_32px_rgba(0,0,0,0.4)] 
backdrop-blur-xl"[39m
      [36m>[39m
        [36m<div[39m
          [33mclass[39m=[32m"flex 
flex-col space-y-1.5 p-6 bg-blue-500/5 
pb-4 border-b border-white/5"[39m
        [36m>[39m
          [36m<div[39m
            [33mclass[39m=[32m"flex 
items-center gap-3"[39m
          [36m>[39m
            [36m<div[39m
              [33mclass[39m=[32m"p-2 
rounded-lg bg-blue-500/10 border 
border-blue-500/20"[39m
            [36m>[39m
              [36m<svg[39m
                
[33maria-hidden[39m=[32m"true"[39m
                
[33mclass[39m=[32m"lucide 
lucide-target w-5 h-5 text-blue-400"[39m
                
[33mfill[39m=[32m"none"[39m
                
[33mheight[39m=[32m"24"[39m
                
[33mstroke[39m=[32m"currentColor"[39m
                [33mstroke-linecap[39m=
[32m"round"[39m
                [33mstroke-linejoin[39m
=[32m"round"[39m
                
[33mstroke-width[39m=[32m"2"[39m
                
[33mviewBox[39m=[32m"0 0 24 24"[39m
                
[33mwidth[39m=[32m"24"[39m
                [33mxmlns[39m=[32m"htt
p://www.w3.org/2000/svg"[39m
              [36m>[39m
                [36m<circle[39m
                  
[33mcx[39m=[32m"12"[39m
                  
[33mcy[39m=[32m"12"[39m
                  
[33mr[39m=[32m"10"[39m
                [36m/>[39m
                [36m<circle[39m
                  
[33mcx[39m=[32m"12"[39m
                  
[33mcy[39m=[32m"12"[39m
                  
[33mr[39m=[32m"6"[39m
                [36m/>[39m
                [36m<circle[39m
                  
[33mcx[39m=[32m"12"[39m
                  
[33mcy[39m=[32m"12"[39m
                  
[33mr[39m=[32m"2"[39m
                [36m/>[39m
              [36m</svg>[39m
            [36m</div>[39m
            [36m<div>[39m
              [36m<h3[39m
                
[33mclass[39m=[32m"font-semibold 
tracking-tight text-lg text-white"[39m
              [36m>[39m
                [0mDaily[0m
              [36m</h3>[39m
              [36m<p[39m
                
[33mclass[39m=[32m"text-sm 
text-neutral-400"[39m
              [36m>[39m
                [0mLimit: 5 Days[0m
              [36m</p>[39m
            [36m</div>[39m
          [36m</div>[39m
        [36m</div>[39m
        [36m<div[39m
          [33mclass[39m=[32m"p-6 
space-y-4 pt-6 flex-1"[39m
        [36m>[39m
          [36m<div[39m
            [33mclass[39m=[32m"p-3 
rounded-lg bg-black/20 border 
border-white/5 space-y-2 relative group 
overflow-hidden"[39m
          [36m>[39m
            [36m<div[39m
              [33mclass[39m=[32m"flex 
justify-between items-center"[39m
            [36m>[39m
              [36m<label[39m
                [33mclass[39m=[32m"pee
r-disabled:cursor-not-allowed 
peer-disabled:opacity-70 text-sm 
font-bold text-neutral-300"[39m
              [36m>[39m
                [0mLog In[0m
              [36m</label>[39m
              [36m<span[39m
                
[33mclass[39m=[32m"text-[10px] 
font-black px-1.5 py-0.5 rounded 
bg-blue-500/10 text-blue-400 uppercase 
tracking-tighter"[39m
              [36m>[39m
                [0mAssumed: 5 Days[0m
              [36m</span>[39m
            [36m</div>[39m
            [36m<div[39m
              [33mclass[39m=[32m"flex 
justify-between items-end"[39m
            [36m>[39m
              [36m<span[39m
                
[33mclass[39m=[32m"text-[10px] 
text-neutral-500 font-bold uppercase 
tracking-widest"[39m
              [36m>[39m
                [0m2[0m
                [0m [0m
                [0mTokens[0m
                [0m [0m
                [0m/ Day[0m
              [36m</span>[39m
              [36m<span[39m
                
[33mclass[39m=[32m"text-lg font-black 
text-white"[39m
              [36m>[39m
                [0m+[0m
                [0m10[0m
                [0m [0m
                [0mTotal[0m
              [36m</span>[39m
            [36m</div>[39m
          [36m</div>[39m
          [36m<div[39m
            [33mclass[39m=[32m"p-3 
rounded-lg bg-black/20 border 
border-white/5 space-y-2 relative group 
overflow-hidden"[39m
          [36m>[39m
            [36m<div[39m
              [33mclass[39m=[32m"flex 
justify-between items-center"[39m
            [36m>[39m
              [36m<label[39m
                [33mclass[39m=[32m"pee
r-disabled:cursor-not-allowed 
peer-disabled:opacity-70 text-sm 
font-bold text-neutral-300"[39m
              [36m>[39m
                [0mDefeat Barbarians 
(100)[0m
              [36m</label>[39m
              [36m<span[39m
                
[33mclass[39m=[32m"text-[10px] 
font-black px-1.5 py-0.5 rounded 
bg-blue-500/10 text-blue-400 uppercase 
tracking-tighter"[39m
              [36m>[39m
                [0mAssumed: 5 Days[0m
              [36m</span>[39m
            [36m</div>[39m
            [36m<div[39m
              [33mclass[39m=[32m"flex 
justify-between items-end"[39m
            [36m>[39m
              [36m<span[39m
                
[33mclass[39m=[32m"text-[10px] 
text-neutral-500 font-bold uppercase 
tracking-widest"[39m
              [36m>[39m
                [0m10[0m
                [0m [0m
                [0mTokens[0m
                [0m [0m
                [0m/ Day[0m
              [36m</span>[39m
              [36m<span[39m
                
[33mclass[39m=[32m"text-lg font-black 
text-white"[39m
              [36m>[39m
                [0m+[0m
                [0m50[0m
                [0m [0m
                [0mTotal[0m
              [36m</span>[39m
            [36m</div>[39m
            [36m<div[39m
              
[33mclass[39m=[32m"absolute inset-0 
bg-blue-500 border border-blue-400 
opacity-0 group-hover:opacity-10 
transition-opacity 
pointer-events-none"[39m
            [36m/>[39m
          [36m</div>[39m
          [36m<div[39m
            [33mclass[39m=[32m"p-3 
rounded-lg bg-black/20 border 
border-white/5 space-y-2 relative group 
overflow-hidden"[39m
          [36m>[39m
            [36m<div[39m
              [33mclass[39m=[32m"flex 
justify-between items-center"[39m
            [36m>[39m
              [36m<label[39m
                [33mclass[39m=[32m"pee
r-disabled:cursor-not-allowed 
peer-disabled:opacity-70 text-sm 
font-bold text-neutral-300"[39m
              [36m>[39m
                [0mGather 2Million 
Resources[0m
              [36m</label>[39m
              [36m<span[39m
                
[33mclass[39m=[32m"text-[10px] 
font-black px-1.5 py-0.5 rounded 
bg-blue-500/10 text-blue-400 ...
[90m [2mÔØ»[22m 
Object.getElementError node_modules/.pnpm
/@testing-library+dom@10.4.1/node_modules
/@testing-library/dom/dist/config.js:[2m
37:19[22m[39m
[90m [2mÔØ»[22m node_modules/.pnpm/@te
sting-library+dom@10.4.1/node_modules/@te
sting-library/dom/dist/query-helpers.js:
[2m76:38[22m[39m
[90m [2mÔØ»[22m node_modules/.pnpm/@te
sting-library+dom@10.4.1/node_modules/@te
sting-library/dom/dist/query-helpers.js:
[2m52:17[22m[39m
[90m [2mÔØ»[22m getByText node_modules
/.pnpm/@testing-library+dom@10.4.1/node_m
odules/@testing-library/dom/dist/query-he
lpers.js:[2m95:19[22m[39m
[36m [2mÔØ»[22m src/test/MissionsGrid.
test.tsx:[2m54:23[22m[39m
    [90m 52| [39m        [34mrender[3
9m([33m<[39m[33mMissionsGrid[39m 
[33m/[39m[33m>[39m)[33m;[39m
    [90m 53| [39m        expect(screen.
getByPlaceholderText(t('missionsGrid.gems
CalculaÔÇª
    [90m 54| [39m        [34mexpect[3
9m(screen[33m.[39m[34mgetByText[39m(
[32m'building'[39m))[33m.[39m[34mtoBe
InTheDocument[39m()[33m;[39m
    [90m   | [39m                      
[31m^[39m
    [90m 55| [39m        [34mexpect[3
9m(screen[33m.[39m[34mgetByText[39m(
[32m'research'[39m))[33m.[39m[34mtoBe
InTheDocument[39m()[33m;[39m
    [90m 56| [39m    })[33m;[39m

[31m[2mÔÄ»ÔÄ»ÔÄ»ÔÄ»ÔÄ»ÔÄ»ÔÄ»ÔÄ»ÔÄ»ÔÄ»ÔÄ
»ÔÄ»ÔÄ»ÔÄ»ÔÄ»ÔÄ»ÔÄ»ÔÄ»ÔÄ»ÔÄ»ÔÄ»ÔÄ»ÔÄ»ÔÄ»[
1/3]ÔÄ»[22m[39m

[41m[1m FAIL [22m[49m 
src/test/SpeedupInputs.test.tsx[2m > 
[22mSpeedupInputs Component[2m > 
[22mrenders all speedup category inputs
[31m[1mTestingLibraryElementError[22m
[39m: Unable to find an element with the 
text: building. This could be because 
the text is broken up by multiple 
elements. In this case, you can provide 
a function for your text matcher to make 
your matcher more flexible.

Ignored nodes: comments, script, style
[36m<body>[39m
  [36m<div>[39m
    [36m<div[39m
      [33mclass[39m=[32m"space-y-3 
pt-2"[39m
    [36m>[39m
      [36m<div[39m
        [33mclass[39m=[32m"flex 
justify-between items-center px-1"[39m
      [36m>[39m
        [36m<label[39m
          [33mclass[39m=[32m"peer-disa
bled:cursor-not-allowed 
peer-disabled:opacity-70 text-[10px] 
font-black text-neutral-400 uppercase 
tracking-widest"[39m
        [36m>[39m
          [0mSpeedup Volume (min)[0m
        [36m</label>[39m
        [36m<span[39m
          
[33mclass[39m=[32m"text-[10px] 
font-bold text-blue-500/60 
uppercase"[39m
        [36m>[39m
          [0m2 Per 480m[0m
        [36m</span>[39m
      [36m</div>[39m
      [36m<div[39m
        [33mclass[39m=[32m"flex gap-1 
bg-black/40 p-1 rounded-md border 
border-white/5 mb-2"[39m
      [36m>[39m
        [36m<button[39m
          [33mclass[39m=[32m"
                            flex-1 px-2 
py-1.5 text-[10px] font-bold uppercase 
rounded transition-all
                            
bg-blue-500/20 text-blue-400 shadow-[0_0_
10px_-3px_rgba(59,130,246,0.3)]
                        "[39m
        [36m>[39m
          [0mauto[0m
        [36m</button>[39m
        [36m<button[39m
          [33mclass[39m=[32m"
                            flex-1 px-2 
py-1.5 text-[10px] font-bold uppercase 
rounded transition-all
                            
text-neutral-500 hover:text-neutral-300 
hover:bg-white/5
                        "[39m
        [36m>[39m
          [0mdays[0m
        [36m</button>[39m
        [36m<button[39m
          [33mclass[39m=[32m"
                            flex-1 px-2 
py-1.5 text-[10px] font-bold uppercase 
rounded transition-all
                            
text-neutral-500 hover:text-neutral-300 
hover:bg-white/5
                        "[39m
        [36m>[39m
          [0mminutes[0m
        [36m</button>[39m
      [36m</div>[39m
      [36m<div[39m
        [33mclass[39m=[32m"grid 
grid-cols-2 gap-x-4 gap-y-3"[39m
      [36m>[39m
        [36m<div[39m
          
[33mclass[39m=[32m"space-y-1"[39m
        [36m>[39m
          [36m<label[39m
            [33mclass[39m=[32m"peer-di
sabled:cursor-not-allowed 
peer-disabled:opacity-70 text-[9px] 
font-bold text-neutral-500 uppercase 
pl-1"[39m
          [36m>[39m
            [0mBuilding[0m
          [36m</label>[39m
          [36m<input[39m
            [33mclass[39m=[32m"flex 
w-full rounded-md border px-3 py-2 
ring-offset-black file:border-0 
file:bg-transparent file:text-sm 
file:font-medium 
placeholder:text-neutral-500 
focus-visible:outline-none 
focus-visible:ring-2 
focus-visible:border-yellow-500/50 
transition-all 
disabled:cursor-not-allowed 
disabled:opacity-50 h-8 bg-black/40 
border-white/5 text-xs font-mono 
focus-visible:ring-blue-500/20"[39m
            
[33mplaceholder[39m=[32m"0m"[39m
            
[33mtype[39m=[32m"text"[39m
            [33mvalue[39m=[32m""[39m
          [36m/>[39m
        [36m</div>[39m
        [36m<div[39m
          
[33mclass[39m=[32m"space-y-1"[39m
        [36m>[39m
          [36m<label[39m
            [33mclass[39m=[32m"peer-di
sabled:cursor-not-allowed 
peer-disabled:opacity-70 text-[9px] 
font-bold text-neutral-500 uppercase 
pl-1"[39m
          [36m>[39m
            [0mResearch[0m
          [36m</label>[39m
          [36m<input[39m
            [33mclass[39m=[32m"flex 
w-full rounded-md border px-3 py-2 
ring-offset-black file:border-0 
file:bg-transparent file:text-sm 
file:font-medium 
placeholder:text-neutral-500 
focus-visible:outline-none 
focus-visible:ring-2 
focus-visible:border-yellow-500/50 
transition-all 
disabled:cursor-not-allowed 
disabled:opacity-50 h-8 bg-black/40 
border-white/5 text-xs font-mono 
focus-visible:ring-blue-500/20"[39m
            
[33mplaceholder[39m=[32m"0m"[39m
            
[33mtype[39m=[32m"text"[39m
            [33mvalue[39m=[32m""[39m
          [36m/>[39m
        [36m</div>[39m
        [36m<div[39m
          
[33mclass[39m=[32m"space-y-1"[39m
        [36m>[39m
          [36m<label[39m
            [33mclass[39m=[32m"peer-di
sabled:cursor-not-allowed 
peer-disabled:opacity-70 text-[9px] 
font-bold text-neutral-500 uppercase 
pl-1"[39m
          [36m>[39m
            [0mTraining[0m
          [36m</label>[39m
          [36m<input[39m
            [33mclass[39m=[32m"flex 
w-full rounded-md border px-3 py-2 
ring-offset-black file:border-0 
file:bg-transparent file:text-sm 
file:font-medium 
placeholder:text-neutral-500 
focus-visible:outline-none 
focus-visible:ring-2 
focus-visible:border-yellow-500/50 
transition-all 
disabled:cursor-not-allowed 
disabled:opacity-50 h-8 bg-black/40 
border-white/5 text-xs font-mono 
focus-visible:ring-blue-500/20"[39m
            
[33mplaceholder[39m=[32m"0m"[39m
            
[33mtype[39m=[32m"text"[39m
            [33mvalue[39m=[32m""[39m
          [36m/>[39m
        [36m</div>[39m
        [36m<div[39m
          
[33mclass[39m=[32m"space-y-1"[39m
        [36m>[39m
          [36m<label[39m
            [33mclass[39m=[32m"peer-di
sabled:cursor-not-allowed 
peer-disabled:opacity-70 text-[9px] 
font-bold text-neutral-500 uppercase 
pl-1"[39m
          [36m>[39m
            [0mHealing[0m
          [36m</label>[39m
          [36m<input[39m
            [33mclass[39m=[32m"flex 
w-full rounded-md border px-3 py-2 
ring-offset-black file:border-0 
file:bg-transparent file:text-sm 
file:font-medium 
placeholder:text-neutral-500 
focus-visible:outline-none 
focus-visible:ring-2 
focus-visible:border-yellow-500/50 
transition-all 
disabled:cursor-not-allowed 
disabled:opacity-50 h-8 bg-black/40 
border-white/5 text-xs font-mono 
focus-visible:ring-blue-500/20"[39m
            
[33mplaceholder[39m=[32m"0m"[39m
            
[33mtype[39m=[32m"text"[39m
            [33mvalue[39m=[32m""[39m
          [36m/>[39m
        [36m</div>[39m
        [36m<div[39m
          
[33mclass[39m=[32m"space-y-1"[39m
        [36m>[39m
          [36m<label[39m
            [33mclass[39m=[32m"peer-di
sabled:cursor-not-allowed 
peer-disabled:opacity-70 text-[9px] 
font-bold text-neutral-500 uppercase 
pl-1"[39m
          [36m>[39m
            [0mUniversal[0m
          [36m</label>[39m
          [36m<input[39m
            [33mclass[39m=[32m"flex 
w-full rounded-md border px-3 py-2 
ring-offset-black file:border-0 
file:bg-transparent file:text-sm 
file:font-medium 
placeholder:text-neutral-500 
focus-visible:outline-none 
focus-visible:ring-2 
focus-visible:border-yellow-500/50 
transition-all 
disabled:cursor-not-allowed 
disabled:opacity-50 h-8 bg-black/40 
border-white/5 text-xs font-mono 
focus-visible:ring-blue-500/20"[39m

            
[33mplaceholder[39m=[32m"0m"[39m
            
[33mtype[39m=[32m"text"[39m
            [33mvalue[39m=[32m""[39m
          [36m/>[39m
        [36m</div>[39m
        [36m<div[39m
          
[33mclass[39m=[32m"col-span-1 p-2 
rounded-lg bg-white/5 border 
border-white/10 flex flex-col 
justify-center items-center"[39m
        [36m>[39m
          [36m<span[39m
            
[33mclass[39m=[32m"text-[8px] 
text-neutral-500 font-bold 
uppercase"[39m
          [36m>[39m
            [0mTotal Packaged[0m
          [36m</span>[39m
          [36m<span[39m
            
[33mclass[39m=[32m"text-xs font-black 
text-white"[39m
          [36m>[39m
            [0m0[0m
            [0mm[0m
          [36m</span>[39m
        [36m</div>[39m
      [36m</div>[39m
    [36m</div>[39m
  [36m</div>[39m
[36m</body>[39m
[90m [2mÔØ»[22m 
Object.getElementError node_modules/.pnpm
/@testing-library+dom@10.4.1/node_modules
/@testing-library/dom/dist/config.js:[2m
37:19[22m[39m
[90m [2mÔØ»[22m node_modules/.pnpm/@te
sting-library+dom@10.4.1/node_modules/@te
sting-library/dom/dist/query-helpers.js:
[2m76:38[22m[39m
[90m [2mÔØ»[22m node_modules/.pnpm/@te
sting-library+dom@10.4.1/node_modules/@te
sting-library/dom/dist/query-helpers.js:
[2m52:17[22m[39m
[90m [2mÔØ»[22m getByText node_modules
/.pnpm/@testing-library+dom@10.4.1/node_m
odules/@testing-library/dom/dist/query-he
lpers.js:[2m95:19[22m[39m
[36m [2mÔØ»[22m src/test/SpeedupInputs
.test.tsx:[2m30:23[22m[39m
    [90m 28| [39m    
[34mit[39m([32m'renders all speedup 
category inputs'[39m[33m,[39m () 
[33m=>[39m {
    [90m 29| [39m        [34mrender[3
9m([33m<[39m[33mSpeedupInputs[39m 
[33m/[39m[33m>[39m)[33m;[39m
    [90m 30| [39m        [34mexpect[3
9m(screen[33m.[39m[34mgetByText[39m(
[32m'building'[39m))[33m.[39m[34mtoBe
InTheDocument[39m()[33m;[39m
    [90m   | [39m                      
[31m^[39m
    [90m 31| [39m        [34mexpect[3
9m(screen[33m.[39m[34mgetByText[39m(
[32m'research'[39m))[33m.[39m[34mtoBe
InTheDocument[39m()[33m;[39m
    [90m 32| [39m        [34mexpect[3
9m(screen[33m.[39m[34mgetByText[39m(
[32m'training'[39m))[33m.[39m[34mtoBe
InTheDocument[39m()[33m;[39m

[31m[2mÔÄ»ÔÄ»ÔÄ»ÔÄ»ÔÄ»ÔÄ»ÔÄ»ÔÄ»ÔÄ»ÔÄ»ÔÄ
»ÔÄ»ÔÄ»ÔÄ»ÔÄ»ÔÄ»ÔÄ»ÔÄ»ÔÄ»ÔÄ»ÔÄ»ÔÄ»ÔÄ»ÔÄ»[
2/3]ÔÄ»[22m[39m

[41m[1m FAIL [22m[49m src/test/use-ca
lculator-store.test.ts[2m > 
[22museCalculatorStore - Target 
Selection[2m > [22mshould correctly 
report getTierUnlockRequirement
[31m[1mAssertionError[22m: expected 
'Spend 400 more Tokens on Tier 1' to be 
'Spend 400 more tokens on Tier 1' // 
Object.is equality[39m

Expected: [32m"Spend 400 more 
[7mt[27mokens on Tier 1"[39m
Received: [31m"Spend 400 more 
[7mT[27mokens on Tier 1"[39m

[36m [2mÔØ»[22m src/test/use-calculato
r-store.test.ts:[2m134:45[22m[39m
    [90m132| [39m
    [90m133| [39m        [90m// Tier 
2 missing 400[39m
    [90m134| [39m        expect(getTier
UnlockRequirement(2)).toBe('Spend 400 
more tokenÔÇª
    [90m   | [39m                      
                      [31m^[39m
    [90m135| [39m
    [90m136| [39m        [90m// Add 
200 to Tier 1[39m

[31m[2mÔÄ»ÔÄ»ÔÄ»ÔÄ»ÔÄ»ÔÄ»ÔÄ»ÔÄ»ÔÄ»ÔÄ»ÔÄ
»ÔÄ»ÔÄ»ÔÄ»ÔÄ»ÔÄ»ÔÄ»ÔÄ»ÔÄ»ÔÄ»ÔÄ»ÔÄ»ÔÄ»ÔÄ»[
3/3]ÔÄ»[22m[39m

[2m Test Files [22m [1m[31m3 failed[39m[22m[2m | [22m[1m[32m7 passed[39m[22m[90m (10)[39m
[2m      Tests [22m [1m[31m3 failed[39m[22m[2m | [22m[1m[32m51 passed[39m[22m[90m (54)[39m
[2m   Start at [22m 18:07:05
[2m   Duration [22m 23.68s

[1m[41m FAIL [49m[22m [31mTests failed. Watching for file changes...[39m
       [2mpress [22m[1mh[22m[2m to show help[22m[2m, [22m[2mpress [22m[1mq[22m[2m to quit[22m
c[3J[1m[44m RERUN [49m[22m [34m[2msrc/test/MissionsGrid.test.tsx [22m[34mx11 [34m[39m

 [31mÔØ»[39m src/test/SpeedupInputs.test.tsx [2m([22m[2m7 tests[22m[2m | [22m[31m1 failed[39m[2m)[22m[33m 328[2mms[22m[39m
[31m     [31m├ù[31m renders all speedup category inputs[39m[32m 170[2mms[22m[39m
     [32mÔ£ô[39m displays speedup volume label and conversion rate[32m 31[2mms[22m[39m
     [32mÔ£ô[39m updates store when speedup value changes for a category[32m 45[2mms[22m[39m
     [32mÔ£ô[39m displays total packaged minutes correctly[32m 22[2mms[22m[39m
     [32mÔ£ô[39m does not show volume yield when total is zero[32m 15[2mms[22m[39m
     [32mÔ£ô[39m displays correct token calculation for 480 minutes[32m 21[2mms[22m[39m
     [32mÔ£ô[39m includes calculated speedup time in token calculation[32m 19[2mms[22m[39m
 [31mÔØ»[39m src/test/use-calculator-store.test.ts [2m([22m[2m6 tests[22m[2m | [22m[31m1 failed[39m[2m)[22m[32m 29[2mms[22m[39m
     [32mÔ£ô[39m should toggle a commander selection[32m 7[2mms[22m[39m
     [32mÔ£ô[39m should calculate total cost accounting for minSpend requirements[32m 3[2mms[22m[39m
     [32mÔ£ô[39m should calculate needed tokens correctly with minSpend requirements[32m 1[2mms[22m[39m
     [32mÔ£ô[39m should update unlock status based on both tokens AND selection dependencies[32m 2[2mms[22m[39m
     [32mÔ£ô[39m should correctly report isTierUnlocked[32m 1[2mms[22m[39m
[31m     [31m├ù[31m should correctly report getTierUnlockRequirement[39m[32m 13[2mms[22m[39m
 [32mÔ£ô[39m src/test/MissionsGrid.test.tsx [2m([22m[2m6 tests[22m[2m)[22m[33m 500[2mms[22m[39m

[2m Test Files [22m [1m[31m2 failed[39m[22m[2m | [22m[1m[32m1 passed[39m[22m[90m (3)[39m
[2m      Tests [22m [1m[31m2 failed[39m[22m[2m | [22m[1m[32m17 passed[39m[22m[90m (19)[39m
[2m   Start at [22m 18:07:58
[2m   Duration [22m 1.66s

[1m[42m PASS [49m[22m [32mWaiting for file changes...[39m
       [2mpress [22m[1mh[22m[2m to show help[22m[2m, [22m[2mpress [22m[1mq[22m[2m to quit[22m
c[3J[1m[44m RERUN [49m[22m [34m[2msrc/test/DailyCard.test.tsx [22m[34mx9 [34m[39m

 [31mÔØ»[39m src/test/SpeedupInputs.test.tsx [2m([22m[2m7 tests[22m[2m | [22m[31m1 failed[39m[2m)[22m[33m 328[2mms[22m[39m
[31m     [31m├ù[31m renders all speedup category inputs[39m[32m 170[2mms[22m[39m
     [32mÔ£ô[39m displays speedup volume label and conversion rate[32m 31[2mms[22m[39m
     [32mÔ£ô[39m updates store when speedup value changes for a category[32m 45[2mms[22m[39m
     [32mÔ£ô[39m displays total packaged minutes correctly[32m 22[2mms[22m[39m
     [32mÔ£ô[39m does not show volume yield when total is zero[32m 15[2mms[22m[39m
     [32mÔ£ô[39m displays correct token calculation for 480 minutes[32m 21[2mms[22m[39m
     [32mÔ£ô[39m includes calculated speedup time in token calculation[32m 19[2mms[22m[39m
 [31mÔØ»[39m src/test/use-calculator-store.test.ts [2m([22m[2m6 tests[22m[2m | [22m[31m1 failed[39m[2m)[22m[32m 29[2mms[22m[39m
     [32mÔ£ô[39m should toggle a commander selection[32m 7[2mms[22m[39m
     [32mÔ£ô[39m should calculate total cost accounting for minSpend requirements[32m 3[2mms[22m[39m
     [32mÔ£ô[39m should calculate needed tokens correctly with minSpend requirements[32m 1[2mms[22m[39m
     [32mÔ£ô[39m should update unlock status based on both tokens AND selection dependencies[32m 2[2mms[22m[39m
     [32mÔ£ô[39m should correctly report isTierUnlocked[32m 1[2mms[22m[39m
[31m     [31m├ù[31m should correctly report getTierUnlockRequirement[39m[32m 13[2mms[22m[39m
 [32mÔ£ô[39m src/test/DailyCard.test.tsx [2m([22m[2m5 tests[22m[2m)[22m[32m 136[2mms[22m[39m

[2m Test Files [22m [1m[31m2 failed[39m[22m[2m | [22m[1m[32m1 passed[39m[22m[90m (3)[39m
[2m      Tests [22m [1m[31m2 failed[39m[22m[2m | [22m[1m[32m16 passed[39m[22m[90m (18)[39m
[2m   Start at [22m 18:08:02
[2m   Duration [22m 923ms

[1m[42m PASS [49m[22m [32mWaiting for file changes...[39m
       [2mpress [22m[1mh[22m[2m to show help[22m[2m, [22m[2mpress [22m[1mq[22m[2m to quit[22m
c[3J[1m[44m RERUN [49m[22m [34m[2msrc/test/ChallengeTotal.test.tsx [22m[34mx10 [34m[39m

 [31mÔØ»[39m src/test/SpeedupInputs.test.tsx [2m([22m[2m7 tests[22m[2m | [22m[31m1 failed[39m[2m)[22m[33m 328[2mms[22m[39m
[31m     [31m├ù[31m renders all speedup category inputs[39m[32m 170[2mms[22m[39m
     [32mÔ£ô[39m displays speedup volume label and conversion rate[32m 31[2mms[22m[39m
     [32mÔ£ô[39m updates store when speedup value changes for a category[32m 45[2mms[22m[39m
     [32mÔ£ô[39m displays total packaged minutes correctly[32m 22[2mms[22m[39m
     [32mÔ£ô[39m does not show volume yield when total is zero[32m 15[2mms[22m[39m
     [32mÔ£ô[39m displays correct token calculation for 480 minutes[32m 21[2mms[22m[39m
     [32mÔ£ô[39m includes calculated speedup time in token calculation[32m 19[2mms[22m[39m
 [31mÔØ»[39m src/test/use-calculator-store.test.ts [2m([22m[2m6 tests[22m[2m | [22m[31m1 failed[39m[2m)[22m[32m 29[2mms[22m[39m
     [32mÔ£ô[39m should toggle a commander selection[32m 7[2mms[22m[39m
     [32mÔ£ô[39m should calculate total cost accounting for minSpend requirements[32m 3[2mms[22m[39m
     [32mÔ£ô[39m should calculate needed tokens correctly with minSpend requirements[32m 1[2mms[22m[39m
     [32mÔ£ô[39m should update unlock status based on both tokens AND selection dependencies[32m 2[2mms[22m[39m
     [32mÔ£ô[39m should correctly report isTierUnlocked[32m 1[2mms[22m[39m
[31m     [31m├ù[31m should correctly report getTierUnlockRequirement[39m[32m 13[2mms[22m[39m
 [32mÔ£ô[39m src/test/ChallengeTotal.test.tsx [2m([22m[2m4 tests[22m[2m)[22m[32m 63[2mms[22m[39m

[2m Test Files [22m [1m[31m2 failed[39m[22m[2m | [22m[1m[32m1 passed[39m[22m[90m (3)[39m
[2m      Tests [22m [1m[31m2 failed[39m[22m[2m | [22m[1m[32m15 passed[39m[22m[90m (17)[39m
[2m   Start at [22m 18:08:17
[2m   Duration [22m 697ms

[1m[42m PASS [49m[22m [32mWaiting for file changes...[39m
       [2mpress [22m[1mh[22m[2m to show help[22m[2m, [22m[2mpress [22m[1mq[22m[2m to quit[22m
c[3J[1m[44m RERUN [49m[22m [34m[2msrc/test/SpeedupInputs.test.tsx [22m[34mx9 [34m[39m

 [31mÔØ»[39m src/test/use-calculator-store.test.ts [2m([22m[2m6 tests[22m[2m | [22m[31m1 failed[39m[2m)[22m[32m 29[2mms[22m[39m
     [32mÔ£ô[39m should toggle a commander selection[32m 7[2mms[22m[39m
     [32mÔ£ô[39m should calculate total cost accounting for minSpend requirements[32m 3[2mms[22m[39m
     [32mÔ£ô[39m should calculate needed tokens correctly with minSpend requirements[32m 1[2mms[22m[39m
     [32mÔ£ô[39m should update unlock status based on both tokens AND selection dependencies[32m 2[2mms[22m[39m
     [32mÔ£ô[39m should correctly report isTierUnlocked[32m 1[2mms[22m[39m
[31m     [31m├ù[31m should correctly report getTierUnlockRequirement[39m[32m 13[2mms[22m[39m
 [32mÔ£ô[39m src/test/SpeedupInputs.test.tsx [2m([22m[2m7 tests[22m[2m)[22m[32m 217[2mms[22m[39m

[2m Test Files [22m [1m[31m1 failed[39m[22m[2m | [22m[1m[32m1 passed[39m[22m[90m (2)[39m
[2m      Tests [22m [1m[31m1 failed[39m[22m[2m | [22m[1m[32m12 passed[39m[22m[90m (13)[39m
[2m   Start at [22m 18:08:21
[2m   Duration [22m 1.02s

[1m[42m PASS [49m[22m [32mWaiting for file changes...[39m
       [2mpress [22m[1mh[22m[2m to show help[22m[2m, [22m[2mpress [22m[1mq[22m[2m to quit[22m
c[3J[1m[44m RERUN [49m[22m [34m[2msrc/test/GemsInput.test.tsx [22m[34mx10 [34m[39m

 [31mÔØ»[39m src/test/use-calculator-store.test.ts [2m([22m[2m6 tests[22m[2m | [22m[31m1 failed[39m[2m)[22m[32m 29[2mms[22m[39m
     [32mÔ£ô[39m should toggle a commander selection[32m 7[2mms[22m[39m
     [32mÔ£ô[39m should calculate total cost accounting for minSpend requirements[32m 3[2mms[22m[39m
     [32mÔ£ô[39m should calculate needed tokens correctly with minSpend requirements[32m 1[2mms[22m[39m
     [32mÔ£ô[39m should update unlock status based on both tokens AND selection dependencies[32m 2[2mms[22m[39m
     [32mÔ£ô[39m should correctly report isTierUnlocked[32m 1[2mms[22m[39m
[31m     [31m├ù[31m should correctly report getTierUnlockRequirement[39m[32m 13[2mms[22m[39m
 [32mÔ£ô[39m src/test/GemsInput.test.tsx [2m([22m[2m6 tests[22m[2m)[22m[32m 145[2mms[22m[39m

[2m Test Files [22m [1m[31m1 failed[39m[22m[2m | [22m[1m[32m1 passed[39m[22m[90m (2)[39m
[2m      Tests [22m [1m[31m1 failed[39m[22m[2m | [22m[1m[32m11 passed[39m[22m[90m (12)[39m
[2m   Start at [22m 18:08:24
[2m   Duration [22m 932ms

[1m[42m PASS [49m[22m [32mWaiting for file changes...[39m
       [2mpress [22m[1mh[22m[2m to show help[22m[2m, [22m[2mpress [22m[1mq[22m[2m to quit[22m
c[3J[1m[44m RERUN [49m[22m [34m[2msrc/test/ChallengeMissionButton.test.tsx [22m[34mx9 [34m[39m

 [31mÔØ»[39m src/test/use-calculator-store.test.ts [2m([22m[2m6 tests[22m[2m | [22m[31m1 failed[39m[2m)[22m[32m 29[2mms[22m[39m
     [32mÔ£ô[39m should toggle a commander selection[32m 7[2mms[22m[39m
     [32mÔ£ô[39m should calculate total cost accounting for minSpend requirements[32m 3[2mms[22m[39m
     [32mÔ£ô[39m should calculate needed tokens correctly with minSpend requirements[32m 1[2mms[22m[39m
     [32mÔ£ô[39m should update unlock status based on both tokens AND selection dependencies[32m 2[2mms[22m[39m
     [32mÔ£ô[39m should correctly report isTierUnlocked[32m 1[2mms[22m[39m
[31m     [31m├ù[31m should correctly report getTierUnlockRequirement[39m[32m 13[2mms[22m[39m
 [32mÔ£ô[39m src/test/ChallengeMissionButton.test.tsx [2m([22m[2m4 tests[22m[2m)[22m[33m 318[2mms[22m[39m

[2m Test Files [22m [1m[31m1 failed[39m[22m[2m | [22m[1m[32m1 passed[39m[22m[90m (2)[39m
[2m      Tests [22m [1m[31m1 failed[39m[22m[2m | [22m[1m[32m9 passed[39m[22m[90m (10)[39m
[2m   Start at [22m 18:08:43
[2m   Duration [22m 1.11s

[1m[42m PASS [49m[22m [32mWaiting for file changes...[39m
       [2mpress [22m[1mh[22m[2m to show help[22m[2m, [22m[2mpress [22m[1mq[22m[2m to quit[22m
c[3J[1m[44m RERUN [49m[22m [34m[2msrc/test/use-calculator-store.test.ts [22m[34mx9 [34m[39m

 [32mÔ£ô[39m src/test/use-calculator-store.test.ts [2m([22m[2m6 tests[22m[2m)[22m[32m 17[2mms[22m[39m

[2m Test Files [22m [1m[32m1 passed[39m[22m[90m (1)[39m
[2m      Tests [22m [1m[32m6 passed[39m[22m[90m (6)[39m
[2m   Start at [22m 18:09:10
[2m   Duration [22m 427ms

[1m[42m PASS [49m[22m [32mWaiting for file changes...[39m
       [2mpress [22m[1mh[22m[2m to show help[22m[2m, [22m[2mpress [22m[1mq[22m[2m to quit[22m
c[3J[1m[44m RERUN [49m[22m [34m[2msrc/test/SpeedupCalculator.test.tsx [22m[34mx9 [34m[39m

 [32mÔ£ô[39m src/test/SpeedupCalculator.test.tsx [2m([22m[2m6 tests[22m[2m)[22m[32m 243[2mms[22m[39m

[2m Test Files [22m [1m[32m1 passed[39m[22m[90m (1)[39m
[2m      Tests [22m [1m[32m6 passed[39m[22m[90m (6)[39m
[2m   Start at [22m 18:09:14
[2m   Duration [22m 1.18s

[1m[42m PASS [49m[22m [32mWaiting for file changes...[39m
       [2mpress [22m[1mh[22m[2m to show help[22m[2m, [22m[2mpress [22m[1mq[22m[2m to quit[22m
c[3J[1m[44m RERUN [49m[22m [34m[2msrc/translations/en/tips-tricks.json [22m[39m

 [32mÔ£ô[39m src/test/GemsInput.test.tsx [2m([22m[2m6 tests[22m[2m)[22m[32m 197[2mms[22m[39m
 [32mÔ£ô[39m src/test/ChallengeMissionButton.test.tsx [2m([22m[2m4 tests[22m[2m)[22m[33m 683[2mms[22m[39m
     [33m[2mÔ£ô[22m[39m shows inactive state when mission is not completed [33m 512[2mms[22m[39m
 [32mÔ£ô[39m src/test/App.test.tsx [2m([22m[2m2 tests[22m[2m)[22m[33m 1215[2mms[22m[39m
     [33m[2mÔ£ô[22m[39m renders the header [33m 796[2mms[22m[39m
     [33m[2mÔ£ô[22m[39m renders the target selection section [33m 416[2mms[22m[39m
 [32mÔ£ô[39m src/test/MissionsGrid.test.tsx [2m([22m[2m6 tests[22m[2m)[22m[33m 572[2mms[22m[39m
 [32mÔ£ô[39m src/test/SpeedupInputs.test.tsx [2m([22m[2m7 tests[22m[2m)[22m[32m 286[2mms[22m[39m
 [32mÔ£ô[39m src/test/SpeedupCalculator.test.tsx [2m([22m[2m6 tests[22m[2m)[22m[32m 210[2mms[22m[39m
 [32mÔ£ô[39m src/test/use-calculator-store.test.ts [2m([22m[2m6 tests[22m[2m)[22m[32m 16[2mms[22m[39m
 [32mÔ£ô[39m src/test/utils.test.ts [2m([22m[2m8 tests[22m[2m)[22m[32m 9[2mms[22m[39m
 [32mÔ£ô[39m src/test/ChallengeTotal.test.tsx [2m([22m[2m4 tests[22m[2m)[22m[32m 100[2mms[22m[39m
 [32mÔ£ô[39m src/test/DailyCard.test.tsx [2m([22m[2m5 tests[22m[2m)[22m[32m 174[2mms[22m[39m

[2m Test Files [22m [1m[32m10 passed[39m[22m[90m (10)[39m
[2m      Tests [22m [1m[32m54 passed[39m[22m[90m (54)[39m
[2m   Start at [22m 18:10:25
[2m   Duration [22m 20.21s

[1m[42m PASS [49m[22m [32mWaiting for file changes...[39m
       [2mpress [22m[1mh[22m[2m to show help[22m[2m, [22m[2mpress [22m[1mq[22m[2m to quit[22m
c[3J[1m[44m RERUN [49m[22m [34m[2msrc/translations/index.ts [22m[39m

 [32mÔ£ô[39m src/test/SpeedupInputs.test.tsx [2m([22m[2m7 tests[22m[2m)[22m[33m 304[2mms[22m[39m
 [32mÔ£ô[39m src/test/SpeedupCalculator.test.tsx [2m([22m[2m6 tests[22m[2m)[22m[32m 209[2mms[22m[39m
 [32mÔ£ô[39m src/test/MissionsGrid.test.tsx [2m([22m[2m6 tests[22m[2m)[22m[33m 1063[2mms[22m[39m
     [33m[2mÔ£ô[22m[39m renders all three mission cards [33m 392[2mms[22m[39m
 [32mÔ£ô[39m src/test/ChallengeMissionButton.test.tsx [2m([22m[2m4 tests[22m[2m)[22m[33m 585[2mms[22m[39m
     [33m[2mÔ£ô[22m[39m shows inactive state when mission is not completed [33m 381[2mms[22m[39m
 [32mÔ£ô[39m src/test/GemsInput.test.tsx [2m([22m[2m6 tests[22m[2m)[22m[32m 262[2mms[22m[39m
 [32mÔ£ô[39m src/test/App.test.tsx [2m([22m[2m2 tests[22m[2m)[22m[33m 1380[2mms[22m[39m
     [33m[2mÔ£ô[22m[39m renders the header [33m 1194[2mms[22m[39m
 [32mÔ£ô[39m src/test/utils.test.ts [2m([22m[2m8 tests[22m[2m)[22m[32m 10[2mms[22m[39m
 [32mÔ£ô[39m src/test/use-calculator-store.test.ts [2m([22m[2m6 tests[22m[2m)[22m[32m 12[2mms[22m[39m
 [32mÔ£ô[39m src/test/ChallengeTotal.test.tsx [2m([22m[2m4 tests[22m[2m)[22m[32m 65[2mms[22m[39m
 [32mÔ£ô[39m src/test/DailyCard.test.tsx [2m([22m[2m5 tests[22m[2m)[22m[32m 113[2mms[22m[39m

[2m Test Files [22m [1m[32m10 passed[39m[22m[90m (10)[39m
[2m      Tests [22m [1m[32m54 passed[39m[22m[90m (54)[39m
[2m   Start at [22m 18:10:39
[2m   Duration [22m 29.54s

[1m[42m PASS [49m[22m [32mWaiting for file changes...[39m
       [2mpress [22m[1mh[22m[2m to show help[22m[2m, [22m[2mpress [22m[1mq[22m[2m to quit[22m
c[3J[1m[44m RERUN [49m[22m [34m[2msrc/components/requirements/JourneyProgress.tsx [22m[34mx13 [34m[39m

 [32mÔ£ô[39m src/test/App.test.tsx [2m([22m[2m2 tests[22m[2m)[22m[33m 409[2mms[22m[39m
     [33m[2mÔ£ô[22m[39m renders the header [33m 363[2mms[22m[39m

[2m Test Files [22m [1m[32m1 passed[39m[22m[90m (1)[39m
[2m      Tests [22m [1m[32m2 passed[39m[22m[90m (2)[39m
[2m   Start at [22m 18:10:56
[2m   Duration [22m 976ms

[1m[42m PASS [49m[22m [32mWaiting for file changes...[39m
       [2mpress [22m[1mh[22m[2m to show help[22m[2m, [22m[2mpress [22m[1mq[22m[2m to quit[22m
c[3J[1m[44m RERUN [49m[22m [34m[2msrc/translations/index.ts [22m[39m

 [31mÔØ»[39m src/test/ChallengeMissionButton.test.tsx [2m([22m[2m0 test[22m[2m)[22m
 [31mÔØ»[39m src/test/GemsInput.test.tsx [2m([22m[2m0 test[22m[2m)[22m
 [31mÔØ»[39m src/test/SpeedupCalculator.test.tsx [2m([22m[2m0 test[22m[2m)[22m
 [31mÔØ»[39m src/test/SpeedupInputs.test.tsx [2m([22m[2m0 test[22m[2m)[22m
 [31mÔØ»[39m src/test/MissionsGrid.test.tsx [2m([22m[2m0 test[22m[2m)[22m
 [31mÔØ»[39m src/test/App.test.tsx [2m([22m[2m0 test[22m[2m)[22m
 [31mÔØ»[39m src/test/use-calculator-store.test.ts [2m([22m[2m0 test[22m[2m)[22m
 [31mÔØ»[39m src/test/ChallengeTotal.test.tsx [2m([22m[2m0 test[22m[2m)[22m
 [31mÔØ»[39m src/test/utils.test.ts [2m([22m[2m0 test[22m[2m)[22m
 [31mÔØ»[39m src/test/DailyCard.test.tsx [2m([22m[2m0 test[22m[2m)[22m

[31mÔÄ»ÔÄ»ÔÄ»ÔÄ»ÔÄ»ÔÄ»[39m[1m[41m 
Failed Suites 10 
[49m[22m[31mÔÄ»ÔÄ»ÔÄ»ÔÄ»ÔÄ»ÔÄ»[39m

[41m[1m FAIL [22m[49m 
src/test/MissionsGrid.test.tsx[2m [ 
src/test/MissionsGrid.test.tsx ][22m
[41m[1m FAIL [22m[49m 
src/test/SpeedupCalculator.test.tsx[2m 
[ src/test/SpeedupCalculator.test.tsx 
][22m
[41m[1m FAIL [22m[49m 
src/test/App.test.tsx[2m [ 
src/test/App.test.tsx ][22m
[41m[1m FAIL [22m[49m 
src/test/DailyCard.test.tsx[2m [ 
src/test/DailyCard.test.tsx ][22m
[41m[1m FAIL [22m[49m src/test/Challe
ngeMissionButton.test.tsx[2m [ 
src/test/ChallengeMissionButton.test.tsx 
][22m
[41m[1m FAIL [22m[49m 
src/test/GemsInput.test.tsx[2m [ 
src/test/GemsInput.test.tsx ][22m
[41m[1m FAIL [22m[49m 
src/test/SpeedupInputs.test.tsx[2m [ 
src/test/SpeedupInputs.test.tsx ][22m
[41m[1m FAIL [22m[49m 
src/test/ChallengeTotal.test.tsx[2m [ 
src/test/ChallengeTotal.test.tsx ][22m
[41m[1m FAIL [22m[49m src/test/use-ca
lculator-store.test.ts[2m [ 
src/test/use-calculator-store.test.ts 
][22m
[41m[1m FAIL [22m[49m 
src/test/utils.test.ts[2m [ 
src/test/utils.test.ts ][22m
[31m[1mError[22m:   x Expected ';', 
'}' or <eof>
   ,-[C:/Users/Dibey/Documents/gathering-
of-heroes-calculator/src/translations/ind
ex.ts:1:1]
 1 | ,-> ```typescript
 2 | |   import common from 
'./en/common.json';
 3 | |   /*
 4 | |   # Elimination of 'any' and 
Magic Strings from Translation System
 5 | |   
 6 | |-> The goal is to remove all 
instances of `any` and ` as any` from 
the project to ensure strict type 
safety, and to implement a central 
dictionary for translation keys to avoid 
magic strings, as requested by the user.
   : `---                                
        ^^^
   : `---- This is the expression part 
of an expression statement
 7 |     
 8 |     ## Proposed Changes
 8 |     
   `----


Caused by:
    Syntax Error[39m
  Plugin: [35mvite:react-swc[39m
  File: [36mC:/Users/Dibey/Documents/gat
hering-of-heroes-calculator/src/translati
ons/index.ts[39m
[31m[2mÔÄ»ÔÄ»ÔÄ»ÔÄ»ÔÄ»ÔÄ»ÔÄ»ÔÄ»ÔÄ»ÔÄ»ÔÄ
»ÔÄ»ÔÄ»ÔÄ»ÔÄ»ÔÄ»ÔÄ»ÔÄ»ÔÄ»ÔÄ»ÔÄ»ÔÄ»ÔÄ»[1/1
0]ÔÄ»[22m[39m


[2m Test Files [22m [1m[31m10 failed[39m[22m[90m (10)[39m
[2m      Tests [22m [2mno tests[22m
[2m   Start at [22m 18:17:02
[2m   Duration [22m 5.20s

[1m[41m FAIL [49m[22m [31mTests failed. Watching for file changes...[39m
       [2mpress [22m[1mh[22m[2m to show help[22m[2m, [22m[2mpress [22m[1mq[22m[2m to quit[22m
c[3J[1m[44m RERUN [49m[22m [34m[2msrc/translations/index.ts [22m[39m

 [32mÔ£ô[39m src/test/SpeedupCalculator.test.tsx [2m([22m[2m6 tests[22m[2m)[22m[32m 165[2mms[22m[39m
 [32mÔ£ô[39m src/test/DailyCard.test.tsx [2m([22m[2m5 tests[22m[2m)[22m[33m 391[2mms[22m[39m
 [32mÔ£ô[39m src/test/GemsInput.test.tsx [2m([22m[2m6 tests[22m[2m)[22m[33m 354[2mms[22m[39m
 [32mÔ£ô[39m src/test/MissionsGrid.test.tsx [2m([22m[2m6 tests[22m[2m)[22m[33m 990[2mms[22m[39m
     [33m[2mÔ£ô[22m[39m renders all three mission cards [33m 351[2mms[22m[39m
 [32mÔ£ô[39m src/test/App.test.tsx [2m([22m[2m2 tests[22m[2m)[22m[33m 997[2mms[22m[39m
     [33m[2mÔ£ô[22m[39m renders the header [33m 768[2mms[22m[39m
 [32mÔ£ô[39m src/test/ChallengeMissionButton.test.tsx [2m([22m[2m4 tests[22m[2m)[22m[33m 667[2mms[22m[39m
     [33m[2mÔ£ô[22m[39m shows inactive state when mission is not completed [33m 484[2mms[22m[39m
 [32mÔ£ô[39m src/test/utils.test.ts [2m([22m[2m8 tests[22m[2m)[22m[32m 9[2mms[22m[39m
 [32mÔ£ô[39m src/test/use-calculator-store.test.ts [2m([22m[2m6 tests[22m[2m)[22m[32m 15[2mms[22m[39m
 [32mÔ£ô[39m src/test/SpeedupInputs.test.tsx [2m([22m[2m7 tests[22m[2m)[22m[32m 226[2mms[22m[39m
 [32mÔ£ô[39m src/test/ChallengeTotal.test.tsx [2m([22m[2m4 tests[22m[2m)[22m[32m 59[2mms[22m[39m

[2m Test Files [22m [1m[32m10 passed[39m[22m[90m (10)[39m
[2m      Tests [22m [1m[32m54 passed[39m[22m[90m (54)[39m
[2m   Start at [22m 18:17:18
[2m   Duration [22m 20.13s

[1m[42m PASS [49m[22m [32mWaiting for file changes...[39m
       [2mpress [22m[1mh[22m[2m to show help[22m[2m, [22m[2mpress [22m[1mq[22m[2m to quit[22m
c[3J[1m[44m RERUN [49m[22m [34m[2msrc/lib/utils.ts [22m[39m

 [32mÔ£ô[39m src/test/DailyCard.test.tsx [2m([22m[2m5 tests[22m[2m)[22m[32m 186[2mms[22m[39m
 [32mÔ£ô[39m src/test/SpeedupInputs.test.tsx [2m([22m[2m7 tests[22m[2m)[22m[32m 225[2mms[22m[39m
 [32mÔ£ô[39m src/test/GemsInput.test.tsx [2m([22m[2m6 tests[22m[2m)[22m[32m 242[2mms[22m[39m
 [32mÔ£ô[39m src/test/MissionsGrid.test.tsx [2m([22m[2m6 tests[22m[2m)[22m[33m 595[2mms[22m[39m
 [32mÔ£ô[39m src/test/ChallengeMissionButton.test.tsx [2m([22m[2m4 tests[22m[2m)[22m[33m 471[2mms[22m[39m
 [32mÔ£ô[39m src/test/App.test.tsx [2m([22m[2m2 tests[22m[2m)[22m[33m 1008[2mms[22m[39m
     [33m[2mÔ£ô[22m[39m renders the header [33m 838[2mms[22m[39m
 [32mÔ£ô[39m src/test/use-calculator-store.test.ts [2m([22m[2m6 tests[22m[2m)[22m[32m 13[2mms[22m[39m
 [32mÔ£ô[39m src/test/utils.test.ts [2m([22m[2m8 tests[22m[2m)[22m[32m 11[2mms[22m[39m
 [32mÔ£ô[39m src/test/ChallengeTotal.test.tsx [2m([22m[2m4 tests[22m[2m)[22m[32m 85[2mms[22m[39m
 [32mÔ£ô[39m src/test/SpeedupCalculator.test.tsx [2m([22m[2m6 tests[22m[2m)[22m[32m 177[2mms[22m[39m

[2m Test Files [22m [1m[32m10 passed[39m[22m[90m (10)[39m
[2m      Tests [22m [1m[32m54 passed[39m[22m[90m (54)[39m
[2m   Start at [22m 18:17:30
[2m   Duration [22m 22.48s

[1m[42m PASS [49m[22m [32mWaiting for file changes...[39m
       [2mpress [22m[1mh[22m[2m to show help[22m[2m, [22m[2mpress [22m[1mq[22m[2m to quit[22m
c[3J[1m[44m RERUN [49m[22m [34m[2msrc/translations/index.ts [22m[39m

 [32mÔ£ô[39m src/test/DailyCard.test.tsx [2m([22m[2m5 tests[22m[2m)[22m[32m 211[2mms[22m[39m
 [32mÔ£ô[39m src/test/SpeedupInputs.test.tsx [2m([22m[2m7 tests[22m[2m)[22m[32m 240[2mms[22m[39m
 [32mÔ£ô[39m src/test/ChallengeMissionButton.test.tsx [2m([22m[2m4 tests[22m[2m)[22m[33m 818[2mms[22m[39m
     [33m[2mÔ£ô[22m[39m shows inactive state when mission is not completed [33m 383[2mms[22m[39m
 [32mÔ£ô[39m src/test/GemsInput.test.tsx [2m([22m[2m6 tests[22m[2m)[22m[32m 290[2mms[22m[39m
 [32mÔ£ô[39m src/test/App.test.tsx [2m([22m[2m2 tests[22m[2m)[22m[33m 1216[2mms[22m[39m
     [33m[2mÔ£ô[22m[39m renders the header [33m 1060[2mms[22m[39m
 [32mÔ£ô[39m src/test/MissionsGrid.test.tsx [2m([22m[2m6 tests[22m[2m)[22m[33m 1047[2mms[22m[39m
     [33m[2mÔ£ô[22m[39m renders all three mission cards [33m 449[2mms[22m[39m
 [32mÔ£ô[39m src/test/use-calculator-store.test.ts [2m([22m[2m6 tests[22m[2m)[22m[32m 16[2mms[22m[39m
 [32mÔ£ô[39m src/test/utils.test.ts [2m([22m[2m8 tests[22m[2m)[22m[32m 9[2mms[22m[39m
 [32mÔ£ô[39m src/test/ChallengeTotal.test.tsx [2m([22m[2m4 tests[22m[2m)[22m[32m 100[2mms[22m[39m
 [32mÔ£ô[39m src/test/SpeedupCalculator.test.tsx [2m([22m[2m6 tests[22m[2m)[22m[32m 180[2mms[22m[39m

[2m Test Files [22m [1m[32m10 passed[39m[22m[90m (10)[39m
[2m      Tests [22m [1m[32m54 passed[39m[22m[90m (54)[39m
[2m   Start at [22m 18:17:43
[2m   Duration [22m 21.68s

[1m[42m PASS [49m[22m [32mWaiting for file changes...[39m
       [2mpress [22m[1mh[22m[2m to show help[22m[2m, [22m[2mpress [22m[1mq[22m[2m to quit[22m
c[3J[1m[44m RERUN [49m[22m [34m[2msrc/components/commander-selection/TierSection.tsx [22m[34mx18 [34m[39m

 [32mÔ£ô[39m src/test/App.test.tsx [2m([22m[2m2 tests[22m[2m)[22m[33m 455[2mms[22m[39m
     [33m[2mÔ£ô[22m[39m renders the header [33m 366[2mms[22m[39m

[2m Test Files [22m [1m[32m1 passed[39m[22m[90m (1)[39m
[2m      Tests [22m [1m[32m2 passed[39m[22m[90m (2)[39m
[2m   Start at [22m 18:17:57
[2m   Duration [22m 1.08s

[1m[42m PASS [49m[22m [32mWaiting for file changes...[39m
       [2mpress [22m[1mh[22m[2m to show help[22m[2m, [22m[2mpress [22m[1mq[22m[2m to quit[22m
c[3J[1m[44m RERUN [49m[22m [34m[2msrc/components/commander-selection/CommanderList.tsx [22m[34mx19 [34m[39m

 [32mÔ£ô[39m src/test/App.test.tsx [2m([22m[2m2 tests[22m[2m)[22m[33m 415[2mms[22m[39m
     [33m[2mÔ£ô[22m[39m renders the header [33m 309[2mms[22m[39m

[2m Test Files [22m [1m[32m1 passed[39m[22m[90m (1)[39m
[2m      Tests [22m [1m[32m2 passed[39m[22m[90m (2)[39m
[2m   Start at [22m 18:18:00
[2m   Duration [22m 905ms

[1m[42m PASS [49m[22m [32mWaiting for file changes...[39m
       [2mpress [22m[1mh[22m[2m to show help[22m[2m, [22m[2mpress [22m[1mq[22m[2m to quit[22m
c[3J[1m[44m RERUN [49m[22m [34m[2msrc/translations/index.ts [22m[39m

 [32mÔ£ô[39m src/test/GemsInput.test.tsx [2m([22m[2m6 tests[22m[2m)[22m[32m 230[2mms[22m[39m
 [32mÔ£ô[39m src/test/SpeedupInputs.test.tsx [2m([22m[2m7 tests[22m[2m)[22m[32m 236[2mms[22m[39m
 [32mÔ£ô[39m src/test/MissionsGrid.test.tsx [2m([22m[2m6 tests[22m[2m)[22m[33m 593[2mms[22m[39m
 [32mÔ£ô[39m src/test/ChallengeMissionButton.test.tsx [2m([22m[2m4 tests[22m[2m)[22m[33m 577[2mms[22m[39m
     [33m[2mÔ£ô[22m[39m shows inactive state when mission is not completed [33m 359[2mms[22m[39m
 [32mÔ£ô[39m src/test/DailyCard.test.tsx [2m([22m[2m5 tests[22m[2m)[22m[32m 220[2mms[22m[39m
 [32mÔ£ô[39m src/test/App.test.tsx [2m([22m[2m2 tests[22m[2m)[22m[33m 1082[2mms[22m[39m
     [33m[2mÔ£ô[22m[39m renders the header [33m 925[2mms[22m[39m
 [32mÔ£ô[39m src/test/use-calculator-store.test.ts [2m([22m[2m6 tests[22m[2m)[22m[32m 19[2mms[22m[39m
 [32mÔ£ô[39m src/test/utils.test.ts [2m([22m[2m8 tests[22m[2m)[22m[32m 14[2mms[22m[39m
 [32mÔ£ô[39m src/test/ChallengeTotal.test.tsx [2m([22m[2m4 tests[22m[2m)[22m[32m 85[2mms[22m[39m
 [32mÔ£ô[39m src/test/SpeedupCalculator.test.tsx [2m([22m[2m6 tests[22m[2m)[22m[32m 135[2mms[22m[39m

[2m Test Files [22m [1m[32m10 passed[39m[22m[90m (10)[39m
[2m      Tests [22m [1m[32m54 passed[39m[22m[90m (54)[39m
[2m   Start at [22m 18:18:16
[2m   Duration [22m 17.60s

[1m[42m PASS [49m[22m [32mWaiting for file changes...[39m
       [2mpress [22m[1mh[22m[2m to show help[22m[2m, [22m[2mpress [22m[1mq[22m[2m to quit[22m
c[3J[1m[44m RERUN [49m[22m [34m[2msrc/components/commander-selection/CommanderList.tsx [22m[34mx21 [34m[39m

 [32mÔ£ô[39m src/test/App.test.tsx [2m([22m[2m2 tests[22m[2m)[22m[33m 430[2mms[22m[39m
     [33m[2mÔ£ô[22m[39m renders the header [33m 369[2mms[22m[39m

[2m Test Files [22m [1m[32m1 passed[39m[22m[90m (1)[39m
[2m      Tests [22m [1m[32m2 passed[39m[22m[90m (2)[39m
[2m   Start at [22m 18:18:30
[2m   Duration [22m 1.14s

[1m[42m PASS [49m[22m [32mWaiting for file changes...[39m
       [2mpress [22m[1mh[22m[2m to show help[22m[2m, [22m[2mpress [22m[1mq[22m[2m to quit[22m
c[3J[1m[44m RERUN [49m[22m [34m[2msrc/components/missions-grid/DailyCard.tsx [22m[39m

 [32mÔ£ô[39m src/test/DailyCard.test.tsx [2m([22m[2m5 tests[22m[2m)[22m[32m 218[2mms[22m[39m
 [32mÔ£ô[39m src/test/MissionsGrid.test.tsx [2m([22m[2m6 tests[22m[2m)[22m[33m 468[2mms[22m[39m
 [32mÔ£ô[39m src/test/App.test.tsx [2m([22m[2m2 tests[22m[2m)[22m[33m 671[2mms[22m[39m
     [33m[2mÔ£ô[22m[39m renders the header [33m 606[2mms[22m[39m

[2m Test Files [22m [1m[32m3 passed[39m[22m[90m (3)[39m
[2m      Tests [22m [1m[32m13 passed[39m[22m[90m (13)[39m
[2m   Start at [22m 18:18:36
[2m   Duration [22m 4.71s

[1m[42m PASS [49m[22m [32mWaiting for file changes...[39m
       [2mpress [22m[1mh[22m[2m to show help[22m[2m, [22m[2mpress [22m[1mq[22m[2m to quit[22m
c[3J[1m[44m RERUN [49m[22m [34m[2msrc/components/missions-grid/GemsInput.tsx [22m[39m

 [32mÔ£ô[39m src/test/GemsInput.test.tsx [2m([22m[2m6 tests[22m[2m)[22m[33m 334[2mms[22m[39m
 [32mÔ£ô[39m src/test/MissionsGrid.test.tsx [2m([22m[2m6 tests[22m[2m)[22m[33m 719[2mms[22m[39m
     [33m[2mÔ£ô[22m[39m renders all three mission cards [33m 320[2mms[22m[39m
 [32mÔ£ô[39m src/test/App.test.tsx [2m([22m[2m2 tests[22m[2m)[22m[33m 852[2mms[22m[39m
     [33m[2mÔ£ô[22m[39m renders the header [33m 785[2mms[22m[39m

[2m Test Files [22m [1m[32m3 passed[39m[22m[90m (3)[39m
[2m      Tests [22m [1m[32m14 passed[39m[22m[90m (14)[39m
[2m   Start at [22m 18:18:43
[2m   Duration [22m 6.75s

[1m[42m PASS [49m[22m [32mWaiting for file changes...[39m
       [2mpress [22m[1mh[22m[2m to show help[22m[2m, [22m[2mpress [22m[1mq[22m[2m to quit[22m
c[3J[1m[44m RERUN [49m[22m [34m[2msrc/components/missions-grid/SpeedupInputs.tsx [22m[39m

 [32mÔ£ô[39m src/test/SpeedupInputs.test.tsx [2m([22m[2m7 tests[22m[2m)[22m[32m 271[2mms[22m[39m
 [32mÔ£ô[39m src/test/MissionsGrid.test.tsx [2m([22m[2m6 tests[22m[2m)[22m[33m 547[2mms[22m[39m
 [32mÔ£ô[39m src/test/App.test.tsx [2m([22m[2m2 tests[22m[2m)[22m[33m 887[2mms[22m[39m
     [33m[2mÔ£ô[22m[39m renders the header [33m 769[2mms[22m[39m

[2m Test Files [22m [1m[32m3 passed[39m[22m[90m (3)[39m
[2m      Tests [22m [1m[32m15 passed[39m[22m[90m (15)[39m
[2m   Start at [22m 18:18:48
[2m   Duration [22m 5.96s

[1m[42m PASS [49m[22m [32mWaiting for file changes...[39m
       [2mpress [22m[1mh[22m[2m to show help[22m[2m, [22m[2mpress [22m[1mq[22m[2m to quit[22m
c[3J[1m[44m RERUN [49m[22m [34m[2msrc/translations/index.ts [22m[39m

 [32mÔ£ô[39m src/test/GemsInput.test.tsx [2m([22m[2m6 tests[22m[2m)[22m[32m 222[2mms[22m[39m
 [32mÔ£ô[39m src/test/ChallengeMissionButton.test.tsx [2m([22m[2m4 tests[22m[2m)[22m[33m 554[2mms[22m[39m
     [33m[2mÔ£ô[22m[39m shows inactive state when mission is not completed [33m 409[2mms[22m[39m
 [32mÔ£ô[39m src/test/DailyCard.test.tsx [2m([22m[2m5 tests[22m[2m)[22m[32m 244[2mms[22m[39m
 [32mÔ£ô[39m src/test/SpeedupInputs.test.tsx [2m([22m[2m7 tests[22m[2m)[22m[33m 330[2mms[22m[39m
 [32mÔ£ô[39m src/test/App.test.tsx [2m([22m[2m2 tests[22m[2m)[22m[33m 1540[2mms[22m[39m
     [33m[2mÔ£ô[22m[39m renders the header [33m 1354[2mms[22m[39m
 [32mÔ£ô[39m src/test/MissionsGrid.test.tsx [2m([22m[2m6 tests[22m[2m)[22m[33m 553[2mms[22m[39m
 [32mÔ£ô[39m src/test/use-calculator-store.test.ts [2m([22m[2m6 tests[22m[2m)[22m[32m 16[2mms[22m[39m
 [32mÔ£ô[39m src/test/utils.test.ts [2m([22m[2m8 tests[22m[2m)[22m[32m 9[2mms[22m[39m
 [32mÔ£ô[39m src/test/ChallengeTotal.test.tsx [2m([22m[2m4 tests[22m[2m)[22m[32m 119[2mms[22m[39m
 [32mÔ£ô[39m src/test/SpeedupCalculator.test.tsx [2m([22m[2m6 tests[22m[2m)[22m[32m 87[2mms[22m[39m

[2m Test Files [22m [1m[32m10 passed[39m[22m[90m (10)[39m
[2m      Tests [22m [1m[32m54 passed[39m[22m[90m (54)[39m
[2m   Start at [22m 18:19:08
[2m   Duration [22m 21.14s

[1m[42m PASS [49m[22m [32mWaiting for file changes...[39m
       [2mpress [22m[1mh[22m[2m to show help[22m[2m, [22m[2mpress [22m[1mq[22m[2m to quit[22m
c[3J[1m[44m RERUN [49m[22m [34m[2msrc/translations/index.ts [22m[39m

 [32mÔ£ô[39m src/test/DailyCard.test.tsx [2m([22m[2m5 tests[22m[2m)[22m[32m 213[2mms[22m[39m
 [32mÔ£ô[39m src/test/SpeedupInputs.test.tsx [2m([22m[2m7 tests[22m[2m)[22m[32m 283[2mms[22m[39m
 [32mÔ£ô[39m src/test/GemsInput.test.tsx [2m([22m[2m6 tests[22m[2m)[22m[32m 231[2mms[22m[39m
 [32mÔ£ô[39m src/test/ChallengeMissionButton.test.tsx [2m([22m[2m4 tests[22m[2m)[22m[33m 847[2mms[22m[39m
     [33m[2mÔ£ô[22m[39m shows inactive state when mission is not completed [33m 571[2mms[22m[39m
 [32mÔ£ô[39m src/test/MissionsGrid.test.tsx [2m([22m[2m6 tests[22m[2m)[22m[33m 788[2mms[22m[39m
 [32mÔ£ô[39m src/test/App.test.tsx [2m([22m[2m2 tests[22m[2m)[22m[33m 1405[2mms[22m[39m
     [33m[2mÔ£ô[22m[39m renders the header [33m 1223[2mms[22m[39m
 [32mÔ£ô[39m src/test/use-calculator-store.test.ts [2m([22m[2m6 tests[22m[2m)[22m[32m 14[2mms[22m[39m
 [32mÔ£ô[39m src/test/utils.test.ts [2m([22m[2m8 tests[22m[2m)[22m[32m 14[2mms[22m[39m
 [32mÔ£ô[39m src/test/ChallengeTotal.test.tsx [2m([22m[2m4 tests[22m[2m)[22m[32m 107[2mms[22m[39m
 [32mÔ£ô[39m src/test/SpeedupCalculator.test.tsx [2m([22m[2m6 tests[22m[2m)[22m[32m 214[2mms[22m[39m

[2m Test Files [22m [1m[32m10 passed[39m[22m[90m (10)[39m
[2m      Tests [22m [1m[32m54 passed[39m[22m[90m (54)[39m
[2m   Start at [22m 18:19:23
[2m   Duration [22m 22.08s

[1m[42m PASS [49m[22m [32mWaiting for file changes...[39m
       [2mpress [22m[1mh[22m[2m to show help[22m[2m, [22m[2mpress [22m[1mq[22m[2m to quit[22m
c[3J[1m[44m RERUN [49m[22m [34m[2msrc/components/missions-grid/ChallengeCard.tsx [22m[39m

 [32mÔ£ô[39m src/test/MissionsGrid.test.tsx [2m([22m[2m6 tests[22m[2m)[22m[33m 423[2mms[22m[39m
 [32mÔ£ô[39m src/test/App.test.tsx [2m([22m[2m2 tests[22m[2m)[22m[33m 697[2mms[22m[39m
     [33m[2mÔ£ô[22m[39m renders the header [33m 570[2mms[22m[39m

[2m Test Files [22m [1m[32m2 passed[39m[22m[90m (2)[39m
[2m      Tests [22m [1m[32m8 passed[39m[22m[90m (8)[39m
[2m   Start at [22m 18:19:37
[2m   Duration [22m 2.97s

[1m[42m PASS [49m[22m [32mWaiting for file changes...[39m
       [2mpress [22m[1mh[22m[2m to show help[22m[2m, [22m[2mpress [22m[1mq[22m[2m to quit[22m
c[3J[1m[44m RERUN [49m[22m [34m[2msrc/components/missions-grid/RepeatableCard.tsx [22m[39m

 [32mÔ£ô[39m src/test/MissionsGrid.test.tsx [2m([22m[2m6 tests[22m[2m)[22m[32m 191[2mms[22m[39m
 [32mÔ£ô[39m src/test/App.test.tsx [2m([22m[2m2 tests[22m[2m)[22m[33m 335[2mms[22m[39m

[2m Test Files [22m [1m[32m2 passed[39m[22m[90m (2)[39m
[2m      Tests [22m [1m[32m8 passed[39m[22m[90m (8)[39m
[2m   Start at [22m 18:19:41
[2m   Duration [22m 1.39s

[1m[42m PASS [49m[22m [32mWaiting for file changes...[39m
       [2mpress [22m[1mh[22m[2m to show help[22m[2m, [22m[2mpress [22m[1mq[22m[2m to quit[22m
c[3J[1m[44m RERUN [49m[22m [34m[2msrc/translations/en/missions-grid.json [22m[39m

 [32mÔ£ô[39m src/test/DailyCard.test.tsx [2m([22m[2m5 tests[22m[2m)[22m[32m 264[2mms[22m[39m
 [32mÔ£ô[39m src/test/SpeedupInputs.test.tsx [2m([22m[2m7 tests[22m[2m)[22m[33m 466[2mms[22m[39m
 [32mÔ£ô[39m src/test/ChallengeMissionButton.test.tsx [2m([22m[2m4 tests[22m[2m)[22m[33m 771[2mms[22m[39m
     [33m[2mÔ£ô[22m[39m shows inactive state when mission is not completed [33m 452[2mms[22m[39m
 [32mÔ£ô[39m src/test/SpeedupCalculator.test.tsx [2m([22m[2m6 tests[22m[2m)[22m[32m 212[2mms[22m[39m
 [32mÔ£ô[39m src/test/App.test.tsx [2m([22m[2m2 tests[22m[2m)[22m[33m 1338[2mms[22m[39m
     [33m[2mÔ£ô[22m[39m renders the header [33m 1160[2mms[22m[39m
 [32mÔ£ô[39m src/test/GemsInput.test.tsx [2m([22m[2m6 tests[22m[2m)[22m[32m 261[2mms[22m[39m
 [32mÔ£ô[39m src/test/use-calculator-store.test.ts [2m([22m[2m6 tests[22m[2m)[22m[32m 15[2mms[22m[39m
 [32mÔ£ô[39m src/test/utils.test.ts [2m([22m[2m8 tests[22m[2m)[22m[32m 9[2mms[22m[39m
 [32mÔ£ô[39m src/test/ChallengeTotal.test.tsx [2m([22m[2m4 tests[22m[2m)[22m[32m 82[2mms[22m[39m
 [32mÔ£ô[39m src/test/MissionsGrid.test.tsx [2m([22m[2m6 tests[22m[2m)[22m[33m 804[2mms[22m[39m

[2m Test Files [22m [1m[32m10 passed[39m[22m[90m (10)[39m
[2m      Tests [22m [1m[32m54 passed[39m[22m[90m (54)[39m
[2m   Start at [22m 18:19:47
[2m   Duration [22m 24.16s

[1m[42m PASS [49m[22m [32mWaiting for file changes...[39m
       [2mpress [22m[1mh[22m[2m to show help[22m[2m, [22m[2mpress [22m[1mq[22m[2m to quit[22m
c[3J[1m[44m RERUN [49m[22m [34m[2msrc/translations/index.ts [22m[39m

 [32mÔ£ô[39m src/test/SpeedupInputs.test.tsx [2m([22m[2m7 tests[22m[2m)[22m[33m 343[2mms[22m[39m
 [32mÔ£ô[39m src/test/DailyCard.test.tsx [2m([22m[2m5 tests[22m[2m)[22m[32m 237[2mms[22m[39m
 [32mÔ£ô[39m src/test/MissionsGrid.test.tsx [2m([22m[2m6 tests[22m[2m)[22m[33m 706[2mms[22m[39m
 [32mÔ£ô[39m src/test/App.test.tsx [2m([22m[2m2 tests[22m[2m)[22m[33m 1163[2mms[22m[39m
     [33m[2mÔ£ô[22m[39m renders the header [33m 962[2mms[22m[39m
 [32mÔ£ô[39m src/test/GemsInput.test.tsx [2m([22m[2m6 tests[22m[2m)[22m[33m 345[2mms[22m[39m
 [32mÔ£ô[39m src/test/ChallengeMissionButton.test.tsx [2m([22m[2m4 tests[22m[2m)[22m[33m 612[2mms[22m[39m
     [33m[2mÔ£ô[22m[39m shows inactive state when mission is not completed [33m 393[2mms[22m[39m
 [32mÔ£ô[39m src/test/use-calculator-store.test.ts [2m([22m[2m6 tests[22m[2m)[22m[32m 17[2mms[22m[39m
 [32mÔ£ô[39m src/test/utils.test.ts [2m([22m[2m8 tests[22m[2m)[22m[32m 5[2mms[22m[39m
 [32mÔ£ô[39m src/test/ChallengeTotal.test.tsx [2m([22m[2m4 tests[22m[2m)[22m[32m 80[2mms[22m[39m
 [32mÔ£ô[39m src/test/SpeedupCalculator.test.tsx [2m([22m[2m6 tests[22m[2m)[22m[32m 206[2mms[22m[39m

[2m Test Files [22m [1m[32m10 passed[39m[22m[90m (10)[39m
[2m      Tests [22m [1m[32m54 passed[39m[22m[90m (54)[39m
[2m   Start at [22m 18:20:02
[2m   Duration [22m 22.44s

[1m[42m PASS [49m[22m [32mWaiting for file changes...[39m
       [2mpress [22m[1mh[22m[2m to show help[22m[2m, [22m[2mpress [22m[1mq[22m[2m to quit[22m
c[3J[1m[44m RERUN [49m[22m [34m[2msrc/components/missions-grid/ChallengeTotal.tsx [22m[39m

 [32mÔ£ô[39m src/test/SpeedupCalculator.test.tsx [2m([22m[2m6 tests[22m[2m)[22m[32m 191[2mms[22m[39m
 [32mÔ£ô[39m src/test/ChallengeTotal.test.tsx [2m([22m[2m4 tests[22m[2m)[22m[32m 100[2mms[22m[39m
 [32mÔ£ô[39m src/test/App.test.tsx [2m([22m[2m2 tests[22m[2m)[22m[33m 919[2mms[22m[39m
     [33m[2mÔ£ô[22m[39m renders the header [33m 755[2mms[22m[39m
 [32mÔ£ô[39m src/test/MissionsGrid.test.tsx [2m([22m[2m6 tests[22m[2m)[22m[33m 497[2mms[22m[39m
 [32mÔ£ô[39m src/test/ChallengeMissionButton.test.tsx [2m([22m[2m4 tests[22m[2m)[22m[33m 404[2mms[22m[39m

[2m Test Files [22m [1m[32m5 passed[39m[22m[90m (5)[39m
[2m      Tests [22m [1m[32m22 passed[39m[22m[90m (22)[39m
[2m   Start at [22m 18:20:18
[2m   Duration [22m 12.98s

[1m[42m PASS [49m[22m [32mWaiting for file changes...[39m
       [2mpress [22m[1mh[22m[2m to show help[22m[2m, [22m[2mpress [22m[1mq[22m[2m to quit[22m
c[3J[1m[44m RERUN [49m[22m [34m[2msrc/components/requirements/JourneyProgress.tsx [22m[34mx32 [34m[39m

 [32mÔ£ô[39m src/test/App.test.tsx [2m([22m[2m2 tests[22m[2m)[22m[33m 319[2mms[22m[39m

[2m Test Files [22m [1m[32m1 passed[39m[22m[90m (1)[39m
[2m      Tests [22m [1m[32m2 passed[39m[22m[90m (2)[39m
[2m   Start at [22m 18:20:26
[2m   Duration [22m 1.03s

[1m[42m PASS [49m[22m [32mWaiting for file changes...[39m
       [2mpress [22m[1mh[22m[2m to show help[22m[2m, [22m[2mpress [22m[1mq[22m[2m to quit[22m
c[3J[1m[44m RERUN [49m[22m [34m[2msrc/components/GithubActions.tsx [22m[34mx33 [34m[39m

 [31mÔØ»[39m src/test/App.test.tsx [2m([22m[2m2 tests[22m[2m | [22m[31m2 failed[39m[2m)[22m[32m 47[2mms[22m[39m
[31m     [31m├ù[31m renders the header[39m[32m 36[2mms[22m[39m
[31m     [31m├ù[31m renders the target selection section[39m[32m 9[2mms[22m[39m

[31mÔÄ»ÔÄ»ÔÄ»ÔÄ»ÔÄ»ÔÄ»ÔÄ»[39m[1m[41m 
Failed Tests 2 
[49m[22m[31mÔÄ»ÔÄ»ÔÄ»ÔÄ»ÔÄ»ÔÄ»ÔÄ»[39m

[41m[1m FAIL [22m[49m 
src/test/App.test.tsx[2m > [22mApp 
Component[2m > [22mrenders the header
[41m[1m FAIL [22m[49m 
src/test/App.test.tsx[2m > [22mApp 
Component[2m > [22mrenders the target 
selection section
[31m[1mTypeError[22m: Cannot read 
properties of undefined (reading 
'split')[39m
[36m [2mÔØ»[22m t 
src/lib/utils.ts:[2m8:35[22m[39m
    [90m  6| [39m
    [90m  7| [39mexport function 
t(path: TranslationKey, params?: 
Record<string, stringÔÇª
    [90m  8| [39m    [35mconst[39m 
keys [33m=[39m (path [35mas[39m strin
g)[33m.[39m[34msplit[39m([32m'.'[39
m)[33m;[39m
    [90m   | [39m                      
            [31m^[39m
    [90m  9| [39m    [35mlet[39m 
value[33m:[39m unknown [33m=[39m 
en[33m;[39m
    [90m 10| [39m
[90m [2mÔØ»[22m TitleSection src/compo
nents/header/TitleSection.tsx:[2m8:139[
22m[39m
[90m [2mÔØ»[22m 
Object.react_stack_bottom_frame node_modu
les/.pnpm/react-dom@19.2.3_react@19.2.3/n
ode_modules/react-dom/cjs/react-dom-clien
t.development.js:[2m25904:20[22m[39m
[90m [2mÔØ»[22m renderWithHooks node_m
odules/.pnpm/react-dom@19.2.3_react@19.2.
3/node_modules/react-dom/cjs/react-dom-cl
ient.development.js:[2m7662:22[22m[39m
[90m [2mÔØ»[22m 
updateFunctionComponent node_modules/.pnp
m/react-dom@19.2.3_react@19.2.3/node_modu
les/react-dom/cjs/react-dom-client.develo
pment.js:[2m10166:19[22m[39m
[90m [2mÔØ»[22m beginWork node_modules
/.pnpm/react-dom@19.2.3_react@19.2.3/node
_modules/react-dom/cjs/react-dom-client.d
evelopment.js:[2m11778:18[22m[39m
[90m [2mÔØ»[22m runWithFiberInDEV node
_modules/.pnpm/react-dom@19.2.3_react@19.
2.3/node_modules/react-dom/cjs/react-dom-
client.development.js:[2m874:13[22m[39
m
[90m [2mÔØ»[22m performUnitOfWork node
_modules/.pnpm/react-dom@19.2.3_react@19.
2.3/node_modules/react-dom/cjs/react-dom-
client.development.js:[2m17641:22[22m[
39m
[90m [2mÔØ»[22m workLoopSync node_modu
les/.pnpm/react-dom@19.2.3_react@19.2.3/n
ode_modules/react-dom/cjs/react-dom-clien
t.development.js:[2m17469:41[22m[39m
[90m [2mÔØ»[22m renderRootSync node_mo
dules/.pnpm/react-dom@19.2.3_react@19.2.3
/node_modules/react-dom/cjs/react-dom-cli
ent.development.js:[2m17450:11[22m[39m

[31m[2mÔÄ»ÔÄ»ÔÄ»ÔÄ»ÔÄ»ÔÄ»ÔÄ»ÔÄ»ÔÄ»ÔÄ»ÔÄ
»ÔÄ»ÔÄ»ÔÄ»ÔÄ»ÔÄ»ÔÄ»ÔÄ»ÔÄ»ÔÄ»ÔÄ»ÔÄ»ÔÄ»ÔÄ»[
1/2]ÔÄ»[22m[39m


[2m Test Files [22m [1m[31m1 failed[39m[22m[90m (1)[39m
[2m      Tests [22m [1m[31m2 failed[39m[22m[90m (2)[39m
[2m   Start at [22m 18:20:48
[2m   Duration [22m 690ms

[1m[41m FAIL [49m[22m [31mTests failed. Watching for file changes...[39m
       [2mpress [22m[1mh[22m[2m to show help[22m[2m, [22m[2mpress [22m[1mq[22m[2m to quit[22m
c[3J[1m[44m RERUN [49m[22m [34m[2msrc/components/header/TitleSection.tsx [22m[34mx34 [34m[39m

 [31mÔØ»[39m src/test/App.test.tsx [2m([22m[2m2 tests[22m[2m | [22m[31m2 failed[39m[2m)[22m[32m 32[2mms[22m[39m
[31m     [31m├ù[31m renders the header[39m[32m 25[2mms[22m[39m
[31m     [31m├ù[31m renders the target selection section[39m[32m 5[2mms[22m[39m

[31mÔÄ»ÔÄ»ÔÄ»ÔÄ»ÔÄ»ÔÄ»ÔÄ»[39m[1m[41m 
Failed Tests 2 
[49m[22m[31mÔÄ»ÔÄ»ÔÄ»ÔÄ»ÔÄ»ÔÄ»ÔÄ»[39m

[41m[1m FAIL [22m[49m 
src/test/App.test.tsx[2m > [22mApp 
Component[2m > [22mrenders the header
[41m[1m FAIL [22m[49m 
src/test/App.test.tsx[2m > [22mApp 
Component[2m > [22mrenders the target 
selection section
[31m[1mReferenceError[22m: Info is 
not defined[39m
[36m [2mÔØ»[22m Disclaimer src/compone
nts/header/Disclaimer.tsx:[2m9:18[22m[
39m
    [90m  7| [39m        <div 
className="flex flex-col md:flex-row 
md:items-center justÔÇª
    [90m  8| [39m            
[33m<[39m[33mdiv[39m 
[33mclassName[39m[33m=[39m[32m"flex 
items-center gap-3"[39m[33m>[39m
    [90m  9| [39m                
[33m<[39m[33mInfo[39m 
[33mclassName[39m[33m=[39m[32m"w-4 
h-4 shrink-0"[39m [33m/[39m[33m>[39m
    [90m   | [39m                 
[31m^[39m
    [90m 10| [39m                
[33m<[39m[33mp[39m[33m>[39m
    [90m 11| [39m                    [
33m{[39m[34mt[39m([33mT[39m[33m.[3
9mheader[33m.[39mdisclaimer)[33m}[39m
[90m [2mÔØ»[22m 
Object.react_stack_bottom_frame node_modu
les/.pnpm/react-dom@19.2.3_react@19.2.3/n
ode_modules/react-dom/cjs/react-dom-clien
t.development.js:[2m25904:20[22m[39m
[90m [2mÔØ»[22m renderWithHooks node_m
odules/.pnpm/react-dom@19.2.3_react@19.2.
3/node_modules/react-dom/cjs/react-dom-cl
ient.development.js:[2m7662:22[22m[39m
[90m [2mÔØ»[22m 
updateFunctionComponent node_modules/.pnp
m/react-dom@19.2.3_react@19.2.3/node_modu
les/react-dom/cjs/react-dom-client.develo
pment.js:[2m10166:19[22m[39m
[90m [2mÔØ»[22m beginWork node_modules
/.pnpm/react-dom@19.2.3_react@19.2.3/node
_modules/react-dom/cjs/react-dom-client.d
evelopment.js:[2m11778:18[22m[39m
[90m [2mÔØ»[22m runWithFiberInDEV node
_modules/.pnpm/react-dom@19.2.3_react@19.
2.3/node_modules/react-dom/cjs/react-dom-
client.development.js:[2m874:13[22m[39
m
[90m [2mÔØ»[22m performUnitOfWork node
_modules/.pnpm/react-dom@19.2.3_react@19.
2.3/node_modules/react-dom/cjs/react-dom-
client.development.js:[2m17641:22[22m[
39m
[90m [2mÔØ»[22m workLoopSync node_modu
les/.pnpm/react-dom@19.2.3_react@19.2.3/n
ode_modules/react-dom/cjs/react-dom-clien
t.development.js:[2m17469:41[22m[39m
[90m [2mÔØ»[22m renderRootSync node_mo
dules/.pnpm/react-dom@19.2.3_react@19.2.3
/node_modules/react-dom/cjs/react-dom-cli
ent.development.js:[2m17450:11[22m[39m
[90m [2mÔØ»[22m performWorkOnRoot node
_modules/.pnpm/react-dom@19.2.3_react@19.
2.3/node_modules/react-dom/cjs/react-dom-
client.development.js:[2m16583:35[22m[
39m

[31m[2mÔÄ»ÔÄ»ÔÄ»ÔÄ»ÔÄ»ÔÄ»ÔÄ»ÔÄ»ÔÄ»ÔÄ»ÔÄ
»ÔÄ»ÔÄ»ÔÄ»ÔÄ»ÔÄ»ÔÄ»ÔÄ»ÔÄ»ÔÄ»ÔÄ»ÔÄ»ÔÄ»ÔÄ»[
1/2]ÔÄ»[22m[39m


[2m Test Files [22m [1m[31m1 failed[39m[22m[90m (1)[39m
[2m      Tests [22m [1m[31m2 failed[39m[22m[90m (2)[39m
[2m   Start at [22m 18:20:50
[2m   Duration [22m 678ms

[1m[41m FAIL [49m[22m [31mTests failed. Watching for file changes...[39m
       [2mpress [22m[1mh[22m[2m to show help[22m[2m, [22m[2mpress [22m[1mq[22m[2m to quit[22m
c[3J[1m[44m RERUN [49m[22m [34m[2msrc/components/header/Disclaimer.tsx [22m[34mx35 [34m[39m

 [31mÔØ»[39m src/test/App.test.tsx [2m([22m[2m2 tests[22m[2m | [22m[31m2 failed[39m[2m)[22m[32m 39[2mms[22m[39m
[31m     [31m├ù[31m renders the header[39m[32m 33[2mms[22m[39m
[31m     [31m├ù[31m renders the target selection section[39m[32m 4[2mms[22m[39m

[31mÔÄ»ÔÄ»ÔÄ»ÔÄ»ÔÄ»ÔÄ»ÔÄ»[39m[1m[41m 
Failed Tests 2 
[49m[22m[31mÔÄ»ÔÄ»ÔÄ»ÔÄ»ÔÄ»ÔÄ»ÔÄ»[39m

[41m[1m FAIL [22m[49m 
src/test/App.test.tsx[2m > [22mApp 
Component[2m > [22mrenders the header
[41m[1m FAIL [22m[49m 
src/test/App.test.tsx[2m > [22mApp 
Component[2m > [22mrenders the target 
selection section
[31m[1mReferenceError[22m: Info is 
not defined[39m
[36m [2mÔØ»[22m Disclaimer src/compone
nts/header/Disclaimer.tsx:[2m9:18[22m[
39m
    [90m  7| [39m        <div 
className="flex flex-col md:flex-row 
md:items-center justÔÇª
    [90m  8| [39m            
[33m<[39m[33mdiv[39m 
[33mclassName[39m[33m=[39m[32m"flex 
items-center gap-3"[39m[33m>[39m
    [90m  9| [39m                
[33m<[39m[33mInfo[39m 
[33mclassName[39m[33m=[39m[32m"w-4 
h-4 shrink-0"[39m [33m/[39m[33m>[39m
    [90m   | [39m                 
[31m^[39m
    [90m 10| [39m                
[33m<[39m[33mp[39m[33m>[39m
    [90m 11| [39m                    [
33m{[39m[34mt[39m([33mT[39m[33m.[3
9mheader[33m.[39mdisclaimer)[33m}[39m
[90m [2mÔØ»[22m 
Object.react_stack_bottom_frame node_modu
les/.pnpm/react-dom@19.2.3_react@19.2.3/n
ode_modules/react-dom/cjs/react-dom-clien
t.development.js:[2m25904:20[22m[39m
[90m [2mÔØ»[22m renderWithHooks node_m
odules/.pnpm/react-dom@19.2.3_react@19.2.
3/node_modules/react-dom/cjs/react-dom-cl
ient.development.js:[2m7662:22[22m[39m
[90m [2mÔØ»[22m 
updateFunctionComponent node_modules/.pnp
m/react-dom@19.2.3_react@19.2.3/node_modu
les/react-dom/cjs/react-dom-client.develo
pment.js:[2m10166:19[22m[39m
[90m [2mÔØ»[22m beginWork node_modules
/.pnpm/react-dom@19.2.3_react@19.2.3/node
_modules/react-dom/cjs/react-dom-client.d
evelopment.js:[2m11778:18[22m[39m
[90m [2mÔØ»[22m runWithFiberInDEV node
_modules/.pnpm/react-dom@19.2.3_react@19.
2.3/node_modules/react-dom/cjs/react-dom-
client.development.js:[2m874:13[22m[39
m
[90m [2mÔØ»[22m performUnitOfWork node
_modules/.pnpm/react-dom@19.2.3_react@19.
2.3/node_modules/react-dom/cjs/react-dom-
client.development.js:[2m17641:22[22m[
39m
[90m [2mÔØ»[22m workLoopSync node_modu
les/.pnpm/react-dom@19.2.3_react@19.2.3/n
ode_modules/react-dom/cjs/react-dom-clien
t.development.js:[2m17469:41[22m[39m
[90m [2mÔØ»[22m renderRootSync node_mo
dules/.pnpm/react-dom@19.2.3_react@19.2.3
/node_modules/react-dom/cjs/react-dom-cli
ent.development.js:[2m17450:11[22m[39m
[90m [2mÔØ»[22m performWorkOnRoot node
_modules/.pnpm/react-dom@19.2.3_react@19.
2.3/node_modules/react-dom/cjs/react-dom-
client.development.js:[2m16583:35[22m[
39m

[31m[2mÔÄ»ÔÄ»ÔÄ»ÔÄ»ÔÄ»ÔÄ»ÔÄ»ÔÄ»ÔÄ»ÔÄ»ÔÄ
»ÔÄ»ÔÄ»ÔÄ»ÔÄ»ÔÄ»ÔÄ»ÔÄ»ÔÄ»ÔÄ»ÔÄ»ÔÄ»ÔÄ»ÔÄ»[
1/2]ÔÄ»[22m[39m


[2m Test Files [22m [1m[31m1 failed[39m[22m[90m (1)[39m
[2m      Tests [22m [1m[31m2 failed[39m[22m[90m (2)[39m
[2m   Start at [22m 18:20:52
[2m   Duration [22m 675ms

[1m[41m FAIL [49m[22m [31mTests failed. Watching for file changes...[39m
       [2mpress [22m[1mh[22m[2m to show help[22m[2m, [22m[2mpress [22m[1mq[22m[2m to quit[22m
c[3J[1m[44m RERUN [49m[22m [34m[2msrc/components/TipsTricks.tsx [22m[34mx36 [34m[39m

 [31mÔØ»[39m src/test/App.test.tsx [2m([22m[2m2 tests[22m[2m | [22m[31m2 failed[39m[2m)[22m[32m 28[2mms[22m[39m
[31m     [31m├ù[31m renders the header[39m[32m 23[2mms[22m[39m
[31m     [31m├ù[31m renders the target selection section[39m[32m 3[2mms[22m[39m

[31mÔÄ»ÔÄ»ÔÄ»ÔÄ»ÔÄ»ÔÄ»ÔÄ»[39m[1m[41m 
Failed Tests 2 
[49m[22m[31mÔÄ»ÔÄ»ÔÄ»ÔÄ»ÔÄ»ÔÄ»ÔÄ»[39m

[41m[1m FAIL [22m[49m 
src/test/App.test.tsx[2m > [22mApp 
Component[2m > [22mrenders the header
[41m[1m FAIL [22m[49m 
src/test/App.test.tsx[2m > [22mApp 
Component[2m > [22mrenders the target 
selection section
[31m[1mReferenceError[22m: Info is 
not defined[39m
[36m [2mÔØ»[22m Disclaimer src/compone
nts/header/Disclaimer.tsx:[2m9:18[22m[
39m
    [90m  7| [39m        <div 
className="flex flex-col md:flex-row 
md:items-center justÔÇª
    [90m  8| [39m            
[33m<[39m[33mdiv[39m 
[33mclassName[39m[33m=[39m[32m"flex 
items-center gap-3"[39m[33m>[39m
    [90m  9| [39m                
[33m<[39m[33mInfo[39m 
[33mclassName[39m[33m=[39m[32m"w-4 
h-4 shrink-0"[39m [33m/[39m[33m>[39m
    [90m   | [39m                 
[31m^[39m
    [90m 10| [39m                
[33m<[39m[33mp[39m[33m>[39m
    [90m 11| [39m                    [
33m{[39m[34mt[39m([33mT[39m[33m.[3
9mheader[33m.[39mdisclaimer)[33m}[39m
[90m [2mÔØ»[22m 
Object.react_stack_bottom_frame node_modu
les/.pnpm/react-dom@19.2.3_react@19.2.3/n
ode_modules/react-dom/cjs/react-dom-clien
t.development.js:[2m25904:20[22m[39m
[90m [2mÔØ»[22m renderWithHooks node_m
odules/.pnpm/react-dom@19.2.3_react@19.2.
3/node_modules/react-dom/cjs/react-dom-cl
ient.development.js:[2m7662:22[22m[39m
[90m [2mÔØ»[22m 
updateFunctionComponent node_modules/.pnp
m/react-dom@19.2.3_react@19.2.3/node_modu
les/react-dom/cjs/react-dom-client.develo
pment.js:[2m10166:19[22m[39m
[90m [2mÔØ»[22m beginWork node_modules
/.pnpm/react-dom@19.2.3_react@19.2.3/node
_modules/react-dom/cjs/react-dom-client.d
evelopment.js:[2m11778:18[22m[39m
[90m [2mÔØ»[22m runWithFiberInDEV node
_modules/.pnpm/react-dom@19.2.3_react@19.
2.3/node_modules/react-dom/cjs/react-dom-
client.development.js:[2m874:13[22m[39
m
[90m [2mÔØ»[22m performUnitOfWork node
_modules/.pnpm/react-dom@19.2.3_react@19.
2.3/node_modules/react-dom/cjs/react-dom-
client.development.js:[2m17641:22[22m[
39m
[90m [2mÔØ»[22m workLoopSync node_modu
les/.pnpm/react-dom@19.2.3_react@19.2.3/n
ode_modules/react-dom/cjs/react-dom-clien
t.development.js:[2m17469:41[22m[39m
[90m [2mÔØ»[22m renderRootSync node_mo
dules/.pnpm/react-dom@19.2.3_react@19.2.3
/node_modules/react-dom/cjs/react-dom-cli
ent.development.js:[2m17450:11[22m[39m
[90m [2mÔØ»[22m performWorkOnRoot node
_modules/.pnpm/react-dom@19.2.3_react@19.
2.3/node_modules/react-dom/cjs/react-dom-
client.development.js:[2m16583:35[22m[
39m

[31m[2mÔÄ»ÔÄ»ÔÄ»ÔÄ»ÔÄ»ÔÄ»ÔÄ»ÔÄ»ÔÄ»ÔÄ»ÔÄ
»ÔÄ»ÔÄ»ÔÄ»ÔÄ»ÔÄ»ÔÄ»ÔÄ»ÔÄ»ÔÄ»ÔÄ»ÔÄ»ÔÄ»ÔÄ»[
1/2]ÔÄ»[22m[39m


[2m Test Files [22m [1m[31m1 failed[39m[22m[90m (1)[39m
[2m      Tests [22m [1m[31m2 failed[39m[22m[90m (2)[39m
[2m   Start at [22m 18:20:55
[2m   Duration [22m 566ms

[1m[41m FAIL [49m[22m [31mTests failed. Watching for file changes...[39m
       [2mpress [22m[1mh[22m[2m to show help[22m[2m, [22m[2mpress [22m[1mq[22m[2m to quit[22m
c[3J[1m[44m RERUN [49m[22m [34m[2msrc/translations/index.ts [22m[39m

 [32mÔ£ô[39m src/test/DailyCard.test.tsx [2m([22m[2m5 tests[22m[2m)[22m[32m 163[2mms[22m[39m
 [32mÔ£ô[39m src/test/ChallengeMissionButton.test.tsx [2m([22m[2m4 tests[22m[2m)[22m[33m 608[2mms[22m[39m
     [33m[2mÔ£ô[22m[39m shows inactive state when mission is not completed [33m 345[2mms[22m[39m
 [32mÔ£ô[39m src/test/GemsInput.test.tsx [2m([22m[2m6 tests[22m[2m)[22m[32m 196[2mms[22m[39m
 [32mÔ£ô[39m src/test/SpeedupInputs.test.tsx [2m([22m[2m7 tests[22m[2m)[22m[32m 244[2mms[22m[39m
 [32mÔ£ô[39m src/test/App.test.tsx [2m([22m[2m2 tests[22m[2m)[22m[33m 1306[2mms[22m[39m
     [33m[2mÔ£ô[22m[39m renders the header [33m 1125[2mms[22m[39m
 [32mÔ£ô[39m src/test/MissionsGrid.test.tsx [2m([22m[2m6 tests[22m[2m)[22m[33m 491[2mms[22m[39m
 [32mÔ£ô[39m src/test/utils.test.ts [2m([22m[2m8 tests[22m[2m)[22m[32m 11[2mms[22m[39m
 [32mÔ£ô[39m src/test/use-calculator-store.test.ts [2m([22m[2m6 tests[22m[2m)[22m[32m 15[2mms[22m[39m
 [32mÔ£ô[39m src/test/SpeedupCalculator.test.tsx [2m([22m[2m6 tests[22m[2m)[22m[32m 133[2mms[22m[39m
 [32mÔ£ô[39m src/test/ChallengeTotal.test.tsx [2m([22m[2m4 tests[22m[2m)[22m[32m 69[2mms[22m[39m

[2m Test Files [22m [1m[32m10 passed[39m[22m[90m (10)[39m
[2m      Tests [22m [1m[32m54 passed[39m[22m[90m (54)[39m
[2m   Start at [22m 18:21:13
[2m   Duration [22m 20.16s

[1m[42m PASS [49m[22m [32mWaiting for file changes...[39m
       [2mpress [22m[1mh[22m[2m to show help[22m[2m, [22m[2mpress [22m[1mq[22m[2m to quit[22m
c[3J[1m[44m RERUN [49m[22m [34m[2msrc/components/header/Disclaimer.tsx [22m[34mx38 [34m[39m

 [32mÔ£ô[39m src/test/App.test.tsx [2m([22m[2m2 tests[22m[2m)[22m[33m 500[2mms[22m[39m
     [33m[2mÔ£ô[22m[39m renders the header [33m 417[2mms[22m[39m

[2m Test Files [22m [1m[32m1 passed[39m[22m[90m (1)[39m
[2m      Tests [22m [1m[32m2 passed[39m[22m[90m (2)[39m
[2m   Start at [22m 18:21:26
[2m   Duration [22m 1.24s

[1m[42m PASS [49m[22m [32mWaiting for file changes...[39m
       [2mpress [22m[1mh[22m[2m to show help[22m[2m, [22m[2mpress [22m[1mq[22m[2m to quit[22m
c[3J[1m[44m RERUN [49m[22m [34m[2msrc/test/DailyCard.test.tsx [22m[34mx23 [34m[39m

 [32mÔ£ô[39m src/test/DailyCard.test.tsx [2m([22m[2m5 tests[22m[2m)[22m[32m 97[2mms[22m[39m

[2m Test Files [22m [1m[32m1 passed[39m[22m[90m (1)[39m
[2m      Tests [22m [1m[32m5 passed[39m[22m[90m (5)[39m
[2m   Start at [22m 18:22:03
[2m   Duration [22m 650ms

[1m[42m PASS [49m[22m [32mWaiting for file changes...[39m
       [2mpress [22m[1mh[22m[2m to show help[22m[2m, [22m[2mpress [22m[1mq[22m[2m to quit[22m
c[3J[1m[44m RERUN [49m[22m [34m[2msrc/test/GemsInput.test.tsx [22m[34mx24 [34m[39m

 [32mÔ£ô[39m src/test/GemsInput.test.tsx [2m([22m[2m6 tests[22m[2m)[22m[32m 119[2mms[22m[39m

[2m Test Files [22m [1m[32m1 passed[39m[22m[90m (1)[39m
[2m      Tests [22m [1m[32m6 passed[39m[22m[90m (6)[39m
[2m   Start at [22m 18:22:22
[2m   Duration [22m 706ms

[1m[42m PASS [49m[22m [32mWaiting for file changes...[39m
       [2mpress [22m[1mh[22m[2m to show help[22m[2m, [22m[2mpress [22m[1mq[22m[2m to quit[22m
c[3J[1m[44m RERUN [49m[22m [34m[2msrc/test/SpeedupInputs.test.tsx [22m[34mx23 [34m[39m

 [32mÔ£ô[39m src/test/SpeedupInputs.test.tsx [2m([22m[2m7 tests[22m[2m)[22m[32m 146[2mms[22m[39m

[2m Test Files [22m [1m[32m1 passed[39m[22m[90m (1)[39m
[2m      Tests [22m [1m[32m7 passed[39m[22m[90m (7)[39m
[2m   Start at [22m 18:22:24
[2m   Duration [22m 545ms

[1m[42m PASS [49m[22m [32mWaiting for file changes...[39m
       [2mpress [22m[1mh[22m[2m to show help[22m[2m, [22m[2mpress [22m[1mq[22m[2m to quit[22m
c[3J[1m[44m RERUN [49m[22m [34m[2msrc/test/SpeedupCalculator.test.tsx [22m[34mx23 [34m[39m

 [32mÔ£ô[39m src/test/SpeedupCalculator.test.tsx [2m([22m[2m6 tests[22m[2m)[22m[32m 100[2mms[22m[39m

[2m Test Files [22m [1m[32m1 passed[39m[22m[90m (1)[39m
[2m      Tests [22m [1m[32m6 passed[39m[22m[90m (6)[39m
[2m   Start at [22m 18:22:36
[2m   Duration [22m 619ms

[1m[42m PASS [49m[22m [32mWaiting for file changes...[39m
       [2mpress [22m[1mh[22m[2m to show help[22m[2m, [22m[2mpress [22m[1mq[22m[2m to quit[22m
c[3J[1m[44m RERUN [49m[22m [34m[2msrc/test/ChallengeMissionButton.test.tsx [22m[34mx23 [34m[39m

 [32mÔ£ô[39m src/test/ChallengeMissionButton.test.tsx [2m([22m[2m4 tests[22m[2m)[22m[32m 255[2mms[22m[39m

[2m Test Files [22m [1m[32m1 passed[39m[22m[90m (1)[39m
[2m      Tests [22m [1m[32m4 passed[39m[22m[90m (4)[39m
[2m   Start at [22m 18:22:38
[2m   Duration [22m 791ms

[1m[42m PASS [49m[22m [32mWaiting for file changes...[39m
       [2mpress [22m[1mh[22m[2m to show help[22m[2m, [22m[2mpress [22m[1mq[22m[2m to quit[22m
c[3J[1m[44m RERUN [49m[22m [34m[2msrc/test/MissionsGrid.test.tsx [22m[34mx30 [34m[39m

 [32mÔ£ô[39m src/test/MissionsGrid.test.tsx [2m([22m[2m6 tests[22m[2m)[22m[32m 253[2mms[22m[39m

[2m Test Files [22m [1m[32m1 passed[39m[22m[90m (1)[39m
[2m      Tests [22m [1m[32m6 passed[39m[22m[90m (6)[39m
[2m   Start at [22m 18:22:56
[2m   Duration [22m 810ms

[1m[42m PASS [49m[22m [32mWaiting for file changes...[39m
       [2mpress [22m[1mh[22m[2m to show help[22m[2m, [22m[2mpress [22m[1mq[22m[2m to quit[22m
c[3J[1m[44m RERUN [49m[22m [34m[2msrc/test/ChallengeTotal.test.tsx [22m[34mx24 [34m[39m

 [32mÔ£ô[39m src/test/ChallengeTotal.test.tsx [2m([22m[2m4 tests[22m[2m)[22m[32m 36[2mms[22m[39m

[2m Test Files [22m [1m[32m1 passed[39m[22m[90m (1)[39m
[2m      Tests [22m [1m[32m4 passed[39m[22m[90m (4)[39m
[2m   Start at [22m 18:22:58
[2m   Duration [22m 569ms

[1m[42m PASS [49m[22m [32mWaiting for file changes...[39m
       [2mpress [22m[1mh[22m[2m to show help[22m[2m, [22m[2mpress [22m[1mq[22m[2m to quit[22m
c[3J[1m[44m RERUN [49m[22m [34m[2msrc/test/App.test.tsx [22m[34mx39 [34m[39m

 [32mÔ£ô[39m src/test/App.test.tsx [2m([22m[2m2 tests[22m[2m)[22m[33m 433[2mms[22m[39m
     [33m[2mÔ£ô[22m[39m renders the header [33m 373[2mms[22m[39m

[2m Test Files [22m [1m[32m1 passed[39m[22m[90m (1)[39m
[2m      Tests [22m [1m[32m2 passed[39m[22m[90m (2)[39m
[2m   Start at [22m 18:23:11
[2m   Duration [22m 1.05s

[1m[42m PASS [49m[22m [32mWaiting for file changes...[39m
       [2mpress [22m[1mh[22m[2m to show help[22m[2m, [22m[2mpress [22m[1mq[22m[2m to quit[22m
c[3J[1m[44m RERUN [49m[22m [34m[2msrc/test/use-calculator-store.test.ts [22m[34mx22 [34m[39m

 [32mÔ£ô[39m src/test/use-calculator-store.test.ts [2m([22m[2m6 tests[22m[2m)[22m[32m 9[2mms[22m[39m

[2m Test Files [22m [1m[32m1 passed[39m[22m[90m (1)[39m
[2m      Tests [22m [1m[32m6 passed[39m[22m[90m (6)[39m
[2m   Start at [22m 18:23:13
[2m   Duration [22m 188ms

[1m[42m PASS [49m[22m [32mWaiting for file changes...[39m
       [2mpress [22m[1mh[22m[2m to show help[22m[2m, [22m[2mpress [22m[1mq[22m[2m to quit[22m
c[3J[1m[44m RERUN [49m[22m [34m[2msrc/translations/index.ts [22m[39m

 [32mÔ£ô[39m src/test/SpeedupCalculator.test.tsx [2m([22m[2m6 tests[22m[2m)[22m[32m 193[2mms[22m[39m
 [32mÔ£ô[39m src/test/GemsInput.test.tsx [2m([22m[2m6 tests[22m[2m)[22m[32m 247[2mms[22m[39m
 [32mÔ£ô[39m src/test/SpeedupInputs.test.tsx [2m([22m[2m7 tests[22m[2m)[22m[33m 351[2mms[22m[39m
 [32mÔ£ô[39m src/test/ChallengeMissionButton.test.tsx [2m([22m[2m4 tests[22m[2m)[22m[33m 859[2mms[22m[39m
     [33m[2mÔ£ô[22m[39m shows inactive state when mission is not completed [33m 604[2mms[22m[39m
 [32mÔ£ô[39m src/test/MissionsGrid.test.tsx [2m([22m[2m6 tests[22m[2m)[22m[33m 687[2mms[22m[39m
 [32mÔ£ô[39m src/test/App.test.tsx [2m([22m[2m2 tests[22m[2m)[22m[33m 1336[2mms[22m[39m
     [33m[2mÔ£ô[22m[39m renders the header [33m 1167[2mms[22m[39m
 [32mÔ£ô[39m src/test/utils.test.ts [2m([22m[2m8 tests[22m[2m)[22m[32m 10[2mms[22m[39m
 [32mÔ£ô[39m src/test/use-calculator-store.test.ts [2m([22m[2m6 tests[22m[2m)[22m[32m 16[2mms[22m[39m
 [32mÔ£ô[39m src/test/ChallengeTotal.test.tsx [2m([22m[2m4 tests[22m[2m)[22m[32m 112[2mms[22m[39m
 [32mÔ£ô[39m src/test/DailyCard.test.tsx [2m([22m[2m5 tests[22m[2m)[22m[32m 291[2mms[22m[39m

[2m Test Files [22m [1m[32m10 passed[39m[22m[90m (10)[39m
[2m      Tests [22m [1m[32m54 passed[39m[22m[90m (54)[39m
[2m   Start at [22m 18:26:01
[2m   Duration [22m 36.90s

[1m[42m PASS [49m[22m [32mWaiting for file changes...[39m
       [2mpress [22m[1mh[22m[2m to show help[22m[2m, [22m[2mpress [22m[1mq[22m[2m to quit[22m
c[3J[1m[44m RERUN [49m[22m [34m[2msrc/components/commander-selection/CategoryTabs.tsx [22m[34mx41 [34m[39m

 [32mÔ£ô[39m src/test/App.test.tsx [2m([22m[2m2 tests[22m[2m)[22m[33m 1195[2mms[22m[39m
     [33m[2mÔ£ô[22m[39m renders the header [33m 945[2mms[22m[39m

[2m Test Files [22m [1m[32m1 passed[39m[22m[90m (1)[39m
[2m      Tests [22m [1m[32m2 passed[39m[22m[90m (2)[39m
[2m   Start at [22m 18:31:32
[2m   Duration [22m 2.59s

[1m[42m PASS [49m[22m [32mWaiting for file changes...[39m
       [2mpress [22m[1mh[22m[2m to show help[22m[2m, [22m[2mpress [22m[1mq[22m[2m to quit[22m
c[3J[1m[44m RERUN [49m[22m [34m[2msrc/components/missions-grid/SpeedupInputs.tsx [22m[39m

 [32mÔ£ô[39m src/test/SpeedupInputs.test.tsx [2m([22m[2m7 tests[22m[2m)[22m[32m 288[2mms[22m[39m
 [32mÔ£ô[39m src/test/MissionsGrid.test.tsx [2m([22m[2m6 tests[22m[2m)[22m[33m 662[2mms[22m[39m
 [32mÔ£ô[39m src/test/App.test.tsx [2m([22m[2m2 tests[22m[2m)[22m[33m 1135[2mms[22m[39m
     [33m[2mÔ£ô[22m[39m renders the header [33m 919[2mms[22m[39m

[2m Test Files [22m [1m[32m3 passed[39m[22m[90m (3)[39m
[2m      Tests [22m [1m[32m15 passed[39m[22m[90m (15)[39m
[2m   Start at [22m 18:31:38
[2m   Duration [22m 11.15s

[1m[42m PASS [49m[22m [32mWaiting for file changes...[39m
       [2mpress [22m[1mh[22m[2m to show help[22m[2m, [22m[2mpress [22m[1mq[22m[2m to quit[22m
c[3J[1m[44m RERUN [49m[22m [34m[2msrc/components/missions-grid/SpeedupInputs.tsx [22m[39m

 [32mÔ£ô[39m src/test/SpeedupInputs.test.tsx [2m([22m[2m7 tests[22m[2m)[22m[33m 325[2mms[22m[39m
 [32mÔ£ô[39m src/test/MissionsGrid.test.tsx [2m([22m[2m6 tests[22m[2m)[22m[33m 650[2mms[22m[39m
 [32mÔ£ô[39m src/test/App.test.tsx [2m([22m[2m2 tests[22m[2m)[22m[33m 1201[2mms[22m[39m
     [33m[2mÔ£ô[22m[39m renders the header [33m 1002[2mms[22m[39m

[2m Test Files [22m [1m[32m3 passed[39m[22m[90m (3)[39m
[2m      Tests [22m [1m[32m15 passed[39m[22m[90m (15)[39m
[2m   Start at [22m 18:31:47
[2m   Duration [22m 8.69s

[1m[42m PASS [49m[22m [32mWaiting for file changes...[39m
       [2mpress [22m[1mh[22m[2m to show help[22m[2m, [22m[2mpress [22m[1mq[22m[2m to quit[22m
